<?xml version="1.0"?>
<link_info>
   <banner>TI ARM Linker PC v16.9.6.LTS</banner>
   <copyright>Copyright (c) 1996-2017 Texas Instruments Incorporated</copyright>
   <link_time>0x5d3cd672</link_time>
   <link_errors>0x0</link_errors>
   <output_file>adcs_firmware.out</output_file>
   <entry_point>
      <name>_c_int00</name>
      <address>0xe7c0</address>
   </entry_point>
   <input_file_list>
      <input_file id="fl-2">
         <path>.\adcs\hardware-drivers\magnetorquers\</path>
         <kind>object</kind>
         <file>magnetorquers.obj</file>
         <name>magnetorquers.obj</name>
      </input_file>
      <input_file id="fl-3">
         <path>.\adcs\hardware-drivers\temperature\</path>
         <kind>object</kind>
         <file>temp_stts75.obj</file>
         <name>temp_stts75.obj</name>
      </input_file>
      <input_file id="fl-4">
         <path>.\adcs\interfaces\</path>
         <kind>object</kind>
         <file>gpio_interrupt.obj</file>
         <name>gpio_interrupt.obj</name>
      </input_file>
      <input_file id="fl-5">
         <path>.\adcs\system\</path>
         <kind>object</kind>
         <file>blinky.obj</file>
         <name>blinky.obj</name>
      </input_file>
      <input_file id="fl-6">
         <path>.\platform-1224-launchpad\source\</path>
         <kind>object</kind>
         <file>adc.obj</file>
         <name>adc.obj</name>
      </input_file>
      <input_file id="fl-7">
         <path>.\platform-1224-launchpad\source\</path>
         <kind>object</kind>
         <file>can.obj</file>
         <name>can.obj</name>
      </input_file>
      <input_file id="fl-8">
         <path>.\platform-1224-launchpad\source\</path>
         <kind>object</kind>
         <file>crc.obj</file>
         <name>crc.obj</name>
      </input_file>
      <input_file id="fl-9">
         <path>.\platform-1224-launchpad\source\</path>
         <kind>object</kind>
         <file>dabort.obj</file>
         <name>dabort.obj</name>
      </input_file>
      <input_file id="fl-a">
         <path>.\platform-1224-launchpad\source\</path>
         <kind>object</kind>
         <file>dcc.obj</file>
         <name>dcc.obj</name>
      </input_file>
      <input_file id="fl-b">
         <path>.\platform-1224-launchpad\source\</path>
         <kind>object</kind>
         <file>ecap.obj</file>
         <name>ecap.obj</name>
      </input_file>
      <input_file id="fl-c">
         <path>.\platform-1224-launchpad\source\</path>
         <kind>object</kind>
         <file>eqep.obj</file>
         <name>eqep.obj</name>
      </input_file>
      <input_file id="fl-d">
         <path>.\platform-1224-launchpad\source\</path>
         <kind>object</kind>
         <file>esm.obj</file>
         <name>esm.obj</name>
      </input_file>
      <input_file id="fl-e">
         <path>.\platform-1224-launchpad\source\</path>
         <kind>object</kind>
         <file>etpwm.obj</file>
         <name>etpwm.obj</name>
      </input_file>
      <input_file id="fl-f">
         <path>.\platform-1224-launchpad\source\</path>
         <kind>object</kind>
         <file>gio.obj</file>
         <name>gio.obj</name>
      </input_file>
      <input_file id="fl-10">
         <path>.\platform-1224-launchpad\source\</path>
         <kind>object</kind>
         <file>het.obj</file>
         <name>het.obj</name>
      </input_file>
      <input_file id="fl-11">
         <path>.\platform-1224-launchpad\source\</path>
         <kind>object</kind>
         <file>i2c.obj</file>
         <name>i2c.obj</name>
      </input_file>
      <input_file id="fl-12">
         <path>.\platform-1224-launchpad\source\</path>
         <kind>object</kind>
         <file>lin.obj</file>
         <name>lin.obj</name>
      </input_file>
      <input_file id="fl-13">
         <path>.\platform-1224-launchpad\source\</path>
         <kind>object</kind>
         <file>mibspi.obj</file>
         <name>mibspi.obj</name>
      </input_file>
      <input_file id="fl-14">
         <path>.\platform-1224-launchpad\source\</path>
         <kind>object</kind>
         <file>notification.obj</file>
         <name>notification.obj</name>
      </input_file>
      <input_file id="fl-15">
         <path>.\platform-1224-launchpad\source\</path>
         <kind>object</kind>
         <file>os_croutine.obj</file>
         <name>os_croutine.obj</name>
      </input_file>
      <input_file id="fl-16">
         <path>.\platform-1224-launchpad\source\</path>
         <kind>object</kind>
         <file>os_event_groups.obj</file>
         <name>os_event_groups.obj</name>
      </input_file>
      <input_file id="fl-17">
         <path>.\platform-1224-launchpad\source\</path>
         <kind>object</kind>
         <file>os_heap.obj</file>
         <name>os_heap.obj</name>
      </input_file>
      <input_file id="fl-18">
         <path>.\platform-1224-launchpad\source\</path>
         <kind>object</kind>
         <file>os_list.obj</file>
         <name>os_list.obj</name>
      </input_file>
      <input_file id="fl-19">
         <path>.\platform-1224-launchpad\source\</path>
         <kind>object</kind>
         <file>os_mpu_wrappers.obj</file>
         <name>os_mpu_wrappers.obj</name>
      </input_file>
      <input_file id="fl-1a">
         <path>.\platform-1224-launchpad\source\</path>
         <kind>object</kind>
         <file>os_port.obj</file>
         <name>os_port.obj</name>
      </input_file>
      <input_file id="fl-1b">
         <path>.\platform-1224-launchpad\source\</path>
         <kind>object</kind>
         <file>os_portasm.obj</file>
         <name>os_portasm.obj</name>
      </input_file>
      <input_file id="fl-1c">
         <path>.\platform-1224-launchpad\source\</path>
         <kind>object</kind>
         <file>os_queue.obj</file>
         <name>os_queue.obj</name>
      </input_file>
      <input_file id="fl-1d">
         <path>.\platform-1224-launchpad\source\</path>
         <kind>object</kind>
         <file>os_tasks.obj</file>
         <name>os_tasks.obj</name>
      </input_file>
      <input_file id="fl-1e">
         <path>.\platform-1224-launchpad\source\</path>
         <kind>object</kind>
         <file>os_timer.obj</file>
         <name>os_timer.obj</name>
      </input_file>
      <input_file id="fl-1f">
         <path>.\platform-1224-launchpad\source\</path>
         <kind>object</kind>
         <file>pinmux.obj</file>
         <name>pinmux.obj</name>
      </input_file>
      <input_file id="fl-20">
         <path>.\platform-1224-launchpad\source\</path>
         <kind>object</kind>
         <file>sci.obj</file>
         <name>sci.obj</name>
      </input_file>
      <input_file id="fl-21">
         <path>.\platform-1224-launchpad\source\</path>
         <kind>object</kind>
         <file>spi.obj</file>
         <name>spi.obj</name>
      </input_file>
      <input_file id="fl-22">
         <path>.\platform-1224-launchpad\source\</path>
         <kind>object</kind>
         <file>sys_core.obj</file>
         <name>sys_core.obj</name>
      </input_file>
      <input_file id="fl-23">
         <path>.\platform-1224-launchpad\source\</path>
         <kind>object</kind>
         <file>sys_dma.obj</file>
         <name>sys_dma.obj</name>
      </input_file>
      <input_file id="fl-24">
         <path>.\platform-1224-launchpad\source\</path>
         <kind>object</kind>
         <file>sys_intvecs.obj</file>
         <name>sys_intvecs.obj</name>
      </input_file>
      <input_file id="fl-25">
         <path>.\platform-1224-launchpad\source\</path>
         <kind>object</kind>
         <file>sys_main.obj</file>
         <name>sys_main.obj</name>
      </input_file>
      <input_file id="fl-26">
         <path>.\platform-1224-launchpad\source\</path>
         <kind>object</kind>
         <file>sys_mpu.obj</file>
         <name>sys_mpu.obj</name>
      </input_file>
      <input_file id="fl-27">
         <path>.\platform-1224-launchpad\source\</path>
         <kind>object</kind>
         <file>sys_pcr.obj</file>
         <name>sys_pcr.obj</name>
      </input_file>
      <input_file id="fl-28">
         <path>.\platform-1224-launchpad\source\</path>
         <kind>object</kind>
         <file>sys_phantom.obj</file>
         <name>sys_phantom.obj</name>
      </input_file>
      <input_file id="fl-29">
         <path>.\platform-1224-launchpad\source\</path>
         <kind>object</kind>
         <file>sys_pmm.obj</file>
         <name>sys_pmm.obj</name>
      </input_file>
      <input_file id="fl-2a">
         <path>.\platform-1224-launchpad\source\</path>
         <kind>object</kind>
         <file>sys_pmu.obj</file>
         <name>sys_pmu.obj</name>
      </input_file>
      <input_file id="fl-2b">
         <path>.\platform-1224-launchpad\source\</path>
         <kind>object</kind>
         <file>sys_selftest.obj</file>
         <name>sys_selftest.obj</name>
      </input_file>
      <input_file id="fl-2c">
         <path>.\platform-1224-launchpad\source\</path>
         <kind>object</kind>
         <file>sys_startup.obj</file>
         <name>sys_startup.obj</name>
      </input_file>
      <input_file id="fl-2d">
         <path>.\platform-1224-launchpad\source\</path>
         <kind>object</kind>
         <file>sys_vim.obj</file>
         <name>sys_vim.obj</name>
      </input_file>
      <input_file id="fl-2e">
         <path>.\platform-1224-launchpad\source\</path>
         <kind>object</kind>
         <file>system.obj</file>
         <name>system.obj</name>
      </input_file>
      <input_file id="fl-2f">
         <path>.\third-party\matrix_math\</path>
         <kind>object</kind>
         <file>fix16.obj</file>
         <name>fix16.obj</name>
      </input_file>
      <input_file id="fl-30">
         <path>.\third-party\matrix_math\</path>
         <kind>object</kind>
         <file>fixarray.obj</file>
         <name>fixarray.obj</name>
      </input_file>
      <input_file id="fl-31">
         <path>.\third-party\matrix_math\</path>
         <kind>object</kind>
         <file>fixmatrix.obj</file>
         <name>fixmatrix.obj</name>
      </input_file>
      <input_file id="fl-32">
         <path>.\third-party\matrix_math\</path>
         <kind>object</kind>
         <file>fixquat.obj</file>
         <name>fixquat.obj</name>
      </input_file>
      <input_file id="fl-33">
         <path>.\third-party\matrix_math\</path>
         <kind>object</kind>
         <file>fixstring.obj</file>
         <name>fixstring.obj</name>
      </input_file>
      <input_file id="fl-34">
         <path>.\third-party\matrix_math\</path>
         <kind>object</kind>
         <file>fixvector2d.obj</file>
         <name>fixvector2d.obj</name>
      </input_file>
      <input_file id="fl-35">
         <path>.\third-party\matrix_math\</path>
         <kind>object</kind>
         <file>fixvector3d.obj</file>
         <name>fixvector3d.obj</name>
      </input_file>
      <input_file id="fl-39">
         <kind>object</kind>
         <file>&lt;internal&gt;</file>
         <name>&lt;internal&gt;</name>
      </input_file>
      <input_file id="fl-3a">
         <path>C:\ti\ccsv7\tools\compiler\ti-cgt-arm_16.9.6.LTS\lib\</path>
         <kind>archive</kind>
         <file>rtsv7R4_T_be_v3D16_eabi.lib</file>
         <name>autoinit.obj</name>
      </input_file>
      <input_file id="fl-3b">
         <path>C:\ti\ccsv7\tools\compiler\ti-cgt-arm_16.9.6.LTS\lib\</path>
         <kind>archive</kind>
         <file>rtsv7R4_T_be_v3D16_eabi.lib</file>
         <name>copy_decompress_lzss.obj</name>
      </input_file>
      <input_file id="fl-3c">
         <path>C:\ti\ccsv7\tools\compiler\ti-cgt-arm_16.9.6.LTS\lib\</path>
         <kind>archive</kind>
         <file>rtsv7R4_T_be_v3D16_eabi.lib</file>
         <name>copy_decompress_none.obj</name>
      </input_file>
      <input_file id="fl-3d">
         <path>C:\ti\ccsv7\tools\compiler\ti-cgt-arm_16.9.6.LTS\lib\</path>
         <kind>archive</kind>
         <file>rtsv7R4_T_be_v3D16_eabi.lib</file>
         <name>copy_zero_init.obj</name>
      </input_file>
      <input_file id="fl-3e">
         <path>C:\ti\ccsv7\tools\compiler\ti-cgt-arm_16.9.6.LTS\lib\</path>
         <kind>archive</kind>
         <file>rtsv7R4_T_be_v3D16_eabi.lib</file>
         <name>cpy_tbl.obj</name>
      </input_file>
      <input_file id="fl-3f">
         <path>C:\ti\ccsv7\tools\compiler\ti-cgt-arm_16.9.6.LTS\lib\</path>
         <kind>archive</kind>
         <file>rtsv7R4_T_be_v3D16_eabi.lib</file>
         <name>exit.obj</name>
      </input_file>
      <input_file id="fl-40">
         <path>C:\ti\ccsv7\tools\compiler\ti-cgt-arm_16.9.6.LTS\lib\</path>
         <kind>archive</kind>
         <file>rtsv7R4_T_be_v3D16_eabi.lib</file>
         <name>fprintf.obj</name>
      </input_file>
      <input_file id="fl-41">
         <path>C:\ti\ccsv7\tools\compiler\ti-cgt-arm_16.9.6.LTS\lib\</path>
         <kind>archive</kind>
         <file>rtsv7R4_T_be_v3D16_eabi.lib</file>
         <name>fputc.obj</name>
      </input_file>
      <input_file id="fl-42">
         <path>C:\ti\ccsv7\tools\compiler\ti-cgt-arm_16.9.6.LTS\lib\</path>
         <kind>archive</kind>
         <file>rtsv7R4_T_be_v3D16_eabi.lib</file>
         <name>fputs.obj</name>
      </input_file>
      <input_file id="fl-43">
         <path>C:\ti\ccsv7\tools\compiler\ti-cgt-arm_16.9.6.LTS\lib\</path>
         <kind>archive</kind>
         <file>rtsv7R4_T_be_v3D16_eabi.lib</file>
         <name>i_div32.obj</name>
      </input_file>
      <input_file id="fl-44">
         <path>C:\ti\ccsv7\tools\compiler\ti-cgt-arm_16.9.6.LTS\lib\</path>
         <kind>archive</kind>
         <file>rtsv7R4_T_be_v3D16_eabi.lib</file>
         <name>ll_asr_t2.obj</name>
      </input_file>
      <input_file id="fl-45">
         <path>C:\ti\ccsv7\tools\compiler\ti-cgt-arm_16.9.6.LTS\lib\</path>
         <kind>archive</kind>
         <file>rtsv7R4_T_be_v3D16_eabi.lib</file>
         <name>ll_lsl_t2.obj</name>
      </input_file>
      <input_file id="fl-46">
         <path>C:\ti\ccsv7\tools\compiler\ti-cgt-arm_16.9.6.LTS\lib\</path>
         <kind>archive</kind>
         <file>rtsv7R4_T_be_v3D16_eabi.lib</file>
         <name>memchr.obj</name>
      </input_file>
      <input_file id="fl-47">
         <path>C:\ti\ccsv7\tools\compiler\ti-cgt-arm_16.9.6.LTS\lib\</path>
         <kind>archive</kind>
         <file>rtsv7R4_T_be_v3D16_eabi.lib</file>
         <name>memcpy_t2.obj</name>
      </input_file>
      <input_file id="fl-48">
         <path>C:\ti\ccsv7\tools\compiler\ti-cgt-arm_16.9.6.LTS\lib\</path>
         <kind>archive</kind>
         <file>rtsv7R4_T_be_v3D16_eabi.lib</file>
         <name>memset_t2.obj</name>
      </input_file>
      <input_file id="fl-49">
         <path>C:\ti\ccsv7\tools\compiler\ti-cgt-arm_16.9.6.LTS\lib\</path>
         <kind>archive</kind>
         <file>rtsv7R4_T_be_v3D16_eabi.lib</file>
         <name>s_floor.obj</name>
      </input_file>
      <input_file id="fl-4a">
         <path>C:\ti\ccsv7\tools\compiler\ti-cgt-arm_16.9.6.LTS\lib\</path>
         <kind>archive</kind>
         <file>rtsv7R4_T_be_v3D16_eabi.lib</file>
         <name>startup.obj</name>
      </input_file>
      <input_file id="fl-4b">
         <path>C:\ti\ccsv7\tools\compiler\ti-cgt-arm_16.9.6.LTS\lib\</path>
         <kind>archive</kind>
         <file>rtsv7R4_T_be_v3D16_eabi.lib</file>
         <name>strlen.obj</name>
      </input_file>
      <input_file id="fl-4c">
         <path>C:\ti\ccsv7\tools\compiler\ti-cgt-arm_16.9.6.LTS\lib\</path>
         <kind>archive</kind>
         <file>rtsv7R4_T_be_v3D16_eabi.lib</file>
         <name>u_div32.obj</name>
      </input_file>
      <input_file id="fl-4d">
         <path>C:\ti\ccsv7\tools\compiler\ti-cgt-arm_16.9.6.LTS\lib\</path>
         <kind>archive</kind>
         <file>rtsv7R4_T_be_v3D16_eabi.lib</file>
         <name>write.obj</name>
      </input_file>
      <input_file id="fl-4e">
         <path>C:\ti\ccsv7\tools\compiler\ti-cgt-arm_16.9.6.LTS\lib\</path>
         <kind>archive</kind>
         <file>rtsv7R4_T_be_v3D16_eabi.lib</file>
         <name>_io_perm.obj</name>
      </input_file>
      <input_file id="fl-4f">
         <path>C:\ti\ccsv7\tools\compiler\ti-cgt-arm_16.9.6.LTS\lib\</path>
         <kind>archive</kind>
         <file>rtsv7R4_T_be_v3D16_eabi.lib</file>
         <name>_lock.obj</name>
      </input_file>
      <input_file id="fl-50">
         <path>C:\ti\ccsv7\tools\compiler\ti-cgt-arm_16.9.6.LTS\lib\</path>
         <kind>archive</kind>
         <file>rtsv7R4_T_be_v3D16_eabi.lib</file>
         <name>_printfi.obj</name>
      </input_file>
      <input_file id="fl-51">
         <path>C:\ti\ccsv7\tools\compiler\ti-cgt-arm_16.9.6.LTS\lib\</path>
         <kind>archive</kind>
         <file>rtsv7R4_T_be_v3D16_eabi.lib</file>
         <name>atoi.obj</name>
      </input_file>
      <input_file id="fl-52">
         <path>C:\ti\ccsv7\tools\compiler\ti-cgt-arm_16.9.6.LTS\lib\</path>
         <kind>archive</kind>
         <file>rtsv7R4_T_be_v3D16_eabi.lib</file>
         <name>ctype.obj</name>
      </input_file>
      <input_file id="fl-53">
         <path>C:\ti\ccsv7\tools\compiler\ti-cgt-arm_16.9.6.LTS\lib\</path>
         <kind>archive</kind>
         <file>rtsv7R4_T_be_v3D16_eabi.lib</file>
         <name>defs.obj</name>
      </input_file>
      <input_file id="fl-54">
         <path>C:\ti\ccsv7\tools\compiler\ti-cgt-arm_16.9.6.LTS\lib\</path>
         <kind>archive</kind>
         <file>rtsv7R4_T_be_v3D16_eabi.lib</file>
         <name>fflush.obj</name>
      </input_file>
      <input_file id="fl-55">
         <path>C:\ti\ccsv7\tools\compiler\ti-cgt-arm_16.9.6.LTS\lib\</path>
         <kind>archive</kind>
         <file>rtsv7R4_T_be_v3D16_eabi.lib</file>
         <name>fseek.obj</name>
      </input_file>
      <input_file id="fl-56">
         <path>C:\ti\ccsv7\tools\compiler\ti-cgt-arm_16.9.6.LTS\lib\</path>
         <kind>archive</kind>
         <file>rtsv7R4_T_be_v3D16_eabi.lib</file>
         <name>hostclose.obj</name>
      </input_file>
      <input_file id="fl-57">
         <path>C:\ti\ccsv7\tools\compiler\ti-cgt-arm_16.9.6.LTS\lib\</path>
         <kind>archive</kind>
         <file>rtsv7R4_T_be_v3D16_eabi.lib</file>
         <name>hostlseek.obj</name>
      </input_file>
      <input_file id="fl-58">
         <path>C:\ti\ccsv7\tools\compiler\ti-cgt-arm_16.9.6.LTS\lib\</path>
         <kind>archive</kind>
         <file>rtsv7R4_T_be_v3D16_eabi.lib</file>
         <name>hostopen.obj</name>
      </input_file>
      <input_file id="fl-59">
         <path>C:\ti\ccsv7\tools\compiler\ti-cgt-arm_16.9.6.LTS\lib\</path>
         <kind>archive</kind>
         <file>rtsv7R4_T_be_v3D16_eabi.lib</file>
         <name>hostread.obj</name>
      </input_file>
      <input_file id="fl-5a">
         <path>C:\ti\ccsv7\tools\compiler\ti-cgt-arm_16.9.6.LTS\lib\</path>
         <kind>archive</kind>
         <file>rtsv7R4_T_be_v3D16_eabi.lib</file>
         <name>hostrename.obj</name>
      </input_file>
      <input_file id="fl-5b">
         <path>C:\ti\ccsv7\tools\compiler\ti-cgt-arm_16.9.6.LTS\lib\</path>
         <kind>archive</kind>
         <file>rtsv7R4_T_be_v3D16_eabi.lib</file>
         <name>hostunlink.obj</name>
      </input_file>
      <input_file id="fl-5c">
         <path>C:\ti\ccsv7\tools\compiler\ti-cgt-arm_16.9.6.LTS\lib\</path>
         <kind>archive</kind>
         <file>rtsv7R4_T_be_v3D16_eabi.lib</file>
         <name>hostwrite.obj</name>
      </input_file>
      <input_file id="fl-5d">
         <path>C:\ti\ccsv7\tools\compiler\ti-cgt-arm_16.9.6.LTS\lib\</path>
         <kind>archive</kind>
         <file>rtsv7R4_T_be_v3D16_eabi.lib</file>
         <name>i_div0.obj</name>
      </input_file>
      <input_file id="fl-5e">
         <path>C:\ti\ccsv7\tools\compiler\ti-cgt-arm_16.9.6.LTS\lib\</path>
         <kind>archive</kind>
         <file>rtsv7R4_T_be_v3D16_eabi.lib</file>
         <name>lseek.obj</name>
      </input_file>
      <input_file id="fl-5f">
         <path>C:\ti\ccsv7\tools\compiler\ti-cgt-arm_16.9.6.LTS\lib\</path>
         <kind>archive</kind>
         <file>rtsv7R4_T_be_v3D16_eabi.lib</file>
         <name>ltoa.obj</name>
      </input_file>
      <input_file id="fl-60">
         <path>C:\ti\ccsv7\tools\compiler\ti-cgt-arm_16.9.6.LTS\lib\</path>
         <kind>archive</kind>
         <file>rtsv7R4_T_be_v3D16_eabi.lib</file>
         <name>memccpy.obj</name>
      </input_file>
      <input_file id="fl-61">
         <path>C:\ti\ccsv7\tools\compiler\ti-cgt-arm_16.9.6.LTS\lib\</path>
         <kind>archive</kind>
         <file>rtsv7R4_T_be_v3D16_eabi.lib</file>
         <name>s_frexp.obj</name>
      </input_file>
      <input_file id="fl-62">
         <path>C:\ti\ccsv7\tools\compiler\ti-cgt-arm_16.9.6.LTS\lib\</path>
         <kind>archive</kind>
         <file>rtsv7R4_T_be_v3D16_eabi.lib</file>
         <name>s_scalbn.obj</name>
      </input_file>
      <input_file id="fl-63">
         <path>C:\ti\ccsv7\tools\compiler\ti-cgt-arm_16.9.6.LTS\lib\</path>
         <kind>archive</kind>
         <file>rtsv7R4_T_be_v3D16_eabi.lib</file>
         <name>setvbuf.obj</name>
      </input_file>
      <input_file id="fl-64">
         <path>C:\ti\ccsv7\tools\compiler\ti-cgt-arm_16.9.6.LTS\lib\</path>
         <kind>archive</kind>
         <file>rtsv7R4_T_be_v3D16_eabi.lib</file>
         <name>strchr.obj</name>
      </input_file>
      <input_file id="fl-65">
         <path>C:\ti\ccsv7\tools\compiler\ti-cgt-arm_16.9.6.LTS\lib\</path>
         <kind>archive</kind>
         <file>rtsv7R4_T_be_v3D16_eabi.lib</file>
         <name>strcpy.obj</name>
      </input_file>
      <input_file id="fl-66">
         <path>C:\ti\ccsv7\tools\compiler\ti-cgt-arm_16.9.6.LTS\lib\</path>
         <kind>archive</kind>
         <file>rtsv7R4_T_be_v3D16_eabi.lib</file>
         <name>trgmsg.obj</name>
      </input_file>
      <input_file id="fl-67">
         <path>C:\ti\ccsv7\tools\compiler\ti-cgt-arm_16.9.6.LTS\lib\</path>
         <kind>archive</kind>
         <file>rtsv7R4_T_be_v3D16_eabi.lib</file>
         <name>ull_div32.obj</name>
      </input_file>
      <input_file id="fl-68">
         <path>C:\ti\ccsv7\tools\compiler\ti-cgt-arm_16.9.6.LTS\lib\</path>
         <kind>archive</kind>
         <file>rtsv7R4_T_be_v3D16_eabi.lib</file>
         <name>errno.obj</name>
      </input_file>
      <input_file id="fl-69">
         <path>C:\ti\ccsv7\tools\compiler\ti-cgt-arm_16.9.6.LTS\lib\</path>
         <kind>archive</kind>
         <file>rtsv7R4_T_be_v3D16_eabi.lib</file>
         <name>fopen.obj</name>
      </input_file>
      <input_file id="fl-6a">
         <path>C:\ti\ccsv7\tools\compiler\ti-cgt-arm_16.9.6.LTS\lib\</path>
         <kind>archive</kind>
         <file>rtsv7R4_T_be_v3D16_eabi.lib</file>
         <name>memory.obj</name>
      </input_file>
      <input_file id="fl-6b">
         <path>C:\ti\ccsv7\tools\compiler\ti-cgt-arm_16.9.6.LTS\lib\</path>
         <kind>archive</kind>
         <file>rtsv7R4_T_be_v3D16_eabi.lib</file>
         <name>open.obj</name>
      </input_file>
      <input_file id="fl-6c">
         <path>C:\ti\ccsv7\tools\compiler\ti-cgt-arm_16.9.6.LTS\lib\</path>
         <kind>archive</kind>
         <file>rtsv7R4_T_be_v3D16_eabi.lib</file>
         <name>s_copysign.obj</name>
      </input_file>
      <input_file id="fl-6d">
         <path>C:\ti\ccsv7\tools\compiler\ti-cgt-arm_16.9.6.LTS\lib\</path>
         <kind>archive</kind>
         <file>rtsv7R4_T_be_v3D16_eabi.lib</file>
         <name>fclose.obj</name>
      </input_file>
      <input_file id="fl-6e">
         <path>C:\ti\ccsv7\tools\compiler\ti-cgt-arm_16.9.6.LTS\lib\</path>
         <kind>archive</kind>
         <file>rtsv7R4_T_be_v3D16_eabi.lib</file>
         <name>getdevice.obj</name>
      </input_file>
      <input_file id="fl-6f">
         <path>C:\ti\ccsv7\tools\compiler\ti-cgt-arm_16.9.6.LTS\lib\</path>
         <kind>archive</kind>
         <file>rtsv7R4_T_be_v3D16_eabi.lib</file>
         <name>remove.obj</name>
      </input_file>
      <input_file id="fl-70">
         <path>C:\ti\ccsv7\tools\compiler\ti-cgt-arm_16.9.6.LTS\lib\</path>
         <kind>archive</kind>
         <file>rtsv7R4_T_be_v3D16_eabi.lib</file>
         <name>strcmp.obj</name>
      </input_file>
      <input_file id="fl-71">
         <path>C:\ti\ccsv7\tools\compiler\ti-cgt-arm_16.9.6.LTS\lib\</path>
         <kind>archive</kind>
         <file>rtsv7R4_T_be_v3D16_eabi.lib</file>
         <name>strncpy.obj</name>
      </input_file>
      <input_file id="fl-72">
         <path>C:\ti\ccsv7\tools\compiler\ti-cgt-arm_16.9.6.LTS\lib\</path>
         <kind>archive</kind>
         <file>rtsv7R4_T_be_v3D16_eabi.lib</file>
         <name>unlink.obj</name>
      </input_file>
      <input_file id="fl-73">
         <path>C:\ti\ccsv7\tools\compiler\ti-cgt-arm_16.9.6.LTS\lib\</path>
         <kind>archive</kind>
         <file>rtsv7R4_T_be_v3D16_eabi.lib</file>
         <name>close.obj</name>
      </input_file>
   </input_file_list>
   <object_component_list>
      <object_component id="oc-2f">
         <name>.intvecs</name>
         <load_address>0x0</load_address>
         <run_address>0x0</run_address>
         <size>0x20</size>
         <input_file_ref idref="fl-24"/>
      </object_component>
      <object_component id="oc-108">
         <name>.kernelTEXT</name>
         <load_address>0x20</load_address>
         <run_address>0x20</run_address>
         <size>0x2be8</size>
         <input_file_ref idref="fl-1d"/>
      </object_component>
      <object_component id="oc-1ca">
         <name>.kernelTEXT</name>
         <load_address>0x2c08</load_address>
         <run_address>0x2c08</run_address>
         <size>0x11dc</size>
         <input_file_ref idref="fl-1c"/>
      </object_component>
      <object_component id="oc-1d0">
         <name>.kernelTEXT</name>
         <load_address>0x3de4</load_address>
         <run_address>0x3de4</run_address>
         <size>0x81c</size>
         <input_file_ref idref="fl-16"/>
      </object_component>
      <object_component id="oc-a2">
         <name>.kernelTEXT</name>
         <load_address>0x4600</load_address>
         <run_address>0x4600</run_address>
         <size>0x4b0</size>
         <input_file_ref idref="fl-1b"/>
      </object_component>
      <object_component id="oc-1fd">
         <name>.kernelTEXT</name>
         <load_address>0x4ab0</load_address>
         <run_address>0x4ab0</run_address>
         <size>0x3e0</size>
         <input_file_ref idref="fl-1a"/>
      </object_component>
      <object_component id="oc-1f1">
         <name>.kernelTEXT</name>
         <load_address>0x4e90</load_address>
         <run_address>0x4e90</run_address>
         <size>0x3a4</size>
         <input_file_ref idref="fl-17"/>
      </object_component>
      <object_component id="oc-364">
         <name>.cinit..data.load</name>
         <load_address>0x5a38</load_address>
         <run_address>0x5a38</run_address>
         <size>0x14</size>
      </object_component>
      <object_component id="oc-35f">
         <name>__TI_handler_table</name>
         <load_address>0x5a4c</load_address>
         <run_address>0x5a4c</run_address>
         <size>0xc</size>
      </object_component>
      <object_component id="oc-361">
         <name>.cinit..kernelBSS.load</name>
         <load_address>0x5a58</load_address>
         <run_address>0x5a58</run_address>
         <size>0x9</size>
      </object_component>
      <object_component id="oc-363">
         <name>.cinit..bss.load</name>
         <load_address>0x5a68</load_address>
         <run_address>0x5a68</run_address>
         <size>0x8</size>
      </object_component>
      <object_component id="oc-362">
         <name>.cinit..kernelHEAP.load</name>
         <load_address>0x5a70</load_address>
         <run_address>0x5a70</run_address>
         <size>0x8</size>
      </object_component>
      <object_component id="oc-360">
         <name>__TI_cinit_table</name>
         <load_address>0x5a78</load_address>
         <run_address>0x5a78</run_address>
         <size>0x20</size>
      </object_component>
      <object_component id="oc-77">
         <name>.text</name>
         <load_address>0x8020</load_address>
         <run_address>0x8020</run_address>
         <size>0x2cdc</size>
         <input_file_ref idref="fl-2b"/>
      </object_component>
      <object_component id="oc-71">
         <name>.text</name>
         <load_address>0xacfc</load_address>
         <run_address>0xacfc</run_address>
         <size>0xb28</size>
         <input_file_ref idref="fl-2e"/>
      </object_component>
      <object_component id="oc-3b">
         <name>.text</name>
         <load_address>0xb824</load_address>
         <run_address>0xb824</run_address>
         <size>0xa58</size>
         <input_file_ref idref="fl-2d"/>
      </object_component>
      <object_component id="oc-102">
         <name>.text</name>
         <load_address>0xc27c</load_address>
         <run_address>0xc27c</run_address>
         <size>0x9a0</size>
         <input_file_ref idref="fl-19"/>
      </object_component>
      <object_component id="oc-d8">
         <name>.text</name>
         <load_address>0xcc1c</load_address>
         <run_address>0xcc1c</run_address>
         <size>0x8ac</size>
         <input_file_ref idref="fl-1f"/>
      </object_component>
      <object_component id="oc-7d">
         <name>.text</name>
         <load_address>0xd4c8</load_address>
         <run_address>0xd4c8</run_address>
         <size>0x5d8</size>
         <input_file_ref idref="fl-d"/>
      </object_component>
      <object_component id="oc-fc">
         <name>.text</name>
         <load_address>0xdaa0</load_address>
         <run_address>0xdaa0</run_address>
         <size>0x484</size>
         <input_file_ref idref="fl-f"/>
      </object_component>
      <object_component id="oc-6c">
         <name>.text</name>
         <load_address>0xdf24</load_address>
         <run_address>0xdf24</run_address>
         <size>0x34c</size>
         <input_file_ref idref="fl-22"/>
      </object_component>
      <object_component id="oc-3a">
         <name>.text:retain</name>
         <load_address>0xe270</load_address>
         <run_address>0xe270</run_address>
         <size>0x2cc</size>
         <input_file_ref idref="fl-2d"/>
      </object_component>
      <object_component id="oc-29a">
         <name>.text</name>
         <load_address>0xe53c</load_address>
         <run_address>0xe53c</run_address>
         <size>0x284</size>
         <input_file_ref idref="fl-17"/>
      </object_component>
      <object_component id="oc-20">
         <name>.text:retain</name>
         <load_address>0xe7c0</load_address>
         <run_address>0xe7c0</run_address>
         <size>0x27c</size>
         <input_file_ref idref="fl-2c"/>
      </object_component>
      <object_component id="oc-1f7">
         <name>.text</name>
         <load_address>0xea3c</load_address>
         <run_address>0xea3c</run_address>
         <size>0x238</size>
         <input_file_ref idref="fl-18"/>
      </object_component>
      <object_component id="oc-96">
         <name>.text</name>
         <load_address>0xec74</load_address>
         <run_address>0xec74</run_address>
         <size>0x20c</size>
         <input_file_ref idref="fl-14"/>
      </object_component>
      <object_component id="oc-2ad">
         <name>.text</name>
         <load_address>0xee80</load_address>
         <run_address>0xee80</run_address>
         <size>0x1b4</size>
         <input_file_ref idref="fl-1a"/>
      </object_component>
      <object_component id="oc-1c4">
         <name>.text</name>
         <load_address>0xf034</load_address>
         <run_address>0xf034</run_address>
         <size>0x164</size>
         <input_file_ref idref="fl-1d"/>
      </object_component>
      <object_component id="oc-26">
         <name>.text:retain</name>
         <load_address>0xf198</load_address>
         <run_address>0xf198</run_address>
         <size>0x114</size>
         <input_file_ref idref="fl-d"/>
      </object_component>
      <object_component id="oc-aa">
         <name>.text</name>
         <load_address>0xf2ac</load_address>
         <run_address>0xf2ac</run_address>
         <size>0xe8</size>
         <input_file_ref idref="fl-9"/>
      </object_component>
      <object_component id="oc-e0">
         <name>.text</name>
         <load_address>0xf394</load_address>
         <run_address>0xf394</run_address>
         <size>0xe0</size>
         <input_file_ref idref="fl-2a"/>
      </object_component>
      <object_component id="oc-54">
         <name>.text</name>
         <load_address>0xf474</load_address>
         <run_address>0xf474</run_address>
         <size>0x9c</size>
         <input_file_ref idref="fl-47"/>
      </object_component>
      <object_component id="oc-60">
         <name>.text</name>
         <load_address>0xf510</load_address>
         <run_address>0xf510</run_address>
         <size>0x7a</size>
         <input_file_ref idref="fl-48"/>
      </object_component>
      <object_component id="oc-f4">
         <name>.text</name>
         <load_address>0xf58a</load_address>
         <run_address>0xf58a</run_address>
         <size>0x2</size>
         <input_file_ref idref="fl-4a"/>
      </object_component>
      <object_component id="oc-83">
         <name>.text</name>
         <load_address>0xf58c</load_address>
         <run_address>0xf58c</run_address>
         <size>0x70</size>
         <input_file_ref idref="fl-3a"/>
      </object_component>
      <object_component id="oc-e">
         <name>.text:decompress:lzss</name>
         <load_address>0xf5fc</load_address>
         <run_address>0xf5fc</run_address>
         <size>0x6c</size>
         <input_file_ref idref="fl-3b"/>
      </object_component>
      <object_component id="oc-8f">
         <name>.text</name>
         <load_address>0xf668</load_address>
         <run_address>0xf668</run_address>
         <size>0x50</size>
         <input_file_ref idref="fl-3f"/>
      </object_component>
      <object_component id="oc-ee">
         <name>.text</name>
         <load_address>0xf6b8</load_address>
         <run_address>0xf6b8</run_address>
         <size>0x4c</size>
         <input_file_ref idref="fl-3e"/>
      </object_component>
      <object_component id="oc-89">
         <name>.text</name>
         <load_address>0xf704</load_address>
         <run_address>0xf704</run_address>
         <size>0x4c</size>
         <input_file_ref idref="fl-25"/>
      </object_component>
      <object_component id="oc-111">
         <name>.text</name>
         <load_address>0xf750</load_address>
         <run_address>0xf750</run_address>
         <size>0x34</size>
         <input_file_ref idref="fl-5"/>
      </object_component>
      <object_component id="oc-206">
         <name>.text</name>
         <load_address>0xf784</load_address>
         <run_address>0xf784</run_address>
         <size>0x16</size>
         <input_file_ref idref="fl-4b"/>
      </object_component>
      <object_component id="oc-214">
         <name>.text</name>
         <load_address>0xf79c</load_address>
         <run_address>0xf79c</run_address>
         <size>0x14</size>
         <input_file_ref idref="fl-4f"/>
      </object_component>
      <object_component id="oc-14">
         <name>.text:decompress:none</name>
         <load_address>0xf7b0</load_address>
         <run_address>0xf7b0</run_address>
         <size>0xe</size>
         <input_file_ref idref="fl-3c"/>
      </object_component>
      <object_component id="oc-1a">
         <name>.text:decompress:ZI</name>
         <load_address>0xf7be</load_address>
         <run_address>0xf7be</run_address>
         <size>0xc</size>
         <input_file_ref idref="fl-3d"/>
      </object_component>
      <object_component id="oc-34">
         <name>.text:retain</name>
         <load_address>0xf7cc</load_address>
         <run_address>0xf7cc</run_address>
         <size>0x4</size>
         <input_file_ref idref="fl-28"/>
      </object_component>
      <object_component id="oc-2c">
         <name>.const:s_vim_init</name>
         <load_address>0xf7d0</load_address>
         <run_address>0xf7d0</run_address>
         <size>0x200</size>
         <input_file_ref idref="fl-2d"/>
      </object_component>
      <object_component id="oc-2a3">
         <name>.const</name>
         <load_address>0xf9d0</load_address>
         <run_address>0xf9d0</run_address>
         <size>0x4</size>
         <input_file_ref idref="fl-17"/>
      </object_component>
      <object_component id="oc-132">
         <name>.kernelBSS:init</name>
         <load_address>0x80008d0</load_address>
         <run_address>0x80008d0</run_address>
         <size>0x34</size>
         <input_file_ref idref="fl-1d"/>
      </object_component>
      <object_component id="oc-203">
         <name>.kernelBSS:uninit</name>
         <load_address>0x8000800</load_address>
         <run_address>0x8000800</run_address>
         <size>0xd0</size>
         <input_file_ref idref="fl-1d"/>
      </object_component>
      <object_component id="oc-302">
         <name>.kernelHEAP</name>
         <uninitialized>true</uninitialized>
         <run_address>0x8001000</run_address>
         <size>0x2000</size>
         <input_file_ref idref="fl-17"/>
      </object_component>
      <object_component id="oc-2a6">
         <name>.bss:xStart</name>
         <uninitialized>true</uninitialized>
         <run_address>0x8003030</run_address>
         <size>0x8</size>
         <input_file_ref idref="fl-17"/>
      </object_component>
      <object_component id="oc-10e">
         <name>.data</name>
         <load_address>0x800302c</load_address>
         <run_address>0x800302c</run_address>
         <size>0x4</size>
         <input_file_ref idref="fl-5"/>
      </object_component>
      <object_component id="oc-2a0">
         <name>.data</name>
         <load_address>0x8003000</load_address>
         <run_address>0x8003000</run_address>
         <size>0x10</size>
         <input_file_ref idref="fl-17"/>
      </object_component>
      <object_component id="oc-135">
         <name>.data</name>
         <load_address>0x8003024</load_address>
         <run_address>0x8003024</run_address>
         <size>0x8</size>
         <input_file_ref idref="fl-1a"/>
      </object_component>
      <object_component id="oc-11d">
         <name>.data:$O1$$</name>
         <load_address>0x8003010</load_address>
         <run_address>0x8003010</run_address>
         <size>0xc</size>
         <input_file_ref idref="fl-3f"/>
      </object_component>
      <object_component id="oc-120">
         <name>.data:$O1$$</name>
         <load_address>0x800301c</load_address>
         <run_address>0x800301c</run_address>
         <size>0x8</size>
         <input_file_ref idref="fl-4f"/>
      </object_component>
      <object_component id="oc-258">
         <name>.debug_info</name>
         <load_address>0x0</load_address>
         <run_address>0x0</run_address>
         <size>0x35b</size>
         <input_file_ref idref="fl-3"/>
      </object_component>
      <object_component id="oc-2cc">
         <name>.debug_info</name>
         <load_address>0x35b</load_address>
         <run_address>0x35b</run_address>
         <size>0x14c</size>
         <input_file_ref idref="fl-3"/>
      </object_component>
      <object_component id="oc-9d">
         <name>.debug_info</name>
         <load_address>0x4a7</load_address>
         <run_address>0x4a7</run_address>
         <size>0x157</size>
         <input_file_ref idref="fl-3"/>
      </object_component>
      <object_component id="oc-295">
         <name>.debug_info</name>
         <load_address>0x5fe</load_address>
         <run_address>0x5fe</run_address>
         <size>0x37f</size>
         <input_file_ref idref="fl-3"/>
      </object_component>
      <object_component id="oc-1d7">
         <name>.debug_info</name>
         <load_address>0x97d</load_address>
         <run_address>0x97d</run_address>
         <size>0xe1</size>
         <input_file_ref idref="fl-3"/>
      </object_component>
      <object_component id="oc-118">
         <name>.debug_info</name>
         <load_address>0xa5e</load_address>
         <run_address>0xa5e</run_address>
         <size>0x8b</size>
         <input_file_ref idref="fl-3"/>
      </object_component>
      <object_component id="oc-1e7">
         <name>.debug_info</name>
         <load_address>0xae9</load_address>
         <run_address>0xae9</run_address>
         <size>0x46</size>
         <input_file_ref idref="fl-3"/>
      </object_component>
      <object_component id="oc-1dc">
         <name>.debug_info</name>
         <load_address>0xb2f</load_address>
         <run_address>0xb2f</run_address>
         <size>0x2c</size>
         <input_file_ref idref="fl-3"/>
      </object_component>
      <object_component id="oc-12d">
         <name>.debug_info</name>
         <load_address>0xb5b</load_address>
         <run_address>0xb5b</run_address>
         <size>0x18b</size>
         <input_file_ref idref="fl-3"/>
      </object_component>
      <object_component id="oc-b7">
         <name>.debug_info</name>
         <load_address>0xce6</load_address>
         <run_address>0xce6</run_address>
         <size>0x86</size>
         <input_file_ref idref="fl-3"/>
      </object_component>
      <object_component id="oc-145">
         <name>.debug_info</name>
         <load_address>0xd6c</load_address>
         <run_address>0xd6c</run_address>
         <size>0x1f9</size>
         <input_file_ref idref="fl-3"/>
      </object_component>
      <object_component id="oc-240">
         <name>.debug_info</name>
         <load_address>0xf65</load_address>
         <run_address>0xf65</run_address>
         <size>0x2e2</size>
         <input_file_ref idref="fl-3"/>
      </object_component>
      <object_component id="oc-211">
         <name>.debug_info</name>
         <load_address>0x1247</load_address>
         <run_address>0x1247</run_address>
         <size>0x3e9</size>
         <input_file_ref idref="fl-5"/>
      </object_component>
      <object_component id="oc-10f">
         <name>.debug_info</name>
         <load_address>0x1630</load_address>
         <run_address>0x1630</run_address>
         <size>0xf3</size>
         <input_file_ref idref="fl-5"/>
      </object_component>
      <object_component id="oc-112">
         <name>.debug_info</name>
         <load_address>0x1723</load_address>
         <run_address>0x1723</run_address>
         <size>0x195</size>
         <input_file_ref idref="fl-5"/>
      </object_component>
      <object_component id="oc-1e2">
         <name>.debug_info</name>
         <load_address>0x18b8</load_address>
         <run_address>0x18b8</run_address>
         <size>0x30c</size>
         <input_file_ref idref="fl-5"/>
      </object_component>
      <object_component id="oc-27a">
         <name>.debug_info</name>
         <load_address>0x1bc4</load_address>
         <run_address>0x1bc4</run_address>
         <size>0x12a</size>
         <input_file_ref idref="fl-5"/>
      </object_component>
      <object_component id="oc-290">
         <name>.debug_info</name>
         <load_address>0x1cee</load_address>
         <run_address>0x1cee</run_address>
         <size>0x14c</size>
         <input_file_ref idref="fl-5"/>
      </object_component>
      <object_component id="oc-15f">
         <name>.debug_info</name>
         <load_address>0x1e3a</load_address>
         <run_address>0x1e3a</run_address>
         <size>0x317</size>
         <input_file_ref idref="fl-6"/>
      </object_component>
      <object_component id="oc-172">
         <name>.debug_info</name>
         <load_address>0x2151</load_address>
         <run_address>0x2151</run_address>
         <size>0x791</size>
         <input_file_ref idref="fl-6"/>
      </object_component>
      <object_component id="oc-b2">
         <name>.debug_info</name>
         <load_address>0x28e2</load_address>
         <run_address>0x28e2</run_address>
         <size>0x18c</size>
         <input_file_ref idref="fl-6"/>
      </object_component>
      <object_component id="oc-25b">
         <name>.debug_info</name>
         <load_address>0x2a6e</load_address>
         <run_address>0x2a6e</run_address>
         <size>0x38f</size>
         <input_file_ref idref="fl-6"/>
      </object_component>
      <object_component id="oc-154">
         <name>.debug_info</name>
         <load_address>0x2dfd</load_address>
         <run_address>0x2dfd</run_address>
         <size>0x2d0</size>
         <input_file_ref idref="fl-6"/>
      </object_component>
      <object_component id="oc-268">
         <name>.debug_info</name>
         <load_address>0x30cd</load_address>
         <run_address>0x30cd</run_address>
         <size>0x313</size>
         <input_file_ref idref="fl-7"/>
      </object_component>
      <object_component id="oc-181">
         <name>.debug_info</name>
         <load_address>0x33e0</load_address>
         <run_address>0x33e0</run_address>
         <size>0x437</size>
         <input_file_ref idref="fl-7"/>
      </object_component>
      <object_component id="oc-2da">
         <name>.debug_info</name>
         <load_address>0x3817</load_address>
         <run_address>0x3817</run_address>
         <size>0x15f</size>
         <input_file_ref idref="fl-7"/>
      </object_component>
      <object_component id="oc-2c5">
         <name>.debug_info</name>
         <load_address>0x3976</load_address>
         <run_address>0x3976</run_address>
         <size>0x2c1</size>
         <input_file_ref idref="fl-8"/>
      </object_component>
      <object_component id="oc-227">
         <name>.debug_info</name>
         <load_address>0x3c37</load_address>
         <run_address>0x3c37</run_address>
         <size>0x3b8</size>
         <input_file_ref idref="fl-8"/>
      </object_component>
      <object_component id="oc-31c">
         <name>.debug_info</name>
         <load_address>0x3fef</load_address>
         <run_address>0x3fef</run_address>
         <size>0x22c</size>
         <input_file_ref idref="fl-8"/>
      </object_component>
      <object_component id="oc-ac">
         <name>.debug_info</name>
         <load_address>0x421b</load_address>
         <run_address>0x421b</run_address>
         <size>0x12e</size>
         <input_file_ref idref="fl-9"/>
      </object_component>
      <object_component id="oc-2c6">
         <name>.debug_info</name>
         <load_address>0x4349</load_address>
         <run_address>0x4349</run_address>
         <size>0x296</size>
         <input_file_ref idref="fl-a"/>
      </object_component>
      <object_component id="oc-323">
         <name>.debug_info</name>
         <load_address>0x45df</load_address>
         <run_address>0x45df</run_address>
         <size>0x155</size>
         <input_file_ref idref="fl-a"/>
      </object_component>
      <object_component id="oc-22c">
         <name>.debug_info</name>
         <load_address>0x4734</load_address>
         <run_address>0x4734</run_address>
         <size>0x116</size>
         <input_file_ref idref="fl-a"/>
      </object_component>
      <object_component id="oc-2c7">
         <name>.debug_info</name>
         <load_address>0x484a</load_address>
         <run_address>0x484a</run_address>
         <size>0x2b3</size>
         <input_file_ref idref="fl-b"/>
      </object_component>
      <object_component id="oc-32a">
         <name>.debug_info</name>
         <load_address>0x4afd</load_address>
         <run_address>0x4afd</run_address>
         <size>0x359</size>
         <input_file_ref idref="fl-b"/>
      </object_component>
      <object_component id="oc-231">
         <name>.debug_info</name>
         <load_address>0x4e56</load_address>
         <run_address>0x4e56</run_address>
         <size>0x152</size>
         <input_file_ref idref="fl-b"/>
      </object_component>
      <object_component id="oc-2c8">
         <name>.debug_info</name>
         <load_address>0x4fa8</load_address>
         <run_address>0x4fa8</run_address>
         <size>0x297</size>
         <input_file_ref idref="fl-c"/>
      </object_component>
      <object_component id="oc-331">
         <name>.debug_info</name>
         <load_address>0x523f</load_address>
         <run_address>0x523f</run_address>
         <size>0x669</size>
         <input_file_ref idref="fl-c"/>
      </object_component>
      <object_component id="oc-236">
         <name>.debug_info</name>
         <load_address>0x58a8</load_address>
         <run_address>0x58a8</run_address>
         <size>0x22e</size>
         <input_file_ref idref="fl-c"/>
      </object_component>
      <object_component id="oc-ed">
         <name>.debug_info</name>
         <load_address>0x5ad6</load_address>
         <run_address>0x5ad6</run_address>
         <size>0x318</size>
         <input_file_ref idref="fl-d"/>
      </object_component>
      <object_component id="oc-80">
         <name>.debug_info</name>
         <load_address>0x5dee</load_address>
         <run_address>0x5dee</run_address>
         <size>0xe6f</size>
         <input_file_ref idref="fl-d"/>
      </object_component>
      <object_component id="oc-28">
         <name>.debug_info</name>
         <load_address>0x6c5d</load_address>
         <run_address>0x6c5d</run_address>
         <size>0x1cf</size>
         <input_file_ref idref="fl-d"/>
      </object_component>
      <object_component id="oc-13b">
         <name>.debug_info</name>
         <load_address>0x6e2c</load_address>
         <run_address>0x6e2c</run_address>
         <size>0x1de</size>
         <input_file_ref idref="fl-d"/>
      </object_component>
      <object_component id="oc-e8">
         <name>.debug_info</name>
         <load_address>0x700a</load_address>
         <run_address>0x700a</run_address>
         <size>0x129</size>
         <input_file_ref idref="fl-d"/>
      </object_component>
      <object_component id="oc-26a">
         <name>.debug_info</name>
         <load_address>0x7133</load_address>
         <run_address>0x7133</run_address>
         <size>0x2b5</size>
         <input_file_ref idref="fl-e"/>
      </object_component>
      <object_component id="oc-2e8">
         <name>.debug_info</name>
         <load_address>0x73e8</load_address>
         <run_address>0x73e8</run_address>
         <size>0xc6d</size>
         <input_file_ref idref="fl-e"/>
      </object_component>
      <object_component id="oc-23b">
         <name>.debug_info</name>
         <load_address>0x8055</load_address>
         <run_address>0x8055</run_address>
         <size>0x396</size>
         <input_file_ref idref="fl-e"/>
      </object_component>
      <object_component id="oc-190">
         <name>.debug_info</name>
         <load_address>0x83eb</load_address>
         <run_address>0x83eb</run_address>
         <size>0x508</size>
         <input_file_ref idref="fl-e"/>
      </object_component>
      <object_component id="oc-262">
         <name>.debug_info</name>
         <load_address>0x88f3</load_address>
         <run_address>0x88f3</run_address>
         <size>0x43c</size>
         <input_file_ref idref="fl-e"/>
      </object_component>
      <object_component id="oc-1c3">
         <name>.debug_info</name>
         <load_address>0x8d2f</load_address>
         <run_address>0x8d2f</run_address>
         <size>0x29b</size>
         <input_file_ref idref="fl-f"/>
      </object_component>
      <object_component id="oc-fd">
         <name>.debug_info</name>
         <load_address>0x8fca</load_address>
         <run_address>0x8fca</run_address>
         <size>0x8d7</size>
         <input_file_ref idref="fl-f"/>
      </object_component>
      <object_component id="oc-269">
         <name>.debug_info</name>
         <load_address>0x98a1</load_address>
         <run_address>0x98a1</run_address>
         <size>0x32e</size>
         <input_file_ref idref="fl-10"/>
      </object_component>
      <object_component id="oc-d0">
         <name>.debug_info</name>
         <load_address>0x9bcf</load_address>
         <run_address>0x9bcf</run_address>
         <size>0x2c</size>
         <input_file_ref idref="fl-10"/>
      </object_component>
      <object_component id="oc-18b">
         <name>.debug_info</name>
         <load_address>0x9bfb</load_address>
         <run_address>0x9bfb</run_address>
         <size>0x3d3</size>
         <input_file_ref idref="fl-10"/>
      </object_component>
      <object_component id="oc-2e1">
         <name>.debug_info</name>
         <load_address>0x9fce</load_address>
         <run_address>0x9fce</run_address>
         <size>0x2e3</size>
         <input_file_ref idref="fl-10"/>
      </object_component>
      <object_component id="oc-2c9">
         <name>.debug_info</name>
         <load_address>0xa2b1</load_address>
         <run_address>0xa2b1</run_address>
         <size>0x2c7</size>
         <input_file_ref idref="fl-12"/>
      </object_component>
      <object_component id="oc-245">
         <name>.debug_info</name>
         <load_address>0xa578</load_address>
         <run_address>0xa578</run_address>
         <size>0x2bc</size>
         <input_file_ref idref="fl-12"/>
      </object_component>
      <object_component id="oc-338">
         <name>.debug_info</name>
         <load_address>0xa834</load_address>
         <run_address>0xa834</run_address>
         <size>0x186</size>
         <input_file_ref idref="fl-12"/>
      </object_component>
      <object_component id="oc-267">
         <name>.debug_info</name>
         <load_address>0xa9ba</load_address>
         <run_address>0xa9ba</run_address>
         <size>0x2fc</size>
         <input_file_ref idref="fl-13"/>
      </object_component>
      <object_component id="oc-177">
         <name>.debug_info</name>
         <load_address>0xacb6</load_address>
         <run_address>0xacb6</run_address>
         <size>0x4de</size>
         <input_file_ref idref="fl-13"/>
      </object_component>
      <object_component id="oc-2d3">
         <name>.debug_info</name>
         <load_address>0xb194</load_address>
         <run_address>0xb194</run_address>
         <size>0x44e</size>
         <input_file_ref idref="fl-13"/>
      </object_component>
      <object_component id="oc-127">
         <name>.debug_info</name>
         <load_address>0xb5e2</load_address>
         <run_address>0xb5e2</run_address>
         <size>0x54a</size>
         <input_file_ref idref="fl-14"/>
      </object_component>
      <object_component id="oc-97">
         <name>.debug_info</name>
         <load_address>0xbb2c</load_address>
         <run_address>0xbb2c</run_address>
         <size>0x1a75</size>
         <input_file_ref idref="fl-14"/>
      </object_component>
      <object_component id="oc-17c">
         <name>.debug_info</name>
         <load_address>0xd5a1</load_address>
         <run_address>0xd5a1</run_address>
         <size>0x3ce</size>
         <input_file_ref idref="fl-14"/>
      </object_component>
      <object_component id="oc-222">
         <name>.debug_info</name>
         <load_address>0xd96f</load_address>
         <run_address>0xd96f</run_address>
         <size>0x7cd</size>
         <input_file_ref idref="fl-14"/>
      </object_component>
      <object_component id="oc-128">
         <name>.debug_info</name>
         <load_address>0xe13c</load_address>
         <run_address>0xe13c</run_address>
         <size>0x673</size>
         <input_file_ref idref="fl-14"/>
      </object_component>
      <object_component id="oc-1ac">
         <name>.debug_info</name>
         <load_address>0xe7af</load_address>
         <run_address>0xe7af</run_address>
         <size>0x37b</size>
         <input_file_ref idref="fl-14"/>
      </object_component>
      <object_component id="oc-186">
         <name>.debug_info</name>
         <load_address>0xeb2a</load_address>
         <run_address>0xeb2a</run_address>
         <size>0x1ca</size>
         <input_file_ref idref="fl-14"/>
      </object_component>
      <object_component id="oc-140">
         <name>.debug_info</name>
         <load_address>0xecf4</load_address>
         <run_address>0xecf4</run_address>
         <size>0x435</size>
         <input_file_ref idref="fl-14"/>
      </object_component>
      <object_component id="oc-19f">
         <name>.debug_info</name>
         <load_address>0xf129</load_address>
         <run_address>0xf129</run_address>
         <size>0x551</size>
         <input_file_ref idref="fl-14"/>
      </object_component>
      <object_component id="oc-195">
         <name>.debug_info</name>
         <load_address>0xf67a</load_address>
         <run_address>0xf67a</run_address>
         <size>0x1de</size>
         <input_file_ref idref="fl-14"/>
      </object_component>
      <object_component id="oc-24a">
         <name>.debug_info</name>
         <load_address>0xf858</load_address>
         <run_address>0xf858</run_address>
         <size>0x243</size>
         <input_file_ref idref="fl-14"/>
      </object_component>
      <object_component id="oc-24f">
         <name>.debug_info</name>
         <load_address>0xfa9b</load_address>
         <run_address>0xfa9b</run_address>
         <size>0x26c</size>
         <input_file_ref idref="fl-14"/>
      </object_component>
      <object_component id="oc-1a4">
         <name>.debug_info</name>
         <load_address>0xfd07</load_address>
         <run_address>0xfd07</run_address>
         <size>0x17a</size>
         <input_file_ref idref="fl-14"/>
      </object_component>
      <object_component id="oc-14a">
         <name>.debug_info</name>
         <load_address>0xfe81</load_address>
         <run_address>0xfe81</run_address>
         <size>0x6a6</size>
         <input_file_ref idref="fl-14"/>
      </object_component>
      <object_component id="oc-14f">
         <name>.debug_info</name>
         <load_address>0x10527</load_address>
         <run_address>0x10527</run_address>
         <size>0x13e</size>
         <input_file_ref idref="fl-14"/>
      </object_component>
      <object_component id="oc-4f">
         <name>.debug_info</name>
         <load_address>0x10665</load_address>
         <run_address>0x10665</run_address>
         <size>0x84</size>
         <input_file_ref idref="fl-15"/>
      </object_component>
      <object_component id="oc-288">
         <name>.debug_info</name>
         <load_address>0x106e9</load_address>
         <run_address>0x106e9</run_address>
         <size>0x684</size>
         <input_file_ref idref="fl-16"/>
      </object_component>
      <object_component id="oc-1d1">
         <name>.debug_info</name>
         <load_address>0x10d6d</load_address>
         <run_address>0x10d6d</run_address>
         <size>0x166e</size>
         <input_file_ref idref="fl-16"/>
      </object_component>
      <object_component id="oc-282">
         <name>.debug_info</name>
         <load_address>0x123db</load_address>
         <run_address>0x123db</run_address>
         <size>0x110</size>
         <input_file_ref idref="fl-16"/>
      </object_component>
      <object_component id="oc-1ec">
         <name>.debug_info</name>
         <load_address>0x124eb</load_address>
         <run_address>0x124eb</run_address>
         <size>0x39</size>
         <input_file_ref idref="fl-16"/>
      </object_component>
      <object_component id="oc-28b">
         <name>.debug_info</name>
         <load_address>0x12524</load_address>
         <run_address>0x12524</run_address>
         <size>0x46</size>
         <input_file_ref idref="fl-16"/>
      </object_component>
      <object_component id="oc-2fd">
         <name>.debug_info</name>
         <load_address>0x1256a</load_address>
         <run_address>0x1256a</run_address>
         <size>0x62</size>
         <input_file_ref idref="fl-16"/>
      </object_component>
      <object_component id="oc-2aa">
         <name>.debug_info</name>
         <load_address>0x125cc</load_address>
         <run_address>0x125cc</run_address>
         <size>0x431</size>
         <input_file_ref idref="fl-17"/>
      </object_component>
      <object_component id="oc-303">
         <name>.debug_info</name>
         <load_address>0x129fd</load_address>
         <run_address>0x129fd</run_address>
         <size>0xf0</size>
         <input_file_ref idref="fl-17"/>
      </object_component>
      <object_component id="oc-2a4">
         <name>.debug_info</name>
         <load_address>0x12aed</load_address>
         <run_address>0x12aed</run_address>
         <size>0x102</size>
         <input_file_ref idref="fl-17"/>
      </object_component>
      <object_component id="oc-2a7">
         <name>.debug_info</name>
         <load_address>0x12bef</load_address>
         <run_address>0x12bef</run_address>
         <size>0xf0</size>
         <input_file_ref idref="fl-17"/>
      </object_component>
      <object_component id="oc-2a1">
         <name>.debug_info</name>
         <load_address>0x12cdf</load_address>
         <run_address>0x12cdf</run_address>
         <size>0x1a4</size>
         <input_file_ref idref="fl-17"/>
      </object_component>
      <object_component id="oc-1f3">
         <name>.debug_info</name>
         <load_address>0x12e83</load_address>
         <run_address>0x12e83</run_address>
         <size>0x63d</size>
         <input_file_ref idref="fl-17"/>
      </object_component>
      <object_component id="oc-29b">
         <name>.debug_info</name>
         <load_address>0x134c0</load_address>
         <run_address>0x134c0</run_address>
         <size>0x327</size>
         <input_file_ref idref="fl-17"/>
      </object_component>
      <object_component id="oc-30c">
         <name>.debug_info</name>
         <load_address>0x137e7</load_address>
         <run_address>0x137e7</run_address>
         <size>0x62</size>
         <input_file_ref idref="fl-17"/>
      </object_component>
      <object_component id="oc-2ac">
         <name>.debug_info</name>
         <load_address>0x13849</load_address>
         <run_address>0x13849</run_address>
         <size>0x367</size>
         <input_file_ref idref="fl-18"/>
      </object_component>
      <object_component id="oc-1fa">
         <name>.debug_info</name>
         <load_address>0x13bb0</load_address>
         <run_address>0x13bb0</run_address>
         <size>0x5be</size>
         <input_file_ref idref="fl-18"/>
      </object_component>
      <object_component id="oc-1e1">
         <name>.debug_info</name>
         <load_address>0x1416e</load_address>
         <run_address>0x1416e</run_address>
         <size>0xe33</size>
         <input_file_ref idref="fl-19"/>
      </object_component>
      <object_component id="oc-104">
         <name>.debug_info</name>
         <load_address>0x14fa1</load_address>
         <run_address>0x14fa1</run_address>
         <size>0x4308</size>
         <input_file_ref idref="fl-19"/>
      </object_component>
      <object_component id="oc-2b4">
         <name>.debug_info</name>
         <load_address>0x192a9</load_address>
         <run_address>0x192a9</run_address>
         <size>0x47f</size>
         <input_file_ref idref="fl-1a"/>
      </object_component>
      <object_component id="oc-136">
         <name>.debug_info</name>
         <load_address>0x19728</load_address>
         <run_address>0x19728</run_address>
         <size>0x13e</size>
         <input_file_ref idref="fl-1a"/>
      </object_component>
      <object_component id="oc-1ff">
         <name>.debug_info</name>
         <load_address>0x19866</load_address>
         <run_address>0x19866</run_address>
         <size>0x692</size>
         <input_file_ref idref="fl-1a"/>
      </object_component>
      <object_component id="oc-2af">
         <name>.debug_info</name>
         <load_address>0x19ef8</load_address>
         <run_address>0x19ef8</run_address>
         <size>0x407</size>
         <input_file_ref idref="fl-1a"/>
      </object_component>
      <object_component id="oc-a3">
         <name>.debug_info</name>
         <load_address>0x1a2ff</load_address>
         <run_address>0x1a2ff</run_address>
         <size>0x677</size>
         <input_file_ref idref="fl-1b"/>
      </object_component>
      <object_component id="oc-281">
         <name>.debug_info</name>
         <load_address>0x1a976</load_address>
         <run_address>0x1a976</run_address>
         <size>0x70a</size>
         <input_file_ref idref="fl-1c"/>
      </object_component>
      <object_component id="oc-1cb">
         <name>.debug_info</name>
         <load_address>0x1b080</load_address>
         <run_address>0x1b080</run_address>
         <size>0x27b8</size>
         <input_file_ref idref="fl-1c"/>
      </object_component>
      <object_component id="oc-2f6">
         <name>.debug_info</name>
         <load_address>0x1d838</load_address>
         <run_address>0x1d838</run_address>
         <size>0x155</size>
         <input_file_ref idref="fl-1c"/>
      </object_component>
      <object_component id="oc-20d">
         <name>.debug_info</name>
         <load_address>0x1d98d</load_address>
         <run_address>0x1d98d</run_address>
         <size>0x888</size>
         <input_file_ref idref="fl-1d"/>
      </object_component>
      <object_component id="oc-133">
         <name>.debug_info</name>
         <load_address>0x1e215</load_address>
         <run_address>0x1e215</run_address>
         <size>0x361</size>
         <input_file_ref idref="fl-1d"/>
      </object_component>
      <object_component id="oc-204">
         <name>.debug_info</name>
         <load_address>0x1e576</load_address>
         <run_address>0x1e576</run_address>
         <size>0x28d</size>
         <input_file_ref idref="fl-1d"/>
      </object_component>
      <object_component id="oc-109">
         <name>.debug_info</name>
         <load_address>0x1e803</load_address>
         <run_address>0x1e803</run_address>
         <size>0x5581</size>
         <input_file_ref idref="fl-1d"/>
      </object_component>
      <object_component id="oc-1c5">
         <name>.debug_info</name>
         <load_address>0x23d84</load_address>
         <run_address>0x23d84</run_address>
         <size>0x491</size>
         <input_file_ref idref="fl-1d"/>
      </object_component>
      <object_component id="oc-2bb">
         <name>.debug_info</name>
         <load_address>0x24215</load_address>
         <run_address>0x24215</run_address>
         <size>0x14e</size>
         <input_file_ref idref="fl-1d"/>
      </object_component>
      <object_component id="oc-16f">
         <name>.debug_info</name>
         <load_address>0x24363</load_address>
         <run_address>0x24363</run_address>
         <size>0x282</size>
         <input_file_ref idref="fl-1f"/>
      </object_component>
      <object_component id="oc-db">
         <name>.debug_info</name>
         <load_address>0x245e5</load_address>
         <run_address>0x245e5</run_address>
         <size>0x25d</size>
         <input_file_ref idref="fl-1f"/>
      </object_component>
      <object_component id="oc-6d">
         <name>.debug_info</name>
         <load_address>0x24842</load_address>
         <run_address>0x24842</run_address>
         <size>0xaf3</size>
         <input_file_ref idref="fl-22"/>
      </object_component>
      <object_component id="oc-32">
         <name>.debug_info</name>
         <load_address>0x25335</load_address>
         <run_address>0x25335</run_address>
         <size>0x136</size>
         <input_file_ref idref="fl-24"/>
      </object_component>
      <object_component id="oc-8a">
         <name>.debug_info</name>
         <load_address>0x2546b</load_address>
         <run_address>0x2546b</run_address>
         <size>0x1af</size>
         <input_file_ref idref="fl-25"/>
      </object_component>
      <object_component id="oc-26b">
         <name>.debug_info</name>
         <load_address>0x2561a</load_address>
         <run_address>0x2561a</run_address>
         <size>0x2a1</size>
         <input_file_ref idref="fl-27"/>
      </object_component>
      <object_component id="oc-2ef">
         <name>.debug_info</name>
         <load_address>0x258bb</load_address>
         <run_address>0x258bb</run_address>
         <size>0x242</size>
         <input_file_ref idref="fl-27"/>
      </object_component>
      <object_component id="oc-19a">
         <name>.debug_info</name>
         <load_address>0x25afd</load_address>
         <run_address>0x25afd</run_address>
         <size>0x2af</size>
         <input_file_ref idref="fl-27"/>
      </object_component>
      <object_component id="oc-35">
         <name>.debug_info</name>
         <load_address>0x25dac</load_address>
         <run_address>0x25dac</run_address>
         <size>0x180</size>
         <input_file_ref idref="fl-28"/>
      </object_component>
      <object_component id="oc-e1">
         <name>.debug_info</name>
         <load_address>0x25f2c</load_address>
         <run_address>0x25f2c</run_address>
         <size>0x49d</size>
         <input_file_ref idref="fl-2a"/>
      </object_component>
      <object_component id="oc-e6">
         <name>.debug_info</name>
         <load_address>0x263c9</load_address>
         <run_address>0x263c9</run_address>
         <size>0x671</size>
         <input_file_ref idref="fl-2b"/>
      </object_component>
      <object_component id="oc-78">
         <name>.debug_info</name>
         <load_address>0x26a3a</load_address>
         <run_address>0x26a3a</run_address>
         <size>0x3892</size>
         <input_file_ref idref="fl-2b"/>
      </object_component>
      <object_component id="oc-21">
         <name>.debug_info</name>
         <load_address>0x2a2cc</load_address>
         <run_address>0x2a2cc</run_address>
         <size>0x5eb</size>
         <input_file_ref idref="fl-2c"/>
      </object_component>
      <object_component id="oc-a9">
         <name>.debug_info</name>
         <load_address>0x2a8b7</load_address>
         <run_address>0x2a8b7</run_address>
         <size>0x4a9</size>
         <input_file_ref idref="fl-2d"/>
      </object_component>
      <object_component id="oc-2d">
         <name>.debug_info</name>
         <load_address>0x2ad60</load_address>
         <run_address>0x2ad60</run_address>
         <size>0xf8</size>
         <input_file_ref idref="fl-2d"/>
      </object_component>
      <object_component id="oc-3c">
         <name>.debug_info</name>
         <load_address>0x2ae58</load_address>
         <run_address>0x2ae58</run_address>
         <size>0x57a</size>
         <input_file_ref idref="fl-2d"/>
      </object_component>
      <object_component id="oc-41">
         <name>.debug_info</name>
         <load_address>0x2b3d2</load_address>
         <run_address>0x2b3d2</run_address>
         <size>0x243</size>
         <input_file_ref idref="fl-2d"/>
      </object_component>
      <object_component id="oc-159">
         <name>.debug_info</name>
         <load_address>0x2b615</load_address>
         <run_address>0x2b615</run_address>
         <size>0x4f</size>
         <input_file_ref idref="fl-2d"/>
      </object_component>
      <object_component id="oc-df">
         <name>.debug_info</name>
         <load_address>0x2b664</load_address>
         <run_address>0x2b664</run_address>
         <size>0x51e</size>
         <input_file_ref idref="fl-2e"/>
      </object_component>
      <object_component id="oc-72">
         <name>.debug_info</name>
         <load_address>0x2bb82</load_address>
         <run_address>0x2bb82</run_address>
         <size>0x929</size>
         <input_file_ref idref="fl-2e"/>
      </object_component>
      <object_component id="oc-fb">
         <name>.debug_info</name>
         <load_address>0x2c4ab</load_address>
         <run_address>0x2c4ab</run_address>
         <size>0x483</size>
         <input_file_ref idref="fl-3a"/>
      </object_component>
      <object_component id="oc-84">
         <name>.debug_info</name>
         <load_address>0x2c92e</load_address>
         <run_address>0x2c92e</run_address>
         <size>0x190</size>
         <input_file_ref idref="fl-3a"/>
      </object_component>
      <object_component id="oc-1b8">
         <name>.debug_info</name>
         <load_address>0x2cabe</load_address>
         <run_address>0x2cabe</run_address>
         <size>0x39</size>
         <input_file_ref idref="fl-3a"/>
      </object_component>
      <object_component id="oc-273">
         <name>.debug_info</name>
         <load_address>0x2caf7</load_address>
         <run_address>0x2caf7</run_address>
         <size>0x39</size>
         <input_file_ref idref="fl-3a"/>
      </object_component>
      <object_component id="oc-1bd">
         <name>.debug_info</name>
         <load_address>0x2cb30</load_address>
         <run_address>0x2cb30</run_address>
         <size>0xcd</size>
         <input_file_ref idref="fl-3a"/>
      </object_component>
      <object_component id="oc-c6">
         <name>.debug_info</name>
         <load_address>0x2cbfd</load_address>
         <run_address>0x2cbfd</run_address>
         <size>0x293</size>
         <input_file_ref idref="fl-3b"/>
      </object_component>
      <object_component id="oc-f">
         <name>.debug_info</name>
         <load_address>0x2ce90</load_address>
         <run_address>0x2ce90</run_address>
         <size>0x245</size>
         <input_file_ref idref="fl-3b"/>
      </object_component>
      <object_component id="oc-4a">
         <name>.debug_info</name>
         <load_address>0x2d0d5</load_address>
         <run_address>0x2d0d5</run_address>
         <size>0x60</size>
         <input_file_ref idref="fl-3b"/>
      </object_component>
      <object_component id="oc-c1">
         <name>.debug_info</name>
         <load_address>0x2d135</load_address>
         <run_address>0x2d135</run_address>
         <size>0x46</size>
         <input_file_ref idref="fl-3b"/>
      </object_component>
      <object_component id="oc-5f">
         <name>.debug_info</name>
         <load_address>0x2d17b</load_address>
         <run_address>0x2d17b</run_address>
         <size>0x2d5</size>
         <input_file_ref idref="fl-3c"/>
      </object_component>
      <object_component id="oc-17">
         <name>.debug_info</name>
         <load_address>0x2d450</load_address>
         <run_address>0x2d450</run_address>
         <size>0x1ca</size>
         <input_file_ref idref="fl-3c"/>
      </object_component>
      <object_component id="oc-5a">
         <name>.debug_info</name>
         <load_address>0x2d61a</load_address>
         <run_address>0x2d61a</run_address>
         <size>0x46</size>
         <input_file_ref idref="fl-3c"/>
      </object_component>
      <object_component id="oc-c8">
         <name>.debug_info</name>
         <load_address>0x2d660</load_address>
         <run_address>0x2d660</run_address>
         <size>0x2c</size>
         <input_file_ref idref="fl-3c"/>
      </object_component>
      <object_component id="oc-6b">
         <name>.debug_info</name>
         <load_address>0x2d68c</load_address>
         <run_address>0x2d68c</run_address>
         <size>0x2c9</size>
         <input_file_ref idref="fl-3d"/>
      </object_component>
      <object_component id="oc-1d">
         <name>.debug_info</name>
         <load_address>0x2d955</load_address>
         <run_address>0x2d955</run_address>
         <size>0x1aa</size>
         <input_file_ref idref="fl-3d"/>
      </object_component>
      <object_component id="oc-66">
         <name>.debug_info</name>
         <load_address>0x2daff</load_address>
         <run_address>0x2daff</run_address>
         <size>0x46</size>
         <input_file_ref idref="fl-3d"/>
      </object_component>
      <object_component id="oc-1b4">
         <name>.debug_info</name>
         <load_address>0x2db45</load_address>
         <run_address>0x2db45</run_address>
         <size>0x37a</size>
         <input_file_ref idref="fl-3e"/>
      </object_component>
      <object_component id="oc-ef">
         <name>.debug_info</name>
         <load_address>0x2debf</load_address>
         <run_address>0x2debf</run_address>
         <size>0x183</size>
         <input_file_ref idref="fl-3e"/>
      </object_component>
      <object_component id="oc-26e">
         <name>.debug_info</name>
         <load_address>0x2e042</load_address>
         <run_address>0x2e042</run_address>
         <size>0x2c</size>
         <input_file_ref idref="fl-3e"/>
      </object_component>
      <object_component id="oc-124">
         <name>.debug_info</name>
         <load_address>0x2e06e</load_address>
         <run_address>0x2e06e</run_address>
         <size>0x3ce</size>
         <input_file_ref idref="fl-3f"/>
      </object_component>
      <object_component id="oc-11e">
         <name>.debug_info</name>
         <load_address>0x2e43c</load_address>
         <run_address>0x2e43c</run_address>
         <size>0x185</size>
         <input_file_ref idref="fl-3f"/>
      </object_component>
      <object_component id="oc-92">
         <name>.debug_info</name>
         <load_address>0x2e5c1</load_address>
         <run_address>0x2e5c1</run_address>
         <size>0x214</size>
         <input_file_ref idref="fl-3f"/>
      </object_component>
      <object_component id="oc-57">
         <name>.debug_info</name>
         <load_address>0x2e7d5</load_address>
         <run_address>0x2e7d5</run_address>
         <size>0x111</size>
         <input_file_ref idref="fl-47"/>
      </object_component>
      <object_component id="oc-61">
         <name>.debug_info</name>
         <load_address>0x2e8e6</load_address>
         <run_address>0x2e8e6</run_address>
         <size>0x13f</size>
         <input_file_ref idref="fl-48"/>
      </object_component>
      <object_component id="oc-f5">
         <name>.debug_info</name>
[...]
         <object_component_ref idref="oc-6c"/>
      </symbol>
      <symbol id="sm-7d8">
         <name>_coreGetInstructionFault_</name>
         <value>0xe13c</value>
         <object_component_ref idref="oc-6c"/>
      </symbol>
      <symbol id="sm-7d9">
         <name>_coreEnableVfp_</name>
         <value>0xe09c</value>
         <object_component_ref idref="oc-6c"/>
      </symbol>
      <symbol id="sm-7da">
         <name>_coreClearAuxiliaryDataFault_</name>
         <value>0xe180</value>
         <object_component_ref idref="oc-6c"/>
      </symbol>
      <symbol id="sm-7db">
         <name>_coreEnableEventBusExport_</name>
         <value>0xe0b4</value>
         <object_component_ref idref="oc-6c"/>
      </symbol>
      <symbol id="sm-7e7">
         <name>resetEntry</name>
         <value>0x0</value>
         <object_component_ref idref="oc-2f"/>
      </symbol>
      <symbol id="sm-7f7">
         <name>main</name>
         <value>0xf704</value>
         <object_component_ref idref="oc-89"/>
      </symbol>
      <symbol id="sm-810">
         <name>phantomInterrupt</name>
         <value>0xf7cc</value>
         <object_component_ref idref="oc-34"/>
      </symbol>
      <symbol id="sm-81a">
         <name>_pmuResetCounters_</name>
         <value>0xf420</value>
         <object_component_ref idref="oc-e0"/>
      </symbol>
      <symbol id="sm-81b">
         <name>_pmuGetEventCount_</name>
         <value>0xf454</value>
         <object_component_ref idref="oc-e0"/>
      </symbol>
      <symbol id="sm-81c">
         <name>_pmuResetEventCounters_</name>
         <value>0xf410</value>
         <object_component_ref idref="oc-e0"/>
      </symbol>
      <symbol id="sm-81d">
         <name>_pmuStopCounters_</name>
         <value>0xf438</value>
         <object_component_ref idref="oc-e0"/>
      </symbol>
      <symbol id="sm-81e">
         <name>_pmuInit_</name>
         <value>0xf394</value>
         <object_component_ref idref="oc-e0"/>
      </symbol>
      <symbol id="sm-81f">
         <name>_pmuGetOverflow_</name>
         <value>0xf460</value>
         <object_component_ref idref="oc-e0"/>
      </symbol>
      <symbol id="sm-820">
         <name>_pmuResetCycleCounter_</name>
         <value>0xf400</value>
         <object_component_ref idref="oc-e0"/>
      </symbol>
      <symbol id="sm-821">
         <name>_pmuSetCountEvent_</name>
         <value>0xf440</value>
         <object_component_ref idref="oc-e0"/>
      </symbol>
      <symbol id="sm-822">
         <name>_pmuGetCycleCount_</name>
         <value>0xf44c</value>
         <object_component_ref idref="oc-e0"/>
      </symbol>
      <symbol id="sm-823">
         <name>_pmuEnableCountersGlobal_</name>
         <value>0xf3e0</value>
         <object_component_ref idref="oc-e0"/>
      </symbol>
      <symbol id="sm-824">
         <name>_pmuDisableCountersGlobal_</name>
         <value>0xf3f0</value>
         <object_component_ref idref="oc-e0"/>
      </symbol>
      <symbol id="sm-825">
         <name>_pmuStartCounters_</name>
         <value>0xf430</value>
         <object_component_ref idref="oc-e0"/>
      </symbol>
      <symbol id="sm-9e5">
         <name>pbistSelfCheck</name>
         <value>0x82cc</value>
         <object_component_ref idref="oc-77"/>
      </symbol>
      <symbol id="sm-9e6">
         <name>fmcBus1ParityCheck</name>
         <value>0xa2c4</value>
         <object_component_ref idref="oc-77"/>
      </symbol>
      <symbol id="sm-9e7">
         <name>can1ParityCheck</name>
         <value>0x9410</value>
         <object_component_ref idref="oc-77"/>
      </symbol>
      <symbol id="sm-9e8">
         <name>enableParity</name>
         <value>0xaad0</value>
         <object_component_ref idref="oc-77"/>
      </symbol>
      <symbol id="sm-9e9">
         <name>dmaParityCheck</name>
         <value>0x8eac</value>
         <object_component_ref idref="oc-77"/>
      </symbol>
      <symbol id="sm-9ea">
         <name>custom_dabort</name>
         <value>0x8df4</value>
         <object_component_ref idref="oc-77"/>
      </symbol>
      <symbol id="sm-9eb">
         <name>memoryInit</name>
         <value>0x8174</value>
         <object_component_ref idref="oc-77"/>
      </symbol>
      <symbol id="sm-9ec">
         <name>stcSelfCheck</name>
         <value>0x81b8</value>
         <object_component_ref idref="oc-77"/>
      </symbol>
      <symbol id="sm-9ed">
         <name>efcGetConfigValue</name>
         <value>0xa660</value>
         <object_component_ref idref="oc-77"/>
      </symbol>
      <symbol id="sm-9ee">
         <name>can2ParityCheck</name>
         <value>0x94e8</value>
         <object_component_ref idref="oc-77"/>
      </symbol>
      <symbol id="sm-9ef">
         <name>het1ParityCheck</name>
         <value>0x8f58</value>
         <object_component_ref idref="oc-77"/>
      </symbol>
      <symbol id="sm-9f0">
         <name>adc1ParityCheck</name>
         <value>0x926c</value>
         <object_component_ref idref="oc-77"/>
      </symbol>
      <symbol id="sm-9f1">
         <name>checkefcSelfTest</name>
         <value>0x87bc</value>
         <object_component_ref idref="oc-77"/>
      </symbol>
      <symbol id="sm-9f2">
         <name>checkRAMECC</name>
         <value>0x99d0</value>
         <object_component_ref idref="oc-77"/>
      </symbol>
      <symbol id="sm-9f3">
         <name>stcSelfCheckFail</name>
         <value>0x8df8</value>
         <object_component_ref idref="oc-77"/>
      </symbol>
      <symbol id="sm-9f4">
         <name>ccmSelfCheck</name>
         <value>0x8030</value>
         <object_component_ref idref="oc-77"/>
      </symbol>
      <symbol id="sm-9f5">
         <name>efcCheck</name>
         <value>0x8660</value>
         <object_component_ref idref="oc-77"/>
      </symbol>
      <symbol id="sm-9f6">
         <name>het2ParityCheck</name>
         <value>0x90c0</value>
         <object_component_ref idref="oc-77"/>
      </symbol>
      <symbol id="sm-9f7">
         <name>adc2ParityCheck</name>
         <value>0x9358</value>
         <object_component_ref idref="oc-77"/>
      </symbol>
      <symbol id="sm-9f8">
         <name>cpuSelfTest</name>
         <value>0x8234</value>
         <object_component_ref idref="oc-77"/>
      </symbol>
      <symbol id="sm-9f9">
         <name>htu1ParityCheck</name>
         <value>0x9004</value>
         <object_component_ref idref="oc-77"/>
      </symbol>
      <symbol id="sm-9fa">
         <name>checkFlashECC</name>
         <value>0x8d18</value>
         <object_component_ref idref="oc-77"/>
      </symbol>
      <symbol id="sm-9fb">
         <name>cpuSelfTestFail</name>
         <value>0x8dfc</value>
         <object_component_ref idref="oc-77"/>
      </symbol>
      <symbol id="sm-9fc">
         <name>checkPLL1Slip</name>
         <value>0x9e8c</value>
         <object_component_ref idref="oc-77"/>
      </symbol>
      <symbol id="sm-9fd">
         <name>mibspi1ParityCheck</name>
         <value>0x9684</value>
         <object_component_ref idref="oc-77"/>
      </symbol>
      <symbol id="sm-9fe">
         <name>ccmr4GetConfigValue</name>
         <value>0xa6fc</value>
         <object_component_ref idref="oc-77"/>
      </symbol>
      <symbol id="sm-9ff">
         <name>htu2ParityCheck</name>
         <value>0x91bc</value>
         <object_component_ref idref="oc-77"/>
      </symbol>
      <symbol id="sm-a00">
         <name>pbistPortTestStatus</name>
         <value>0x8608</value>
         <object_component_ref idref="oc-77"/>
      </symbol>
      <symbol id="sm-a01">
         <name>checkFlashEEPROMECC</name>
         <value>0x9cf4</value>
         <object_component_ref idref="oc-77"/>
      </symbol>
      <symbol id="sm-a02">
         <name>pbistGetConfigValue</name>
         <value>0xa470</value>
         <object_component_ref idref="oc-77"/>
      </symbol>
      <symbol id="sm-a03">
         <name>vimParityCheck</name>
         <value>0x8e00</value>
         <object_component_ref idref="oc-77"/>
      </symbol>
      <symbol id="sm-a04">
         <name>pbistIsTestCompleted</name>
         <value>0x85a8</value>
         <object_component_ref idref="oc-77"/>
      </symbol>
      <symbol id="sm-a05">
         <name>disableParity</name>
         <value>0xab58</value>
         <object_component_ref idref="oc-77"/>
      </symbol>
      <symbol id="sm-a06">
         <name>pbistRun</name>
         <value>0x84ac</value>
         <object_component_ref idref="oc-77"/>
      </symbol>
      <symbol id="sm-a07">
         <name>pbistFail</name>
         <value>0xa3ec</value>
         <object_component_ref idref="oc-77"/>
      </symbol>
      <symbol id="sm-a08">
         <name>selftestFailNotification</name>
         <value>0x8020</value>
         <object_component_ref idref="oc-77"/>
      </symbol>
      <symbol id="sm-a09">
         <name>errata_PBIST_4</name>
         <value>0xa76c</value>
         <object_component_ref idref="oc-77"/>
      </symbol>
      <symbol id="sm-a0a">
         <name>mibspi3ParityCheck</name>
         <value>0x978c</value>
         <object_component_ref idref="oc-77"/>
      </symbol>
      <symbol id="sm-a0b">
         <name>efcSelfTest</name>
         <value>0x8794</value>
         <object_component_ref idref="oc-77"/>
      </symbol>
      <symbol id="sm-a0c">
         <name>checkB1RAMECC</name>
         <value>0x8b28</value>
         <object_component_ref idref="oc-77"/>
      </symbol>
      <symbol id="sm-a0d">
         <name>pbistStop</name>
         <value>0x8578</value>
         <object_component_ref idref="oc-77"/>
      </symbol>
      <symbol id="sm-a0e">
         <name>can3ParityCheck</name>
         <value>0x95b0</value>
         <object_component_ref idref="oc-77"/>
      </symbol>
      <symbol id="sm-a0f">
         <name>checkRAMAddrParity</name>
         <value>0xa050</value>
         <object_component_ref idref="oc-77"/>
      </symbol>
      <symbol id="sm-a10">
         <name>mibspi5ParityCheck</name>
         <value>0x98b0</value>
         <object_component_ref idref="oc-77"/>
      </symbol>
      <symbol id="sm-a11">
         <name>checkB0RAMECC</name>
         <value>0x8938</value>
         <object_component_ref idref="oc-77"/>
      </symbol>
      <symbol id="sm-a12">
         <name>stcGetConfigValue</name>
         <value>0xa5bc</value>
         <object_component_ref idref="oc-77"/>
      </symbol>
      <symbol id="sm-a13">
         <name>pbistIsTestPassed</name>
         <value>0x85d4</value>
         <object_component_ref idref="oc-77"/>
      </symbol>
      <symbol id="sm-a14">
         <name>checkClockMonitor</name>
         <value>0x9c18</value>
         <object_component_ref idref="oc-77"/>
      </symbol>
      <symbol id="sm-a15">
         <name>fmcECCcheck</name>
         <value>0x8898</value>
         <object_component_ref idref="oc-77"/>
      </symbol>
      <symbol id="sm-a16">
         <name>fmcBus2Check</name>
         <value>0x885c</value>
         <object_component_ref idref="oc-77"/>
      </symbol>
      <symbol id="sm-a17">
         <name>checkRAMUERRTest</name>
         <value>0xa15c</value>
         <object_component_ref idref="oc-77"/>
      </symbol>
      <symbol id="sm-a18">
         <name>efcStuckZeroTest</name>
         <value>0x86e8</value>
         <object_component_ref idref="oc-77"/>
      </symbol>
      <symbol id="sm-a19">
         <name>checkPLL2Slip</name>
         <value>0x9f8c</value>
         <object_component_ref idref="oc-77"/>
      </symbol>
      <symbol id="sm-a41">
         <name>_c_int00</name>
         <value>0xe7c0</value>
         <object_component_ref idref="oc-20"/>
      </symbol>
      <symbol id="sm-af1">
         <name>vimChannelMap</name>
         <value>0xb8f8</value>
         <object_component_ref idref="oc-3b"/>
      </symbol>
      <symbol id="sm-af2">
         <name>vimInit</name>
         <value>0xb824</value>
         <object_component_ref idref="oc-3b"/>
      </symbol>
      <symbol id="sm-af3">
         <name>vimEnableInterrupt</name>
         <value>0xb99c</value>
         <object_component_ref idref="oc-3b"/>
      </symbol>
      <symbol id="sm-af4">
         <name>vimDisableInterrupt</name>
         <value>0xbb64</value>
         <object_component_ref idref="oc-3b"/>
      </symbol>
      <symbol id="sm-af5">
         <name>vimGetConfigValue</name>
         <value>0xbc10</value>
         <object_component_ref idref="oc-3b"/>
      </symbol>
      <symbol id="sm-af6">
         <name>vimParityErrorHandler</name>
         <value>0xe270</value>
         <object_component_ref idref="oc-3a"/>
      </symbol>
      <symbol id="sm-b50">
         <name>systemGetConfigValue</name>
         <value>0xb05c</value>
         <object_component_ref idref="oc-71"/>
      </symbol>
      <symbol id="sm-b51">
         <name>trimLPO</name>
         <value>0xad5c</value>
         <object_component_ref idref="oc-71"/>
      </symbol>
      <symbol id="sm-b52">
         <name>systemInit</name>
         <value>0xaf60</value>
         <object_component_ref idref="oc-71"/>
      </symbol>
      <symbol id="sm-b53">
         <name>tcmflashGetConfigValue</name>
         <value>0xb470</value>
         <object_component_ref idref="oc-71"/>
      </symbol>
      <symbol id="sm-b54">
         <name>sramGetConfigValue</name>
         <value>0xb61c</value>
         <object_component_ref idref="oc-71"/>
      </symbol>
      <symbol id="sm-b55">
         <name>periphInit</name>
         <value>0xade4</value>
         <object_component_ref idref="oc-71"/>
      </symbol>
      <symbol id="sm-b56">
         <name>setupFlash</name>
         <value>0xada4</value>
         <object_component_ref idref="oc-71"/>
      </symbol>
      <symbol id="sm-b57">
         <name>setupPLL</name>
         <value>0xacfc</value>
         <object_component_ref idref="oc-71"/>
      </symbol>
      <symbol id="sm-b58">
         <name>mapClocks</name>
         <value>0xae38</value>
         <object_component_ref idref="oc-71"/>
      </symbol>
      <symbol id="sm-b59">
         <name>systemPowerDown</name>
         <value>0xb02c</value>
         <object_component_ref idref="oc-71"/>
      </symbol>
      <symbol id="sm-b8a">
         <name>__TI_auto_init</name>
         <value>0xf58d</value>
         <object_component_ref idref="oc-83"/>
      </symbol>
      <symbol id="sm-ba8">
         <name>__TI_decompress_lzss</name>
         <value>0xf5fd</value>
         <object_component_ref idref="oc-e"/>
      </symbol>
      <symbol id="sm-bbf">
         <name>__TI_decompress_none</name>
         <value>0xf7b1</value>
         <object_component_ref idref="oc-14"/>
      </symbol>
      <symbol id="sm-bd1">
         <name>__TI_zero_init</name>
         <value>0xf7bf</value>
         <object_component_ref idref="oc-1a"/>
      </symbol>
      <symbol id="sm-beb">
         <name>copy_in</name>
         <value>0xf6b9</value>
         <object_component_ref idref="oc-ee"/>
      </symbol>
      <symbol id="sm-c0c">
         <name>C$$EXIT</name>
         <value>0xf669</value>
         <object_component_ref idref="oc-8f"/>
      </symbol>
      <symbol id="sm-c0d">
         <name>abort</name>
         <value>0xf66d</value>
         <object_component_ref idref="oc-8f"/>
      </symbol>
      <symbol id="sm-c0e">
         <name>exit</name>
         <value>0xf675</value>
         <object_component_ref idref="oc-8f"/>
      </symbol>
      <symbol id="sm-c0f">
         <name>__TI_dtors_ptr</name>
         <value>0x8003014</value>
         <object_component_ref idref="oc-11d"/>
      </symbol>
      <symbol id="sm-c10">
         <name>__TI_cleanup_ptr</name>
         <value>0x8003010</value>
         <object_component_ref idref="oc-11d"/>
      </symbol>
      <symbol id="sm-c11">
         <name>__TI_enable_exit_profile_output</name>
         <value>0x8003018</value>
         <object_component_ref idref="oc-11d"/>
      </symbol>
      <symbol id="sm-c33">
         <name>memcpy</name>
         <value>0xf475</value>
         <object_component_ref idref="oc-54"/>
      </symbol>
      <symbol id="sm-c34">
         <name>__aeabi_memcpy</name>
         <value>0xf475</value>
         <object_component_ref idref="oc-54"/>
      </symbol>
      <symbol id="sm-c35">
         <name>__aeabi_memcpy8</name>
         <value>0xf475</value>
         <object_component_ref idref="oc-54"/>
      </symbol>
      <symbol id="sm-c36">
         <name>__aeabi_memcpy4</name>
         <value>0xf475</value>
         <object_component_ref idref="oc-54"/>
      </symbol>
      <symbol id="sm-c45">
         <name>__aeabi_memset</name>
         <value>0xf513</value>
         <object_component_ref idref="oc-60"/>
      </symbol>
      <symbol id="sm-c46">
         <name>memset</name>
         <value>0xf519</value>
         <object_component_ref idref="oc-60"/>
      </symbol>
      <symbol id="sm-c47">
         <name>__aeabi_memset8</name>
         <value>0xf513</value>
         <object_component_ref idref="oc-60"/>
      </symbol>
      <symbol id="sm-c48">
         <name>__aeabi_memset4</name>
         <value>0xf513</value>
         <object_component_ref idref="oc-60"/>
      </symbol>
      <symbol id="sm-c49">
         <name>__aeabi_memclr8</name>
         <value>0xf511</value>
         <object_component_ref idref="oc-60"/>
      </symbol>
      <symbol id="sm-c4a">
         <name>__aeabi_memclr4</name>
         <value>0xf511</value>
         <object_component_ref idref="oc-60"/>
      </symbol>
      <symbol id="sm-c4b">
         <name>__aeabi_memclr</name>
         <value>0xf511</value>
         <object_component_ref idref="oc-60"/>
      </symbol>
      <symbol id="sm-c56">
         <name>_system_post_cinit</name>
         <value>0xf58b</value>
         <object_component_ref idref="oc-f4"/>
      </symbol>
      <symbol id="sm-c64">
         <name>strlen</name>
         <value>0xf785</value>
         <object_component_ref idref="oc-206"/>
      </symbol>
      <symbol id="sm-c80">
         <name>_nop</name>
         <value>0xf7ab</value>
         <object_component_ref idref="oc-214"/>
      </symbol>
      <symbol id="sm-c81">
         <name>_lock</name>
         <value>0x800301c</value>
         <object_component_ref idref="oc-120"/>
      </symbol>
      <symbol id="sm-c82">
         <name>_unlock</name>
         <value>0x8003020</value>
         <object_component_ref idref="oc-120"/>
      </symbol>
      <symbol id="sm-c83">
         <name>_register_lock</name>
         <value>0xf7a3</value>
         <object_component_ref idref="oc-214"/>
      </symbol>
      <symbol id="sm-c84">
         <name>_register_unlock</name>
         <value>0xf79d</value>
         <object_component_ref idref="oc-214"/>
      </symbol>
      <symbol id="sm-cb3">
         <name>_sys_memory</name>
         <value>0x5238</value>
         <object_component_ref idref="oc-46"/>
      </symbol>
      <symbol id="sm-cbd">
         <name>__TI_static_base__</name>
         <value>0x0</value>
      </symbol>
      <symbol id="sm-cc1">
         <name>SHT$$INIT_ARRAY$$Base</name>
         <value>0x0</value>
      </symbol>
      <symbol id="sm-cc2">
         <name>SHT$$INIT_ARRAY$$Limit</name>
         <value>0x0</value>
      </symbol>
   </symbol_table>
   <title>Link successful</title>
</link_info>
