******************************************************************************
                  TI ARM Linker PC v16.9.6                     
******************************************************************************
>> Linked Sat Jul 27 15:55:46 2019

OUTPUT FILE NAME:   <adcs_firmware.out>
ENTRY POINT SYMBOL: "_c_int00"  address: 0000e7c0


MEMORY CONFIGURATION

         name            origin    length      used     unused   attr    fill
----------------------  --------  ---------  --------  --------  ----  --------
  VECTORS               00000000   00000020  00000020  00000000     X
  KERNEL                00000020   00008000  00005a74  0000258c  R  X
  FLASH0                00008020   00137fe0  000079b4  0013062c  R  X
  STACKS                08000000   00000800  00000000  00000800  RW  
  KRAM                  08000800   00000800  00000104  000006fc  RW  
  RAM                   08001000   0002f000  00002038  0002cfc8  RW  


SEGMENT ALLOCATION MAP

run origin  load origin   length   init length attrs members
----------  ----------- ---------- ----------- ----- -------
00000000    00000000    00005234   00005234    r-x
  00000000    00000000    00000020   00000020    r-x .intvecs
  00000020    00000020    00005214   00005214    r-x .kernelTEXT
00005238    00005238    00000800   00000000    rw-
  00005238    00005238    00000800   00000000    rw- .sysmem
00005a38    00005a38    00000060   00000060    r--
  00005a38    00005a38    00000060   00000060    r-- .cinit
00008020    00008020    000079b4   000079b4    r-x
  00008020    00008020    000077b0   000077b0    r-x .text
  0000f7d0    0000f7d0    00000204   00000204    r-- .const
08000800    08000800    00000104   00000000    rw-
  08000800    08000800    00000104   00000000    rw- .kernelBSS
08001000    08001000    00002038   00000000    rw-
  08001000    08001000    00002000   00000000    rw- .kernelHEAP
  08003000    08003000    00000030   00000000    rw- .data
  08003030    08003030    00000008   00000000    rw- .bss


SECTION ALLOCATION MAP

 output                                  attributes/
section   page    origin      length       input sections
--------  ----  ----------  ----------   ----------------
.intvecs   0    00000000    00000020     
                  00000000    00000020     sys_intvecs.obj (.intvecs)

.kernelTEXT 
*          0    00000020    00005214     
                  00000020    00002be8     os_tasks.obj (.kernelTEXT)
                  00002c08    000011dc     os_queue.obj (.kernelTEXT)
                  00003de4    0000081c     os_event_groups.obj (.kernelTEXT)
                  00004600    000004b0     os_portasm.obj (.kernelTEXT)
                  00004ab0    000003e0     os_port.obj (.kernelTEXT)
                  00004e90    000003a4     os_heap.obj (.kernelTEXT)

.cinit     0    00005a38    00000060     
                  00005a38    00000014     (.cinit..data.load) [load image, compression = lzss]
                  00005a4c    0000000c     (__TI_handler_table)
                  00005a58    00000009     (.cinit..kernelBSS.load) [load image, compression = lzss]
                  00005a61    00000007     --HOLE-- [fill = 0]
                  00005a68    00000008     (.cinit..bss.load) [load image, compression = zero_init]
                  00005a70    00000008     (.cinit..kernelHEAP.load) [load image, compression = zero_init]
                  00005a78    00000020     (__TI_cinit_table)

.sysmem    0    00005238    00000800     UNINITIALIZED
                  00005238    00000008     rtsv7R4_T_be_v3D16_eabi.lib : memory.obj (.sysmem)
                  00005240    000007f8     --HOLE--

.text      0    00008020    000077b0     
                  00008020    00002cdc     sys_selftest.obj (.text)
                  0000acfc    00000b28     system.obj (.text)
                  0000b824    00000a58     sys_vim.obj (.text)
                  0000c27c    000009a0     os_mpu_wrappers.obj (.text)
                  0000cc1c    000008ac     pinmux.obj (.text)
                  0000d4c8    000005d8     esm.obj (.text)
                  0000daa0    00000484     gio.obj (.text)
                  0000df24    0000034c     sys_core.obj (.text)
                  0000e270    000002cc     sys_vim.obj (.text:retain)
                  0000e53c    00000284     os_heap.obj (.text)
                  0000e7c0    0000027c     sys_startup.obj (.text:retain)
                  0000ea3c    00000238     os_list.obj (.text)
                  0000ec74    0000020c     notification.obj (.text)
                  0000ee80    000001b4     os_port.obj (.text)
                  0000f034    00000164     os_tasks.obj (.text)
                  0000f198    00000114     esm.obj (.text:retain)
                  0000f2ac    000000e8     dabort.obj (.text)
                  0000f394    000000e0     sys_pmu.obj (.text)
                  0000f474    0000009c     rtsv7R4_T_be_v3D16_eabi.lib : memcpy_t2.obj (.text)
                  0000f510    0000007a                                 : memset_t2.obj (.text)
                  0000f58a    00000002                                 : startup.obj (.text)
                  0000f58c    00000070                                 : autoinit.obj (.text)
                  0000f5fc    0000006c                                 : copy_decompress_lzss.obj (.text:decompress:lzss)
                  0000f668    00000050                                 : exit.obj (.text)
                  0000f6b8    0000004c                                 : cpy_tbl.obj (.text)
                  0000f704    0000004c     sys_main.obj (.text)
                  0000f750    00000034     blinky.obj (.text)
                  0000f784    00000016     rtsv7R4_T_be_v3D16_eabi.lib : strlen.obj (.text)
                  0000f79a    00000002     --HOLE-- [fill = 0]
                  0000f79c    00000014                                 : _lock.obj (.text)
                  0000f7b0    0000000e                                 : copy_decompress_none.obj (.text:decompress:none)
                  0000f7be    0000000c                                 : copy_zero_init.obj (.text:decompress:ZI)
                  0000f7ca    00000002     --HOLE-- [fill = 0]
                  0000f7cc    00000004     sys_phantom.obj (.text:retain)

.const     0    0000f7d0    00000204     
                  0000f7d0    00000200     sys_vim.obj (.const:s_vim_init)
                  0000f9d0    00000004     os_heap.obj (.const)

.kernelBSS 
*          0    08000800    00000104     UNINITIALIZED
                  08000800    000000d0     os_tasks.obj (.kernelBSS:uninit)
                  080008d0    00000034     os_tasks.obj (.kernelBSS:init)

.kernelHEAP 
*          0    08001000    00002000     UNINITIALIZED
                  08001000    00002000     os_heap.obj (.kernelHEAP)

.data      0    08003000    00000030     UNINITIALIZED
                  08003000    00000010     os_heap.obj (.data)
                  08003010    0000000c     rtsv7R4_T_be_v3D16_eabi.lib : exit.obj (.data:$O1$$)
                  0800301c    00000008                                 : _lock.obj (.data:$O1$$)
                  08003024    00000008     os_port.obj (.data)
                  0800302c    00000004     blinky.obj (.data)

.bss       0    08003030    00000008     UNINITIALIZED
                  08003030    00000008     os_heap.obj (.bss:xStart)

MODULE SUMMARY

       Module                     code    ro data   rw data
       ------                     ----    -------   -------
    .\adcs\system\
       blinky.obj                 52      0         4      
    +--+--------------------------+-------+---------+---------+
       Total:                     52      0         4      
                                                           
    .\platform-1224-launchpad\source\
       os_tasks.obj               11596   0         260    
       sys_selftest.obj           11484   0         0      
       os_heap.obj                1576    4         8216   
       os_queue.obj               4572    0         0      
       sys_vim.obj                3364    512       0      
       system.obj                 2856    0         0      
       os_mpu_wrappers.obj        2464    0         0      
       pinmux.obj                 2220    0         0      
       os_event_groups.obj        2076    0         0      
       esm.obj                    1772    0         0      
       os_port.obj                1428    0         8      
       os_portasm.obj             1200    0         0      
       gio.obj                    1156    0         0      
       sys_core.obj               844     0         0      
       sys_startup.obj            636     0         0      
       os_list.obj                568     0         0      
       notification.obj           524     0         0      
       dabort.obj                 232     0         0      
       sys_pmu.obj                224     0         0      
       sys_main.obj               76      0         0      
       sys_intvecs.obj            32      0         0      
       sys_phantom.obj            4       0         0      
    +--+--------------------------+-------+---------+---------+
       Total:                     50904   516       8484   
                                                           
    C:/ti/ccsv7/tools/compiler/ti-cgt-arm_16.9.6.LTS/lib/rtsv7R4_T_be_v3D16_eabi.lib
       memcpy_t2.obj              156     0         0      
       memset_t2.obj              122     0         0      
       autoinit.obj               112     0         0      
       copy_decompress_lzss.obj   108     0         0      
       exit.obj                   80      0         12     
       cpy_tbl.obj                76      0         0      
       _lock.obj                  20      0         8      
       strlen.obj                 22      0         0      
       copy_decompress_none.obj   14      0         0      
       copy_zero_init.obj         12      0         0      
       startup.obj                2       0         0      
    +--+--------------------------+-------+---------+---------+
       Total:                     724     0         20     
                                                           
       Heap:                      0       0         2048   
       Linker Generated:          0       89        0      
    +--+--------------------------+-------+---------+---------+
       Grand Total:               51680   605       10556  


LINKER GENERATED COPY TABLES

__TI_cinit_table @ 00005a78 records: 4, size/record: 8, table size: 32
	.data: load addr=00005a38, load size=00000014 bytes, run addr=08003000, run size=00000030 bytes, compression=lzss
	.kernelBSS: load addr=00005a58, load size=00000009 bytes, run addr=08000800, run size=00000104 bytes, compression=lzss
	.bss: load addr=00005a68, load size=00000008 bytes, run addr=08003030, run size=00000008 bytes, compression=zero_init
	.kernelHEAP: load addr=00005a70, load size=00000008 bytes, run addr=08001000, run size=00002000 bytes, compression=zero_init


LINKER GENERATED HANDLER TABLE

__TI_handler_table @ 00005a4c records: 3, size/record: 4, table size: 12
	index: 0, handler: __TI_decompress_lzss
	index: 1, handler: __TI_decompress_none
	index: 2, handler: __TI_zero_init


GLOBAL SYMBOLS: SORTED ALPHABETICALLY BY Name 

address   name                                  
-------   ----                                  
0000f669  C$$EXIT                               
0000c44c  MPU_eTaskGetState                     
0000c5b4  MPU_pcTaskGetName                     
0000c694  MPU_pvTaskGetThreadLocalStoragePointer
0000c7ac  MPU_ulTaskNotifyTake                  
0000c968  MPU_uxQueueMessagesWaiting            
0000c99c  MPU_uxQueueSpacesAvailable            
0000c588  MPU_uxTaskGetNumberOfTasks            
0000c61c  MPU_uxTaskGetStackHighWaterMark       
0000c418  MPU_uxTaskPriorityGet                 
0000cbf0  MPU_vEventGroupDelete                 
0000c9d0  MPU_vQueueDelete                      
0000c324  MPU_vTaskAllocateMPURegions           
0000c384  MPU_vTaskDelay                        
0000c3b0  MPU_vTaskDelayUntil                   
0000c358  MPU_vTaskDelete                       
0000c480  MPU_vTaskPrioritySet                  
0000c4e0  MPU_vTaskResume                       
0000c650  MPU_vTaskSetThreadLocalStoragePointer 
0000c824  MPU_vTaskSetTimeOutState              
0000c4b4  MPU_vTaskSuspend                      
0000c50c  MPU_vTaskSuspendAll                   
0000cb14  MPU_xEventGroupClearBits              
0000ca8c  MPU_xEventGroupCreate                 
0000cb58  MPU_xEventGroupSetBits                
0000cb9c  MPU_xEventGroupSync                   
0000cab8  MPU_xEventGroupWaitBits               
0000c9fc  MPU_xQueueGenericCreate               
0000c914  MPU_xQueueGenericReceive              
0000ca48  MPU_xQueueGenericReset                
0000c8c0  MPU_xQueueGenericSend                 
0000c3e4  MPU_xTaskAbortDelay                   
0000c850  MPU_xTaskCheckForTimeOut              
0000c27c  MPU_xTaskCreate                       
0000c2e0  MPU_xTaskCreateRestricted             
0000c704  MPU_xTaskGenericNotify                
0000c5e8  MPU_xTaskGetHandle                    
0000c6d8  MPU_xTaskGetIdleTaskHandle            
0000c894  MPU_xTaskGetSchedulerState            
0000c55c  MPU_xTaskGetTickCount                 
0000c7f0  MPU_xTaskNotifyStateClear             
0000c758  MPU_xTaskNotifyWait                   
0000c530  MPU_xTaskResumeAll                    
UNDEFED   SHT$$INIT_ARRAY$$Base                 
UNDEFED   SHT$$INIT_ARRAY$$Limit                
00000800  __SYSMEM_SIZE                         
00005a78  __TI_CINIT_Base                       
00005a98  __TI_CINIT_Limit                      
00005a4c  __TI_Handler_Table_Base               
00005a58  __TI_Handler_Table_Limit              
0000e268  __TI_PINIT_Base                       
0000e26c  __TI_PINIT_Limit                      
0000f58d  __TI_auto_init                        
08003010  __TI_cleanup_ptr                      
0000f5fd  __TI_decompress_lzss                  
0000f7b1  __TI_decompress_none                  
08003014  __TI_dtors_ptr                        
08003018  __TI_enable_exit_profile_output       
ffffffff  __TI_pprof_out_hndl                   
ffffffff  __TI_prof_data_size                   
ffffffff  __TI_prof_data_start                  
00000000  __TI_static_base__                    
0000f7bf  __TI_zero_init                        
0000f511  __aeabi_memclr                        
0000f511  __aeabi_memclr4                       
0000f511  __aeabi_memclr8                       
0000f475  __aeabi_memcpy                        
0000f475  __aeabi_memcpy4                       
0000f475  __aeabi_memcpy8                       
0000f513  __aeabi_memset                        
0000f513  __aeabi_memset4                       
0000f513  __aeabi_memset8                       
ffffffff  __binit__                             
ffffffff  __c_args__                            
0000e7c0  _c_int00                              
0000e180  _coreClearAuxiliaryDataFault_         
0000e194  _coreClearAuxiliaryInstructionFault_  
0000e158  _coreClearDataFaultAddress_           
0000e130  _coreClearDataFault_                  
0000e16c  _coreClearInstructionFaultAddress_    
0000e144  _coreClearInstructionFault_           
0000e0c4  _coreDisableEventBusExport_           
0000e108  _coreDisableFlashEcc_                 
0000e0e4  _coreDisableRamEcc_                   
0000e0b4  _coreEnableEventBusExport_            
0000e0f4  _coreEnableFlashEcc_                  
0000e118  _coreEnableIrqVicOffset_              
0000e0d4  _coreEnableRamEcc_                    
0000e09c  _coreEnableVfp_                       
0000e178  _coreGetAuxiliaryDataFault_           
0000e18c  _coreGetAuxiliaryInstructionFault_    
0000e150  _coreGetDataFaultAddress_             
0000e128  _coreGetDataFault_                    
0000e164  _coreGetInstructionFaultAddress_      
0000e13c  _coreGetInstructionFault_             
0000df24  _coreInitRegisters_                   
0000e030  _coreInitStackPointer_                
0000f2ac  _dabort                               
0000e1a8  _disable_FIQ_interrupt_               
0000e1b0  _disable_IRQ_interrupt_               
0000e1a0  _disable_interrupt_                   
0000e1b8  _enable_interrupt_                    
0000e248  _errata_CORTEXR4_57_                  
0000e258  _errata_CORTEXR4_66_                  
0000e1c0  _esmCcmErrorsClear_                   
0000e07c  _getCPSRValue_                        
0000e084  _gotoCPUIdle_                         
0800301c  _lock                                 
0000f7ab  _nop                                  
0000f3f0  _pmuDisableCountersGlobal_            
0000f3e0  _pmuEnableCountersGlobal_             
0000f44c  _pmuGetCycleCount_                    
0000f454  _pmuGetEventCount_                    
0000f460  _pmuGetOverflow_                      
0000f394  _pmuInit_                             
0000f420  _pmuResetCounters_                    
0000f400  _pmuResetCycleCounter_                
0000f410  _pmuResetEventCounters_               
0000f440  _pmuSetCountEvent_                    
0000f430  _pmuStartCounters_                    
0000f438  _pmuStopCounters_                     
0000f7a3  _register_lock                        
0000f79d  _register_unlock                      
00005238  _sys_memory                           
0000f58b  _system_post_cinit                    
08003020  _unlock                               
0000f66d  abort                                 
0000926c  adc1ParityCheck                       
00009358  adc2ParityCheck                       
0000eccc  adcNotification                       
ffffffff  binit                                 
0000f750  blinky                                
00009410  can1ParityCheck                       
000094e8  can2ParityCheck                       
000095b0  can3ParityCheck                       
0000ece0  canErrorNotification                  
0000ed08  canMessageNotification                
0000ecf4  canStatusChangeNotification           
00008030  ccmSelfCheck                          
0000a6fc  ccmr4GetConfigValue                   
00008938  checkB0RAMECC                         
00008b28  checkB1RAMECC                         
00009c18  checkClockMonitor                     
00008d18  checkFlashECC                         
00009cf4  checkFlashEEPROMECC                   
00009e8c  checkPLL1Slip                         
00009f8c  checkPLL2Slip                         
0000a050  checkRAMAddrParity                    
000099d0  checkRAMECC                           
0000a15c  checkRAMUERRTest                      
000087bc  checkefcSelfTest                      
0000f6b9  copy_in                               
00008234  cpuSelfTest                           
00008dfc  cpuSelfTestFail                       
0000ee0c  crcNotification                       
00008df4  custom_dabort                         
0000ed1c  dccNotification                       
0000ab58  disableParity                         
0000ee6c  dmaGroupANotification                 
00008eac  dmaParityCheck                        
00001f20  eTaskConfirmSleepModeStatus           
00000890  eTaskGetState                         
0000ee58  ecapNotification                      
0000ede4  edgeNotification                      
00008660  efcCheck                              
0000a660  efcGetConfigValue                     
00008794  efcSelfTest                           
000086e8  efcStuckZeroTest                      
0000aad0  enableParity                          
0000ee44  eqepNotification                      
0000a76c  errata_PBIST_4                        
0000d654  esmActivateNormalOperation            
0000d738  esmClearStatus                        
0000d77c  esmClearStatusBuffer                  
0000d618  esmDisableError                       
0000d690  esmDisableInterrupt                   
0000d5ec  esmEnableError                        
0000d664  esmEnableInterrupt                    
0000d874  esmEnterSelfTest                      
0000d5d0  esmError                              
0000d94c  esmGetConfigValue                     
0000d7b8  esmGetStatus                          
0000d83c  esmGetStatusBuffer                    
0000ec74  esmGroup1Notification                 
0000ec84  esmGroup2Notification                 
0000f198  esmHighInterrupt                      
0000d4c8  esmInit                               
0000d8fc  esmSelfTestStatus                     
0000d798  esmSetCounterPreloadValue             
0000d6bc  esmSetInterruptLevel                  
0000d644  esmTriggerErrorPinReset               
0000ee20  etpwmNotification                     
0000ee30  etpwmTripNotification                 
0000f675  exit                                  
0000a2c4  fmcBus1ParityCheck                    
0000885c  fmcBus2Check                          
00008898  fmcECCcheck                           
0000dd00  gioDisableNotification                
0000dc98  gioEnableNotification                 
0000dc00  gioGetBit                             
0000dd68  gioGetConfigValue                     
0000dc28  gioGetPort                            
0000daa0  gioInit                               
0000ed30  gioNotification                       
0000db90  gioSetBit                             
0000db70  gioSetDirection                       
0000dbe0  gioSetPort                            
0000dc40  gioToggleBit                          
00008f58  het1ParityCheck                       
000090c0  het2ParityCheck                       
0000edf8  hetNotification                       
00009004  htu1ParityCheck                       
000091bc  htu2ParityCheck                       
0000ed44  i2cNotification                       
0000ed58  linNotification                       
0000f704  main                                  
0000ae38  mapClocks                             
0000f475  memcpy                                
00008174  memoryInit                            
0000ec94  memoryPort0TestFailNotification       
0000ecb0  memoryPort1TestFailNotification       
0000f519  memset                                
00009684  mibspi1ParityCheck                    
0000978c  mibspi3ParityCheck                    
000098b0  mibspi5ParityCheck                    
0000ed80  mibspiGroupNotification               
0000ed6c  mibspiNotification                    
0000cc1c  muxInit                               
0000a3ec  pbistFail                             
0000a470  pbistGetConfigValue                   
000085a8  pbistIsTestCompleted                  
000085d4  pbistIsTestPassed                     
00008608  pbistPortTestStatus                   
000084ac  pbistRun                              
000082cc  pbistSelfCheck                        
00008578  pbistStop                             
0000135c  pcTaskGetName                         
0000ade4  periphInit                            
0000f7cc  phantomInterrupt                      
0000d0b8  pinmuxGetConfigValue                  
00004a88  prvMpuDisable                         
00004a70  prvMpuEnable                          
00004a58  prvMpuSetRegion                       
00004e90  pvPortMalloc                          
00002004  pvTaskGetThreadLocalStoragePointer    
0000edcc  pwmNotification                       
080008d0  pxCurrentTCB                          
00004ab0  pxPortInitialiseStack                 
00000000  resetEntry                            
0000ed94  sciNotification                       
00008020  selftestFailNotification              
0000ada4  setupFlash                            
0000acfc  setupPLL                              
0000edbc  spiEndNotification                    
0000eda8  spiNotification                       
0000b61c  sramGetConfigValue                    
0000a5bc  stcGetConfigValue                     
000081b8  stcSelfCheck                          
00008df8  stcSelfCheckFail                      
0000f785  strlen                                
0000b05c  systemGetConfigValue                  
0000af60  systemInit                            
0000b02c  systemPowerDown                       
0000b470  tcmflashGetConfigValue                
0000ad5c  trimLPO                               
08003024  ulCriticalNesting                     
00004980  ulPortCountLeadingZeros               
08003028  ulTaskHasFPUContext                   
0000239c  ulTaskNotifyTake                      
0000ebe8  uxListRemove                          
0000391c  uxQueueMessagesWaiting                
000039a0  uxQueueMessagesWaitingFromISR         
00003954  uxQueueSpacesAvailable                
00001350  uxTaskGetNumberOfTasks                
00002248  uxTaskGetStackHighWaterMark           
00000994  uxTaskPriorityGet                     
000009d8  uxTaskPriorityGetFromISR              
00002360  uxTaskResetEventItemValue             
00004578  vEventGroupClearBitsCallback          
000044d8  vEventGroupDelete                     
0000455c  vEventGroupSetBitsCallback            
0000ea3c  vListInitialise                       
0000ea94  vListInitialiseItem                   
0000eb24  vListInsert                           
0000eab0  vListInsertEnd                        
00004e5c  vPortEndScheduler                     
00005100  vPortFree                             
00005218  vPortInitialiseBlocks                 
00004974  vPortInitialiseFPSCR                  
00004874  vPortPreemptiveTick                   
00004988  vPortSWI                              
00004604  vPortStartFirstTask                   
00004bc4  vPortStoreTaskMPUSettings             
00004780  vPortYeildWithinAPI                   
00004694  vPortYieldProcessor                   
000039d0  vQueueDelete                          
00002070  vTaskAllocateMPURegions               
0000080c  vTaskDelay                            
000006a0  vTaskDelayUntil                       
00000538  vTaskDelete                           
00001084  vTaskEndScheduler                     
00001f10  vTaskMissedYield                      
00002960  vTaskNotifyGiveFromISR                
00001ad8  vTaskPlaceOnEventList                 
00001b1c  vTaskPlaceOnUnorderedEventList        
00000a20  vTaskPrioritySet                      
00000e20  vTaskResume                           
00001fa4  vTaskSetThreadLocalStoragePointer     
00001d98  vTaskSetTimeOutState                  
00000fec  vTaskStartScheduler                   
00001674  vTaskStepTick                         
00000c18  vTaskSuspend                          
000010a0  vTaskSuspendAll                       
000019f8  vTaskSwitchContext                    
0000b8f8  vimChannelMap                         
0000bb64  vimDisableInterrupt                   
0000b99c  vimEnableInterrupt                    
0000bc10  vimGetConfigValue                     
0000b824  vimInit                               
00008e00  vimParityCheck                        
0000e270  vimParityErrorHandler                 
0800302c  xBlinkyTaskHandle                     
00004274  xEventGroupClearBits                  
00003de4  xEventGroupCreate                     
000042f8  xEventGroupGetBitsFromISR             
00004328  xEventGroupSetBits                    
00003e20  xEventGroupSync                       
00004020  xEventGroupWaitBits                   
00005200  xPortGetFreeHeapSize                  
0000520c  xPortGetMinimumEverFreeHeapSize       
00004e38  xPortStartScheduler                   
00002d30  xQueueGenericCreate                   
00003408  xQueueGenericReceive                  
00002c08  xQueueGenericReset                    
00002e4c  xQueueGenericSend                     
0000310c  xQueueGenericSendFromISR              
0000329c  xQueueGiveFromISR                     
00003d08  xQueueIsQueueEmptyFromISR             
00003d94  xQueueIsQueueFullFromISR              
00003828  xQueuePeekFromISR                     
000036e0  xQueueReceiveFromISR                  
000016d0  xTaskAbortDelay                       
00001dd8  xTaskCheckForTimeOut                  
000000fc  xTaskCreate                           
00000020  xTaskCreateRestricted                 
0000258c  xTaskGenericNotify                    
00002760  xTaskGenericNotifyFromISR             
00001534  xTaskGetHandle                        
0000163c  xTaskGetIdleTaskHandle                
00002310  xTaskGetSchedulerState                
00001310  xTaskGetTickCount                     
0000132c  xTaskGetTickCountFromISR              
000017d0  xTaskIncrementTick                    
0000f11c  xTaskNotifyStateClear                 
00002474  xTaskNotifyWait                       
00001ba0  xTaskRemoveFromEventList              
00001c90  xTaskRemoveFromUnorderedEventList     
0000115c  xTaskResumeAll                        
00000f04  xTaskResumeFromISR                    


GLOBAL SYMBOLS: SORTED BY Symbol Address 

address   name                                  
-------   ----                                  
00000000  __TI_static_base__                    
00000000  resetEntry                            
00000020  xTaskCreateRestricted                 
000000fc  xTaskCreate                           
00000538  vTaskDelete                           
000006a0  vTaskDelayUntil                       
00000800  __SYSMEM_SIZE                         
0000080c  vTaskDelay                            
00000890  eTaskGetState                         
00000994  uxTaskPriorityGet                     
000009d8  uxTaskPriorityGetFromISR              
00000a20  vTaskPrioritySet                      
00000c18  vTaskSuspend                          
00000e20  vTaskResume                           
00000f04  xTaskResumeFromISR                    
00000fec  vTaskStartScheduler                   
00001084  vTaskEndScheduler                     
000010a0  vTaskSuspendAll                       
0000115c  xTaskResumeAll                        
00001310  xTaskGetTickCount                     
0000132c  xTaskGetTickCountFromISR              
00001350  uxTaskGetNumberOfTasks                
0000135c  pcTaskGetName                         
00001534  xTaskGetHandle                        
0000163c  xTaskGetIdleTaskHandle                
00001674  vTaskStepTick                         
000016d0  xTaskAbortDelay                       
000017d0  xTaskIncrementTick                    
000019f8  vTaskSwitchContext                    
00001ad8  vTaskPlaceOnEventList                 
00001b1c  vTaskPlaceOnUnorderedEventList        
00001ba0  xTaskRemoveFromEventList              
00001c90  xTaskRemoveFromUnorderedEventList     
00001d98  vTaskSetTimeOutState                  
00001dd8  xTaskCheckForTimeOut                  
00001f10  vTaskMissedYield                      
00001f20  eTaskConfirmSleepModeStatus           
00001fa4  vTaskSetThreadLocalStoragePointer     
00002004  pvTaskGetThreadLocalStoragePointer    
00002070  vTaskAllocateMPURegions               
00002248  uxTaskGetStackHighWaterMark           
00002310  xTaskGetSchedulerState                
00002360  uxTaskResetEventItemValue             
0000239c  ulTaskNotifyTake                      
00002474  xTaskNotifyWait                       
0000258c  xTaskGenericNotify                    
00002760  xTaskGenericNotifyFromISR             
00002960  vTaskNotifyGiveFromISR                
00002c08  xQueueGenericReset                    
00002d30  xQueueGenericCreate                   
00002e4c  xQueueGenericSend                     
0000310c  xQueueGenericSendFromISR              
0000329c  xQueueGiveFromISR                     
00003408  xQueueGenericReceive                  
000036e0  xQueueReceiveFromISR                  
00003828  xQueuePeekFromISR                     
0000391c  uxQueueMessagesWaiting                
00003954  uxQueueSpacesAvailable                
000039a0  uxQueueMessagesWaitingFromISR         
000039d0  vQueueDelete                          
00003d08  xQueueIsQueueEmptyFromISR             
00003d94  xQueueIsQueueFullFromISR              
00003de4  xEventGroupCreate                     
00003e20  xEventGroupSync                       
00004020  xEventGroupWaitBits                   
00004274  xEventGroupClearBits                  
000042f8  xEventGroupGetBitsFromISR             
00004328  xEventGroupSetBits                    
000044d8  vEventGroupDelete                     
0000455c  vEventGroupSetBitsCallback            
00004578  vEventGroupClearBitsCallback          
00004604  vPortStartFirstTask                   
00004694  vPortYieldProcessor                   
00004780  vPortYeildWithinAPI                   
00004874  vPortPreemptiveTick                   
00004974  vPortInitialiseFPSCR                  
00004980  ulPortCountLeadingZeros               
00004988  vPortSWI                              
00004a58  prvMpuSetRegion                       
00004a70  prvMpuEnable                          
00004a88  prvMpuDisable                         
00004ab0  pxPortInitialiseStack                 
00004bc4  vPortStoreTaskMPUSettings             
00004e38  xPortStartScheduler                   
00004e5c  vPortEndScheduler                     
00004e90  pvPortMalloc                          
00005100  vPortFree                             
00005200  xPortGetFreeHeapSize                  
0000520c  xPortGetMinimumEverFreeHeapSize       
00005218  vPortInitialiseBlocks                 
00005238  _sys_memory                           
00005a4c  __TI_Handler_Table_Base               
00005a58  __TI_Handler_Table_Limit              
00005a78  __TI_CINIT_Base                       
00005a98  __TI_CINIT_Limit                      
00008020  selftestFailNotification              
00008030  ccmSelfCheck                          
00008174  memoryInit                            
000081b8  stcSelfCheck                          
00008234  cpuSelfTest                           
000082cc  pbistSelfCheck                        
000084ac  pbistRun                              
00008578  pbistStop                             
000085a8  pbistIsTestCompleted                  
000085d4  pbistIsTestPassed                     
00008608  pbistPortTestStatus                   
00008660  efcCheck                              
000086e8  efcStuckZeroTest                      
00008794  efcSelfTest                           
000087bc  checkefcSelfTest                      
0000885c  fmcBus2Check                          
00008898  fmcECCcheck                           
00008938  checkB0RAMECC                         
00008b28  checkB1RAMECC                         
00008d18  checkFlashECC                         
00008df4  custom_dabort                         
00008df8  stcSelfCheckFail                      
00008dfc  cpuSelfTestFail                       
00008e00  vimParityCheck                        
00008eac  dmaParityCheck                        
00008f58  het1ParityCheck                       
00009004  htu1ParityCheck                       
000090c0  het2ParityCheck                       
000091bc  htu2ParityCheck                       
0000926c  adc1ParityCheck                       
00009358  adc2ParityCheck                       
00009410  can1ParityCheck                       
000094e8  can2ParityCheck                       
000095b0  can3ParityCheck                       
00009684  mibspi1ParityCheck                    
0000978c  mibspi3ParityCheck                    
000098b0  mibspi5ParityCheck                    
000099d0  checkRAMECC                           
00009c18  checkClockMonitor                     
00009cf4  checkFlashEEPROMECC                   
00009e8c  checkPLL1Slip                         
00009f8c  checkPLL2Slip                         
0000a050  checkRAMAddrParity                    
0000a15c  checkRAMUERRTest                      
0000a2c4  fmcBus1ParityCheck                    
0000a3ec  pbistFail                             
0000a470  pbistGetConfigValue                   
0000a5bc  stcGetConfigValue                     
0000a660  efcGetConfigValue                     
0000a6fc  ccmr4GetConfigValue                   
0000a76c  errata_PBIST_4                        
0000aad0  enableParity                          
0000ab58  disableParity                         
0000acfc  setupPLL                              
0000ad5c  trimLPO                               
0000ada4  setupFlash                            
0000ade4  periphInit                            
0000ae38  mapClocks                             
0000af60  systemInit                            
0000b02c  systemPowerDown                       
0000b05c  systemGetConfigValue                  
0000b470  tcmflashGetConfigValue                
0000b61c  sramGetConfigValue                    
0000b824  vimInit                               
0000b8f8  vimChannelMap                         
0000b99c  vimEnableInterrupt                    
0000bb64  vimDisableInterrupt                   
0000bc10  vimGetConfigValue                     
0000c27c  MPU_xTaskCreate                       
0000c2e0  MPU_xTaskCreateRestricted             
0000c324  MPU_vTaskAllocateMPURegions           
0000c358  MPU_vTaskDelete                       
0000c384  MPU_vTaskDelay                        
0000c3b0  MPU_vTaskDelayUntil                   
0000c3e4  MPU_xTaskAbortDelay                   
0000c418  MPU_uxTaskPriorityGet                 
0000c44c  MPU_eTaskGetState                     
0000c480  MPU_vTaskPrioritySet                  
0000c4b4  MPU_vTaskSuspend                      
0000c4e0  MPU_vTaskResume                       
0000c50c  MPU_vTaskSuspendAll                   
0000c530  MPU_xTaskResumeAll                    
0000c55c  MPU_xTaskGetTickCount                 
0000c588  MPU_uxTaskGetNumberOfTasks            
0000c5b4  MPU_pcTaskGetName                     
0000c5e8  MPU_xTaskGetHandle                    
0000c61c  MPU_uxTaskGetStackHighWaterMark       
0000c650  MPU_vTaskSetThreadLocalStoragePointer 
0000c694  MPU_pvTaskGetThreadLocalStoragePointer
0000c6d8  MPU_xTaskGetIdleTaskHandle            
0000c704  MPU_xTaskGenericNotify                
0000c758  MPU_xTaskNotifyWait                   
0000c7ac  MPU_ulTaskNotifyTake                  
0000c7f0  MPU_xTaskNotifyStateClear             
0000c824  MPU_vTaskSetTimeOutState              
0000c850  MPU_xTaskCheckForTimeOut              
0000c894  MPU_xTaskGetSchedulerState            
0000c8c0  MPU_xQueueGenericSend                 
0000c914  MPU_xQueueGenericReceive              
0000c968  MPU_uxQueueMessagesWaiting            
0000c99c  MPU_uxQueueSpacesAvailable            
0000c9d0  MPU_vQueueDelete                      
0000c9fc  MPU_xQueueGenericCreate               
0000ca48  MPU_xQueueGenericReset                
0000ca8c  MPU_xEventGroupCreate                 
0000cab8  MPU_xEventGroupWaitBits               
0000cb14  MPU_xEventGroupClearBits              
0000cb58  MPU_xEventGroupSetBits                
0000cb9c  MPU_xEventGroupSync                   
0000cbf0  MPU_vEventGroupDelete                 
0000cc1c  muxInit                               
0000d0b8  pinmuxGetConfigValue                  
0000d4c8  esmInit                               
0000d5d0  esmError                              
0000d5ec  esmEnableError                        
0000d618  esmDisableError                       
0000d644  esmTriggerErrorPinReset               
0000d654  esmActivateNormalOperation            
0000d664  esmEnableInterrupt                    
0000d690  esmDisableInterrupt                   
0000d6bc  esmSetInterruptLevel                  
0000d738  esmClearStatus                        
0000d77c  esmClearStatusBuffer                  
0000d798  esmSetCounterPreloadValue             
0000d7b8  esmGetStatus                          
0000d83c  esmGetStatusBuffer                    
0000d874  esmEnterSelfTest                      
0000d8fc  esmSelfTestStatus                     
0000d94c  esmGetConfigValue                     
0000daa0  gioInit                               
0000db70  gioSetDirection                       
0000db90  gioSetBit                             
0000dbe0  gioSetPort                            
0000dc00  gioGetBit                             
0000dc28  gioGetPort                            
0000dc40  gioToggleBit                          
0000dc98  gioEnableNotification                 
0000dd00  gioDisableNotification                
0000dd68  gioGetConfigValue                     
0000df24  _coreInitRegisters_                   
0000e030  _coreInitStackPointer_                
0000e07c  _getCPSRValue_                        
0000e084  _gotoCPUIdle_                         
0000e09c  _coreEnableVfp_                       
0000e0b4  _coreEnableEventBusExport_            
0000e0c4  _coreDisableEventBusExport_           
0000e0d4  _coreEnableRamEcc_                    
0000e0e4  _coreDisableRamEcc_                   
0000e0f4  _coreEnableFlashEcc_                  
0000e108  _coreDisableFlashEcc_                 
0000e118  _coreEnableIrqVicOffset_              
0000e128  _coreGetDataFault_                    
0000e130  _coreClearDataFault_                  
0000e13c  _coreGetInstructionFault_             
0000e144  _coreClearInstructionFault_           
0000e150  _coreGetDataFaultAddress_             
0000e158  _coreClearDataFaultAddress_           
0000e164  _coreGetInstructionFaultAddress_      
0000e16c  _coreClearInstructionFaultAddress_    
0000e178  _coreGetAuxiliaryDataFault_           
0000e180  _coreClearAuxiliaryDataFault_         
0000e18c  _coreGetAuxiliaryInstructionFault_    
0000e194  _coreClearAuxiliaryInstructionFault_  
0000e1a0  _disable_interrupt_                   
0000e1a8  _disable_FIQ_interrupt_               
0000e1b0  _disable_IRQ_interrupt_               
0000e1b8  _enable_interrupt_                    
0000e1c0  _esmCcmErrorsClear_                   
0000e248  _errata_CORTEXR4_57_                  
0000e258  _errata_CORTEXR4_66_                  
0000e268  __TI_PINIT_Base                       
0000e26c  __TI_PINIT_Limit                      
0000e270  vimParityErrorHandler                 
0000e7c0  _c_int00                              
0000ea3c  vListInitialise                       
0000ea94  vListInitialiseItem                   
0000eab0  vListInsertEnd                        
0000eb24  vListInsert                           
0000ebe8  uxListRemove                          
0000ec74  esmGroup1Notification                 
0000ec84  esmGroup2Notification                 
0000ec94  memoryPort0TestFailNotification       
0000ecb0  memoryPort1TestFailNotification       
0000eccc  adcNotification                       
0000ece0  canErrorNotification                  
0000ecf4  canStatusChangeNotification           
0000ed08  canMessageNotification                
0000ed1c  dccNotification                       
0000ed30  gioNotification                       
0000ed44  i2cNotification                       
0000ed58  linNotification                       
0000ed6c  mibspiNotification                    
0000ed80  mibspiGroupNotification               
0000ed94  sciNotification                       
0000eda8  spiNotification                       
0000edbc  spiEndNotification                    
0000edcc  pwmNotification                       
0000ede4  edgeNotification                      
0000edf8  hetNotification                       
0000ee0c  crcNotification                       
0000ee20  etpwmNotification                     
0000ee30  etpwmTripNotification                 
0000ee44  eqepNotification                      
0000ee58  ecapNotification                      
0000ee6c  dmaGroupANotification                 
0000f11c  xTaskNotifyStateClear                 
0000f198  esmHighInterrupt                      
0000f2ac  _dabort                               
0000f394  _pmuInit_                             
0000f3e0  _pmuEnableCountersGlobal_             
0000f3f0  _pmuDisableCountersGlobal_            
0000f400  _pmuResetCycleCounter_                
0000f410  _pmuResetEventCounters_               
0000f420  _pmuResetCounters_                    
0000f430  _pmuStartCounters_                    
0000f438  _pmuStopCounters_                     
0000f440  _pmuSetCountEvent_                    
0000f44c  _pmuGetCycleCount_                    
0000f454  _pmuGetEventCount_                    
0000f460  _pmuGetOverflow_                      
0000f475  __aeabi_memcpy                        
0000f475  __aeabi_memcpy4                       
0000f475  __aeabi_memcpy8                       
0000f475  memcpy                                
0000f511  __aeabi_memclr                        
0000f511  __aeabi_memclr4                       
0000f511  __aeabi_memclr8                       
0000f513  __aeabi_memset                        
0000f513  __aeabi_memset4                       
0000f513  __aeabi_memset8                       
0000f519  memset                                
0000f58b  _system_post_cinit                    
0000f58d  __TI_auto_init                        
0000f5fd  __TI_decompress_lzss                  
0000f669  C$$EXIT                               
0000f66d  abort                                 
0000f675  exit                                  
0000f6b9  copy_in                               
0000f704  main                                  
0000f750  blinky                                
0000f785  strlen                                
0000f79d  _register_unlock                      
0000f7a3  _register_lock                        
0000f7ab  _nop                                  
0000f7b1  __TI_decompress_none                  
0000f7bf  __TI_zero_init                        
0000f7cc  phantomInterrupt                      
080008d0  pxCurrentTCB                          
08003010  __TI_cleanup_ptr                      
08003014  __TI_dtors_ptr                        
08003018  __TI_enable_exit_profile_output       
0800301c  _lock                                 
08003020  _unlock                               
08003024  ulCriticalNesting                     
08003028  ulTaskHasFPUContext                   
0800302c  xBlinkyTaskHandle                     
ffffffff  __TI_pprof_out_hndl                   
ffffffff  __TI_prof_data_size                   
ffffffff  __TI_prof_data_start                  
ffffffff  __binit__                             
ffffffff  __c_args__                            
ffffffff  binit                                 
UNDEFED   SHT$$INIT_ARRAY$$Base                 
UNDEFED   SHT$$INIT_ARRAY$$Limit                

[359 symbols]
