<?xml version="1.0"?>
<link_info>
   <banner>TI ARM Linker PC v16.9.6.LTS</banner>
   <copyright>Copyright (c) 1996-2017 Texas Instruments Incorporated</copyright>
   <link_time>0x5d05354e</link_time>
   <link_errors>0x2</link_errors>
   <output_file>adcs_firmware.out</output_file>
   <entry_point>
      <name>_c_int00</name>
      <address>0x17248</address>
   </entry_point>
   <input_file_list>
      <input_file id="fl-2">
         <path>.\</path>
         <kind>object</kind>
         <file>main.obj</file>
         <name>main.obj</name>
      </input_file>
      <input_file id="fl-3">
         <path>.\adcs\hardware-drivers\magnetorquers\</path>
         <kind>object</kind>
         <file>magnetorquers.obj</file>
         <name>magnetorquers.obj</name>
      </input_file>
      <input_file id="fl-4">
         <path>.\adcs\system\</path>
         <kind>object</kind>
         <file>adcs_startup.obj</file>
         <name>adcs_startup.obj</name>
      </input_file>
      <input_file id="fl-5">
         <path>.\platform-1224-launchpad\source\</path>
         <kind>object</kind>
         <file>adc.obj</file>
         <name>adc.obj</name>
      </input_file>
      <input_file id="fl-6">
         <path>.\platform-1224-launchpad\source\</path>
         <kind>object</kind>
         <file>dabort.obj</file>
         <name>dabort.obj</name>
      </input_file>
      <input_file id="fl-7">
         <path>.\platform-1224-launchpad\source\</path>
         <kind>object</kind>
         <file>esm.obj</file>
         <name>esm.obj</name>
      </input_file>
      <input_file id="fl-8">
         <path>.\platform-1224-launchpad\source\</path>
         <kind>object</kind>
         <file>gio.obj</file>
         <name>gio.obj</name>
      </input_file>
      <input_file id="fl-9">
         <path>.\platform-1224-launchpad\source\</path>
         <kind>object</kind>
         <file>het.obj</file>
         <name>het.obj</name>
      </input_file>
      <input_file id="fl-a">
         <path>.\platform-1224-launchpad\source\</path>
         <kind>object</kind>
         <file>i2c.obj</file>
         <name>i2c.obj</name>
      </input_file>
      <input_file id="fl-b">
         <path>.\platform-1224-launchpad\source\</path>
         <kind>object</kind>
         <file>mibspi.obj</file>
         <name>mibspi.obj</name>
      </input_file>
      <input_file id="fl-c">
         <path>.\platform-1224-launchpad\source\</path>
         <kind>object</kind>
         <file>notification.obj</file>
         <name>notification.obj</name>
      </input_file>
      <input_file id="fl-d">
         <path>.\platform-1224-launchpad\source\</path>
         <kind>object</kind>
         <file>pinmux.obj</file>
         <name>pinmux.obj</name>
      </input_file>
      <input_file id="fl-e">
         <path>.\platform-1224-launchpad\source\</path>
         <kind>object</kind>
         <file>rtos_croutine.obj</file>
         <name>rtos_croutine.obj</name>
      </input_file>
      <input_file id="fl-f">
         <path>.\platform-1224-launchpad\source\</path>
         <kind>object</kind>
         <file>rtos_event_groups.obj</file>
         <name>rtos_event_groups.obj</name>
      </input_file>
      <input_file id="fl-10">
         <path>.\platform-1224-launchpad\source\</path>
         <kind>object</kind>
         <file>rtos_heap.obj</file>
         <name>rtos_heap.obj</name>
      </input_file>
      <input_file id="fl-11">
         <path>.\platform-1224-launchpad\source\</path>
         <kind>object</kind>
         <file>rtos_list.obj</file>
         <name>rtos_list.obj</name>
      </input_file>
      <input_file id="fl-12">
         <path>.\platform-1224-launchpad\source\</path>
         <kind>object</kind>
         <file>rtos_mpu_wrappers.obj</file>
         <name>rtos_mpu_wrappers.obj</name>
      </input_file>
      <input_file id="fl-13">
         <path>.\platform-1224-launchpad\source\</path>
         <kind>object</kind>
         <file>rtos_port.obj</file>
         <name>rtos_port.obj</name>
      </input_file>
      <input_file id="fl-14">
         <path>.\platform-1224-launchpad\source\</path>
         <kind>object</kind>
         <file>rtos_portasm.obj</file>
         <name>rtos_portasm.obj</name>
      </input_file>
      <input_file id="fl-15">
         <path>.\platform-1224-launchpad\source\</path>
         <kind>object</kind>
         <file>rtos_queue.obj</file>
         <name>rtos_queue.obj</name>
      </input_file>
      <input_file id="fl-16">
         <path>.\platform-1224-launchpad\source\</path>
         <kind>object</kind>
         <file>rtos_task.obj</file>
         <name>rtos_task.obj</name>
      </input_file>
      <input_file id="fl-17">
         <path>.\platform-1224-launchpad\source\</path>
         <kind>object</kind>
         <file>rtos_timer.obj</file>
         <name>rtos_timer.obj</name>
      </input_file>
      <input_file id="fl-18">
         <path>.\platform-1224-launchpad\source\</path>
         <kind>object</kind>
         <file>sci.obj</file>
         <name>sci.obj</name>
      </input_file>
      <input_file id="fl-19">
         <path>.\platform-1224-launchpad\source\</path>
         <kind>object</kind>
         <file>spi.obj</file>
         <name>spi.obj</name>
      </input_file>
      <input_file id="fl-1a">
         <path>.\platform-1224-launchpad\source\</path>
         <kind>object</kind>
         <file>sys_core.obj</file>
         <name>sys_core.obj</name>
      </input_file>
      <input_file id="fl-1b">
         <path>.\platform-1224-launchpad\source\</path>
         <kind>object</kind>
         <file>sys_dma.obj</file>
         <name>sys_dma.obj</name>
      </input_file>
      <input_file id="fl-1c">
         <path>.\platform-1224-launchpad\source\</path>
         <kind>object</kind>
         <file>sys_intvecs.obj</file>
         <name>sys_intvecs.obj</name>
      </input_file>
      <input_file id="fl-1d">
         <path>.\platform-1224-launchpad\source\</path>
         <kind>object</kind>
         <file>sys_main.obj</file>
         <name>sys_main.obj</name>
      </input_file>
      <input_file id="fl-1e">
         <path>.\platform-1224-launchpad\source\</path>
         <kind>object</kind>
         <file>sys_mpu.obj</file>
         <name>sys_mpu.obj</name>
      </input_file>
      <input_file id="fl-1f">
         <path>.\platform-1224-launchpad\source\</path>
         <kind>object</kind>
         <file>sys_pcr.obj</file>
         <name>sys_pcr.obj</name>
      </input_file>
      <input_file id="fl-20">
         <path>.\platform-1224-launchpad\source\</path>
         <kind>object</kind>
         <file>sys_phantom.obj</file>
         <name>sys_phantom.obj</name>
      </input_file>
      <input_file id="fl-21">
         <path>.\platform-1224-launchpad\source\</path>
         <kind>object</kind>
         <file>sys_pmm.obj</file>
         <name>sys_pmm.obj</name>
      </input_file>
      <input_file id="fl-22">
         <path>.\platform-1224-launchpad\source\</path>
         <kind>object</kind>
         <file>sys_pmu.obj</file>
         <name>sys_pmu.obj</name>
      </input_file>
      <input_file id="fl-23">
         <path>.\platform-1224-launchpad\source\</path>
         <kind>object</kind>
         <file>sys_selftest.obj</file>
         <name>sys_selftest.obj</name>
      </input_file>
      <input_file id="fl-24">
         <path>.\platform-1224-launchpad\source\</path>
         <kind>object</kind>
         <file>sys_startup.obj</file>
         <name>sys_startup.obj</name>
      </input_file>
      <input_file id="fl-25">
         <path>.\platform-1224-launchpad\source\</path>
         <kind>object</kind>
         <file>sys_vim.obj</file>
         <name>sys_vim.obj</name>
      </input_file>
      <input_file id="fl-26">
         <path>.\platform-1224-launchpad\source\</path>
         <kind>object</kind>
         <file>system.obj</file>
         <name>system.obj</name>
      </input_file>
      <input_file id="fl-29">
         <kind>object</kind>
         <file>&lt;internal&gt;</file>
         <name>&lt;internal&gt;</name>
      </input_file>
      <input_file id="fl-2a">
         <path>M:\ti\ccsv7\tools\compiler\ti-cgt-arm_16.9.6.LTS\lib\</path>
         <kind>archive</kind>
         <file>rtsv7R4_T_be_v3D16_eabi.lib</file>
         <name>autoinit.obj</name>
      </input_file>
      <input_file id="fl-2b">
         <path>M:\ti\ccsv7\tools\compiler\ti-cgt-arm_16.9.6.LTS\lib\</path>
         <kind>archive</kind>
         <file>rtsv7R4_T_be_v3D16_eabi.lib</file>
         <name>copy_decompress_lzss.obj</name>
      </input_file>
      <input_file id="fl-2c">
         <path>M:\ti\ccsv7\tools\compiler\ti-cgt-arm_16.9.6.LTS\lib\</path>
         <kind>archive</kind>
         <file>rtsv7R4_T_be_v3D16_eabi.lib</file>
         <name>copy_decompress_none.obj</name>
      </input_file>
      <input_file id="fl-2d">
         <path>M:\ti\ccsv7\tools\compiler\ti-cgt-arm_16.9.6.LTS\lib\</path>
         <kind>archive</kind>
         <file>rtsv7R4_T_be_v3D16_eabi.lib</file>
         <name>copy_zero_init.obj</name>
      </input_file>
      <input_file id="fl-2e">
         <path>M:\ti\ccsv7\tools\compiler\ti-cgt-arm_16.9.6.LTS\lib\</path>
         <kind>archive</kind>
         <file>rtsv7R4_T_be_v3D16_eabi.lib</file>
         <name>cpy_tbl.obj</name>
      </input_file>
      <input_file id="fl-2f">
         <path>M:\ti\ccsv7\tools\compiler\ti-cgt-arm_16.9.6.LTS\lib\</path>
         <kind>archive</kind>
         <file>rtsv7R4_T_be_v3D16_eabi.lib</file>
         <name>exit.obj</name>
      </input_file>
      <input_file id="fl-30">
         <path>M:\ti\ccsv7\tools\compiler\ti-cgt-arm_16.9.6.LTS\lib\</path>
         <kind>archive</kind>
         <file>rtsv7R4_T_be_v3D16_eabi.lib</file>
         <name>memcpy_t2.obj</name>
      </input_file>
      <input_file id="fl-31">
         <path>M:\ti\ccsv7\tools\compiler\ti-cgt-arm_16.9.6.LTS\lib\</path>
         <kind>archive</kind>
         <file>rtsv7R4_T_be_v3D16_eabi.lib</file>
         <name>memset_t2.obj</name>
      </input_file>
      <input_file id="fl-32">
         <path>M:\ti\ccsv7\tools\compiler\ti-cgt-arm_16.9.6.LTS\lib\</path>
         <kind>archive</kind>
         <file>rtsv7R4_T_be_v3D16_eabi.lib</file>
         <name>s_floor.obj</name>
      </input_file>
      <input_file id="fl-33">
         <path>M:\ti\ccsv7\tools\compiler\ti-cgt-arm_16.9.6.LTS\lib\</path>
         <kind>archive</kind>
         <file>rtsv7R4_T_be_v3D16_eabi.lib</file>
         <name>sprintf.obj</name>
      </input_file>
      <input_file id="fl-34">
         <path>M:\ti\ccsv7\tools\compiler\ti-cgt-arm_16.9.6.LTS\lib\</path>
         <kind>archive</kind>
         <file>rtsv7R4_T_be_v3D16_eabi.lib</file>
         <name>startup.obj</name>
      </input_file>
      <input_file id="fl-35">
         <path>M:\ti\ccsv7\tools\compiler\ti-cgt-arm_16.9.6.LTS\lib\</path>
         <kind>archive</kind>
         <file>rtsv7R4_T_be_v3D16_eabi.lib</file>
         <name>strcpy.obj</name>
      </input_file>
      <input_file id="fl-36">
         <path>M:\ti\ccsv7\tools\compiler\ti-cgt-arm_16.9.6.LTS\lib\</path>
         <kind>archive</kind>
         <file>rtsv7R4_T_be_v3D16_eabi.lib</file>
         <name>strlen.obj</name>
      </input_file>
      <input_file id="fl-37">
         <path>M:\ti\ccsv7\tools\compiler\ti-cgt-arm_16.9.6.LTS\lib\</path>
         <kind>archive</kind>
         <file>rtsv7R4_T_be_v3D16_eabi.lib</file>
         <name>u_div32.obj</name>
      </input_file>
      <input_file id="fl-38">
         <path>M:\ti\ccsv7\tools\compiler\ti-cgt-arm_16.9.6.LTS\lib\</path>
         <kind>archive</kind>
         <file>rtsv7R4_T_be_v3D16_eabi.lib</file>
         <name>_lock.obj</name>
      </input_file>
      <input_file id="fl-39">
         <path>M:\ti\ccsv7\tools\compiler\ti-cgt-arm_16.9.6.LTS\lib\</path>
         <kind>archive</kind>
         <file>rtsv7R4_T_be_v3D16_eabi.lib</file>
         <name>_printfi.obj</name>
      </input_file>
      <input_file id="fl-3a">
         <path>M:\ti\ccsv7\tools\compiler\ti-cgt-arm_16.9.6.LTS\lib\</path>
         <kind>archive</kind>
         <file>rtsv7R4_T_be_v3D16_eabi.lib</file>
         <name>atoi.obj</name>
      </input_file>
      <input_file id="fl-3b">
         <path>M:\ti\ccsv7\tools\compiler\ti-cgt-arm_16.9.6.LTS\lib\</path>
         <kind>archive</kind>
         <file>rtsv7R4_T_be_v3D16_eabi.lib</file>
         <name>ctype.obj</name>
      </input_file>
      <input_file id="fl-3c">
         <path>M:\ti\ccsv7\tools\compiler\ti-cgt-arm_16.9.6.LTS\lib\</path>
         <kind>archive</kind>
         <file>rtsv7R4_T_be_v3D16_eabi.lib</file>
         <name>i_div0.obj</name>
      </input_file>
      <input_file id="fl-3d">
         <path>M:\ti\ccsv7\tools\compiler\ti-cgt-arm_16.9.6.LTS\lib\</path>
         <kind>archive</kind>
         <file>rtsv7R4_T_be_v3D16_eabi.lib</file>
         <name>ltoa.obj</name>
      </input_file>
      <input_file id="fl-3e">
         <path>M:\ti\ccsv7\tools\compiler\ti-cgt-arm_16.9.6.LTS\lib\</path>
         <kind>archive</kind>
         <file>rtsv7R4_T_be_v3D16_eabi.lib</file>
         <name>memccpy.obj</name>
      </input_file>
      <input_file id="fl-3f">
         <path>M:\ti\ccsv7\tools\compiler\ti-cgt-arm_16.9.6.LTS\lib\</path>
         <kind>archive</kind>
         <file>rtsv7R4_T_be_v3D16_eabi.lib</file>
         <name>s_frexp.obj</name>
      </input_file>
      <input_file id="fl-40">
         <path>M:\ti\ccsv7\tools\compiler\ti-cgt-arm_16.9.6.LTS\lib\</path>
         <kind>archive</kind>
         <file>rtsv7R4_T_be_v3D16_eabi.lib</file>
         <name>s_scalbn.obj</name>
      </input_file>
      <input_file id="fl-41">
         <path>M:\ti\ccsv7\tools\compiler\ti-cgt-arm_16.9.6.LTS\lib\</path>
         <kind>archive</kind>
         <file>rtsv7R4_T_be_v3D16_eabi.lib</file>
         <name>strchr.obj</name>
      </input_file>
      <input_file id="fl-42">
         <path>M:\ti\ccsv7\tools\compiler\ti-cgt-arm_16.9.6.LTS\lib\</path>
         <kind>archive</kind>
         <file>rtsv7R4_T_be_v3D16_eabi.lib</file>
         <name>ull_div32.obj</name>
      </input_file>
      <input_file id="fl-43">
         <path>M:\ti\ccsv7\tools\compiler\ti-cgt-arm_16.9.6.LTS\lib\</path>
         <kind>archive</kind>
         <file>rtsv7R4_T_be_v3D16_eabi.lib</file>
         <name>errno.obj</name>
      </input_file>
      <input_file id="fl-44">
         <path>M:\ti\ccsv7\tools\compiler\ti-cgt-arm_16.9.6.LTS\lib\</path>
         <kind>archive</kind>
         <file>rtsv7R4_T_be_v3D16_eabi.lib</file>
         <name>s_copysign.obj</name>
      </input_file>
   </input_file_list>
   <object_component_list>
      <object_component id="oc-8d">
         <name>.text</name>
         <load_address>0xfeb0</load_address>
         <run_address>0xfeb0</run_address>
         <size>0x2cdc</size>
         <input_file_ref idref="fl-23"/>
      </object_component>
      <object_component id="oc-296">
         <name>.text</name>
         <load_address>0x12b8c</load_address>
         <run_address>0x12b8c</run_address>
         <size>0x107e</size>
         <input_file_ref idref="fl-39"/>
      </object_component>
      <object_component id="oc-118">
         <name>.text</name>
         <load_address>0x13c0a</load_address>
         <run_address>0x13c0a</run_address>
         <size>0x2</size>
         <input_file_ref idref="fl-34"/>
      </object_component>
      <object_component id="oc-87">
         <name>.text</name>
         <load_address>0x13c0c</load_address>
         <run_address>0x13c0c</run_address>
         <size>0xb28</size>
         <input_file_ref idref="fl-26"/>
      </object_component>
      <object_component id="oc-54">
         <name>.text</name>
         <load_address>0x14734</load_address>
         <run_address>0x14734</run_address>
         <size>0xa5c</size>
         <input_file_ref idref="fl-25"/>
      </object_component>
      <object_component id="oc-fc">
         <name>.text</name>
         <load_address>0x15190</load_address>
         <run_address>0x15190</run_address>
         <size>0x8c4</size>
         <input_file_ref idref="fl-d"/>
      </object_component>
      <object_component id="oc-93">
         <name>.text</name>
         <load_address>0x15a54</load_address>
         <run_address>0x15a54</run_address>
         <size>0x5d8</size>
         <input_file_ref idref="fl-7"/>
      </object_component>
      <object_component id="oc-41">
         <name>.text:retain</name>
         <load_address>0x1602c</load_address>
         <run_address>0x1602c</run_address>
         <size>0x400</size>
         <input_file_ref idref="fl-18"/>
      </object_component>
      <object_component id="oc-82">
         <name>.text</name>
         <load_address>0x1642c</load_address>
         <run_address>0x1642c</run_address>
         <size>0x34c</size>
         <input_file_ref idref="fl-1a"/>
      </object_component>
      <object_component id="oc-53">
         <name>.text:retain</name>
         <load_address>0x16778</load_address>
         <run_address>0x16778</run_address>
         <size>0x2cc</size>
         <input_file_ref idref="fl-25"/>
      </object_component>
      <object_component id="oc-2ee">
         <name>.text</name>
         <load_address>0x16a44</load_address>
         <run_address>0x16a44</run_address>
         <size>0x2b8</size>
         <input_file_ref idref="fl-42"/>
      </object_component>
      <object_component id="oc-47">
         <name>.text:retain</name>
         <load_address>0x16cfc</load_address>
         <run_address>0x16cfc</run_address>
         <size>0x2b0</size>
         <input_file_ref idref="fl-19"/>
      </object_component>
      <object_component id="oc-26f">
         <name>.text</name>
         <load_address>0x16fac</load_address>
         <run_address>0x16fac</run_address>
         <size>0x29c</size>
         <input_file_ref idref="fl-10"/>
      </object_component>
      <object_component id="oc-15">
         <name>.text:retain</name>
         <load_address>0x17248</load_address>
         <run_address>0x17248</run_address>
         <size>0x27c</size>
         <input_file_ref idref="fl-24"/>
      </object_component>
      <object_component id="oc-1eb">
         <name>.text</name>
         <load_address>0x174c4</load_address>
         <run_address>0x174c4</run_address>
         <size>0x238</size>
         <input_file_ref idref="fl-11"/>
      </object_component>
      <object_component id="oc-282">
         <name>.text</name>
         <load_address>0x176fc</load_address>
         <run_address>0x176fc</run_address>
         <size>0x1b4</size>
         <input_file_ref idref="fl-13"/>
      </object_component>
      <object_component id="oc-b7">
         <name>.text</name>
         <load_address>0x178b0</load_address>
         <run_address>0x178b0</run_address>
         <size>0x148</size>
         <input_file_ref idref="fl-c"/>
      </object_component>
      <object_component id="oc-29">
         <name>.text:retain</name>
         <load_address>0x179f8</load_address>
         <run_address>0x179f8</run_address>
         <size>0x114</size>
         <input_file_ref idref="fl-7"/>
      </object_component>
      <object_component id="oc-1f7">
         <name>.text</name>
         <load_address>0x17b0c</load_address>
         <run_address>0x17b0c</run_address>
         <size>0x100</size>
         <input_file_ref idref="fl-16"/>
      </object_component>
      <object_component id="oc-2ff">
         <name>.text</name>
         <load_address>0x17c0c</load_address>
         <run_address>0x17c0c</run_address>
         <size>0xf4</size>
         <input_file_ref idref="fl-40"/>
      </object_component>
      <object_component id="oc-b0">
         <name>.text</name>
         <load_address>0x17d00</load_address>
         <run_address>0x17d00</run_address>
         <size>0xe8</size>
         <input_file_ref idref="fl-6"/>
      </object_component>
      <object_component id="oc-104">
         <name>.text</name>
         <load_address>0x17de8</load_address>
         <run_address>0x17de8</run_address>
         <size>0xe0</size>
         <input_file_ref idref="fl-22"/>
      </object_component>
      <object_component id="oc-3b">
         <name>.text:retain</name>
         <load_address>0x17ec8</load_address>
         <run_address>0x17ec8</run_address>
         <size>0xcc</size>
         <input_file_ref idref="fl-b"/>
      </object_component>
      <object_component id="oc-35">
         <name>.text:retain</name>
         <load_address>0x17f94</load_address>
         <run_address>0x17f94</run_address>
         <size>0xb0</size>
         <input_file_ref idref="fl-9"/>
      </object_component>
      <object_component id="oc-6a">
         <name>.text</name>
         <load_address>0x18044</load_address>
         <run_address>0x18044</run_address>
         <size>0x9c</size>
         <input_file_ref idref="fl-30"/>
      </object_component>
      <object_component id="oc-2f">
         <name>.text:retain</name>
         <load_address>0x180e0</load_address>
         <run_address>0x180e0</run_address>
         <size>0x98</size>
         <input_file_ref idref="fl-8"/>
      </object_component>
      <object_component id="oc-76">
         <name>.text</name>
         <load_address>0x18178</load_address>
         <run_address>0x18178</run_address>
         <size>0x7a</size>
         <input_file_ref idref="fl-31"/>
      </object_component>
      <object_component id="oc-2f9">
         <name>.text</name>
         <load_address>0x181f4</load_address>
         <run_address>0x181f4</run_address>
         <size>0x74</size>
         <input_file_ref idref="fl-3f"/>
      </object_component>
      <object_component id="oc-99">
         <name>.text</name>
         <load_address>0x18268</load_address>
         <run_address>0x18268</run_address>
         <size>0x70</size>
         <input_file_ref idref="fl-2a"/>
      </object_component>
      <object_component id="oc-3">
         <name>.text:decompress:lzss</name>
         <load_address>0x182d8</load_address>
         <run_address>0x182d8</run_address>
         <size>0x6c</size>
         <input_file_ref idref="fl-2b"/>
      </object_component>
      <object_component id="oc-20c">
         <name>.text</name>
         <load_address>0x18344</load_address>
         <run_address>0x18344</run_address>
         <size>0x64</size>
         <input_file_ref idref="fl-33"/>
      </object_component>
      <object_component id="oc-20">
         <name>.text:retain</name>
         <load_address>0x183a8</load_address>
         <run_address>0x183a8</run_address>
         <size>0x54</size>
         <input_file_ref idref="fl-5"/>
      </object_component>
      <object_component id="oc-2f3">
         <name>.text</name>
         <load_address>0x183fc</load_address>
         <run_address>0x183fc</run_address>
         <size>0x54</size>
         <input_file_ref idref="fl-3d"/>
      </object_component>
      <object_component id="oc-30b">
         <name>.text</name>
         <load_address>0x18450</load_address>
         <run_address>0x18450</run_address>
         <size>0x50</size>
         <input_file_ref idref="fl-3a"/>
      </object_component>
      <object_component id="oc-a5">
         <name>.text</name>
         <load_address>0x184a0</load_address>
         <run_address>0x184a0</run_address>
         <size>0x50</size>
         <input_file_ref idref="fl-2f"/>
      </object_component>
      <object_component id="oc-112">
         <name>.text</name>
         <load_address>0x184f0</load_address>
         <run_address>0x184f0</run_address>
         <size>0x4c</size>
         <input_file_ref idref="fl-2e"/>
      </object_component>
      <object_component id="oc-311">
         <name>.text</name>
         <load_address>0x1853c</load_address>
         <run_address>0x1853c</run_address>
         <size>0x1c</size>
         <input_file_ref idref="fl-3e"/>
      </object_component>
      <object_component id="oc-34b">
         <name>.text</name>
         <load_address>0x18558</load_address>
         <run_address>0x18558</run_address>
         <size>0x18</size>
         <input_file_ref idref="fl-44"/>
      </object_component>
      <object_component id="oc-305">
         <name>.text</name>
         <load_address>0x18570</load_address>
         <run_address>0x18570</run_address>
         <size>0x16</size>
         <input_file_ref idref="fl-41"/>
      </object_component>
      <object_component id="oc-200">
         <name>.text</name>
         <load_address>0x18586</load_address>
         <run_address>0x18586</run_address>
         <size>0x16</size>
         <input_file_ref idref="fl-36"/>
      </object_component>
      <object_component id="oc-1d9">
         <name>.text</name>
         <load_address>0x1859c</load_address>
         <run_address>0x1859c</run_address>
         <size>0x14</size>
         <input_file_ref idref="fl-38"/>
      </object_component>
      <object_component id="oc-206">
         <name>.text</name>
         <load_address>0x185b0</load_address>
         <run_address>0x185b0</run_address>
         <size>0x14</size>
         <input_file_ref idref="fl-35"/>
      </object_component>
      <object_component id="oc-9">
         <name>.text:decompress:none</name>
         <load_address>0x185c4</load_address>
         <run_address>0x185c4</run_address>
         <size>0xe</size>
         <input_file_ref idref="fl-2c"/>
      </object_component>
      <object_component id="oc-f">
         <name>.text:decompress:ZI</name>
         <load_address>0x185d2</load_address>
         <run_address>0x185d2</run_address>
         <size>0xc</size>
         <input_file_ref idref="fl-2d"/>
      </object_component>
      <object_component id="oc-9f">
         <name>.text</name>
         <load_address>0x185e0</load_address>
         <run_address>0x185e0</run_address>
         <size>0x8</size>
         <input_file_ref idref="fl-2"/>
      </object_component>
      <object_component id="oc-4d">
         <name>.text:retain</name>
         <load_address>0x185e8</load_address>
         <run_address>0x185e8</run_address>
         <size>0x4</size>
         <input_file_ref idref="fl-20"/>
      </object_component>
      <object_component id="oc-3c1">
         <name>.tramp.prvMpuDisable.1</name>
         <load_address>0x185ec</load_address>
         <run_address>0x185ec</run_address>
         <size>0x8</size>
         <input_file_ref idref="fl-14"/>
      </object_component>
      <object_component id="oc-3c2">
         <name>.tramp.prvMpuSetRegion.1</name>
         <load_address>0x185f4</load_address>
         <run_address>0x185f4</run_address>
         <size>0x8</size>
         <input_file_ref idref="fl-14"/>
      </object_component>
      <object_component id="oc-3c3">
         <name>.tramp.prvMpuEnable.1</name>
         <load_address>0x185fc</load_address>
         <run_address>0x185fc</run_address>
         <size>0x8</size>
         <input_file_ref idref="fl-14"/>
      </object_component>
      <object_component id="oc-3c4">
         <name>.tramp.prvCheckTasksWaitingTermination.1</name>
         <load_address>0x18604</load_address>
         <run_address>0x18604</run_address>
         <size>0x8</size>
         <input_file_ref idref="fl-16"/>
      </object_component>
      <object_component id="oc-26">
         <name>.const:s_vim_init</name>
         <load_address>0x1860c</load_address>
         <run_address>0x1860c</run_address>
         <size>0x200</size>
         <input_file_ref idref="fl-25"/>
      </object_component>
      <object_component id="oc-358">
         <name>.const:.string:_ctypes_</name>
         <load_address>0x1880c</load_address>
         <run_address>0x1880c</run_address>
         <size>0x101</size>
         <input_file_ref idref="fl-3b"/>
      </object_component>
      <object_component id="oc-278">
         <name>.const</name>
         <load_address>0x18910</load_address>
         <run_address>0x18910</run_address>
         <size>0x4</size>
         <input_file_ref idref="fl-10"/>
      </object_component>
      <object_component id="oc-275">
         <name>.data</name>
         <load_address>0x18914</load_address>
         <run_address>0x18914</run_address>
         <size>0x10</size>
         <input_file_ref idref="fl-10"/>
      </object_component>
      <object_component id="oc-121">
         <name>.data:$O1$$</name>
         <load_address>0x18924</load_address>
         <run_address>0x18924</run_address>
         <size>0xc</size>
         <input_file_ref idref="fl-2f"/>
      </object_component>
      <object_component id="oc-124">
         <name>.data:$O1$$</name>
         <load_address>0x18930</load_address>
         <run_address>0x18930</run_address>
         <size>0x8</size>
         <input_file_ref idref="fl-38"/>
      </object_component>
      <object_component id="oc-351">
         <name>.data</name>
         <load_address>0x18938</load_address>
         <run_address>0x18938</run_address>
         <size>0x4</size>
         <input_file_ref idref="fl-43"/>
      </object_component>
      <object_component id="oc-2d4">
         <name>.bss:ucHeap</name>
         <uninitialized>true</uninitialized>
         <run_address>0x20</run_address>
         <size>0xfde8</size>
         <input_file_ref idref="fl-10"/>
      </object_component>
      <object_component id="oc-27b">
         <name>.bss:xStart</name>
         <uninitialized>true</uninitialized>
         <run_address>0xfea8</run_address>
         <size>0x8</size>
         <input_file_ref idref="fl-10"/>
      </object_component>
      <object_component id="oc-ca">
         <name>.bss:g_sciTransfer_t</name>
         <uninitialized>true</uninitialized>
         <run_address>0xfe80</run_address>
         <size>0x28</size>
         <input_file_ref idref="fl-18"/>
      </object_component>
      <object_component id="oc-ce">
         <name>.bss:g_spiPacket_t</name>
         <uninitialized>true</uninitialized>
         <run_address>0xfe08</run_address>
         <size>0x78</size>
         <input_file_ref idref="fl-19"/>
      </object_component>
      <object_component id="oc-3a4">
         <name>.cinit..kernelBSS.load</name>
         <load_address>0x1c7c8</load_address>
         <run_address>0x1c7c8</run_address>
         <size>0xd</size>
      </object_component>
      <object_component id="oc-3a0">
         <name>__TI_handler_table</name>
         <load_address>0x1c7d8</load_address>
         <run_address>0x1c7d8</run_address>
         <size>0xc</size>
      </object_component>
      <object_component id="oc-3a2">
         <name>.cinit..data.load</name>
         <load_address>0x1c7e4</load_address>
         <run_address>0x1c7e4</run_address>
         <size>0xb</size>
      </object_component>
      <object_component id="oc-3a3">
         <name>.cinit..bss.load</name>
         <load_address>0x1c7f0</load_address>
         <run_address>0x1c7f0</run_address>
         <size>0x8</size>
      </object_component>
      <object_component id="oc-3a1">
         <name>__TI_cinit_table</name>
         <load_address>0x1c7f8</load_address>
         <run_address>0x1c7f8</run_address>
         <size>0x18</size>
      </object_component>
      <object_component id="oc-a0">
         <name>.debug_info</name>
         <load_address>0x0</load_address>
         <run_address>0x0</run_address>
         <size>0xf7</size>
         <input_file_ref idref="fl-2"/>
      </object_component>
      <object_component id="oc-65">
         <name>.debug_info</name>
         <load_address>0xf7</load_address>
         <run_address>0xf7</run_address>
         <size>0x84</size>
         <input_file_ref idref="fl-2"/>
      </object_component>
      <object_component id="oc-180">
         <name>.debug_info</name>
         <load_address>0x17b</load_address>
         <run_address>0x17b</run_address>
         <size>0x34b</size>
         <input_file_ref idref="fl-5"/>
      </object_component>
      <object_component id="oc-21">
         <name>.debug_info</name>
         <load_address>0x4c6</load_address>
         <run_address>0x4c6</run_address>
         <size>0x185</size>
         <input_file_ref idref="fl-5"/>
      </object_component>
      <object_component id="oc-187">
         <name>.debug_info</name>
         <load_address>0x64b</load_address>
         <run_address>0x64b</run_address>
         <size>0x791</size>
         <input_file_ref idref="fl-5"/>
      </object_component>
      <object_component id="oc-c2">
         <name>.debug_info</name>
         <load_address>0xddc</load_address>
         <run_address>0xddc</run_address>
         <size>0x157</size>
         <input_file_ref idref="fl-5"/>
      </object_component>
      <object_component id="oc-16a">
         <name>.debug_info</name>
         <load_address>0xf33</load_address>
         <run_address>0xf33</run_address>
         <size>0x8b</size>
         <input_file_ref idref="fl-5"/>
      </object_component>
      <object_component id="oc-da">
         <name>.debug_info</name>
         <load_address>0xfbe</load_address>
         <run_address>0xfbe</run_address>
         <size>0x18c</size>
         <input_file_ref idref="fl-5"/>
      </object_component>
      <object_component id="oc-165">
         <name>.debug_info</name>
         <load_address>0x114a</load_address>
         <run_address>0x114a</run_address>
         <size>0x18b</size>
         <input_file_ref idref="fl-5"/>
      </object_component>
      <object_component id="oc-df">
         <name>.debug_info</name>
         <load_address>0x12d5</load_address>
         <run_address>0x12d5</run_address>
         <size>0x86</size>
         <input_file_ref idref="fl-5"/>
      </object_component>
      <object_component id="oc-251">
         <name>.debug_info</name>
         <load_address>0x135b</load_address>
         <run_address>0x135b</run_address>
         <size>0x38f</size>
         <input_file_ref idref="fl-5"/>
      </object_component>
      <object_component id="oc-15b">
         <name>.debug_info</name>
         <load_address>0x16ea</load_address>
         <run_address>0x16ea</run_address>
         <size>0x2d0</size>
         <input_file_ref idref="fl-5"/>
      </object_component>
      <object_component id="oc-b2">
         <name>.debug_info</name>
         <load_address>0x19ba</load_address>
         <run_address>0x19ba</run_address>
         <size>0x12c</size>
         <input_file_ref idref="fl-6"/>
      </object_component>
      <object_component id="oc-111">
         <name>.debug_info</name>
         <load_address>0x1ae6</load_address>
         <run_address>0x1ae6</run_address>
         <size>0x316</size>
         <input_file_ref idref="fl-7"/>
      </object_component>
      <object_component id="oc-94">
         <name>.debug_info</name>
         <load_address>0x1dfc</load_address>
         <run_address>0x1dfc</run_address>
         <size>0xe6d</size>
         <input_file_ref idref="fl-7"/>
      </object_component>
      <object_component id="oc-2a">
         <name>.debug_info</name>
         <load_address>0x2c69</load_address>
         <run_address>0x2c69</run_address>
         <size>0x1cd</size>
         <input_file_ref idref="fl-7"/>
      </object_component>
      <object_component id="oc-142">
         <name>.debug_info</name>
         <load_address>0x2e36</load_address>
         <run_address>0x2e36</run_address>
         <size>0x1de</size>
         <input_file_ref idref="fl-7"/>
      </object_component>
      <object_component id="oc-10c">
         <name>.debug_info</name>
         <load_address>0x3014</load_address>
         <run_address>0x3014</run_address>
         <size>0x129</size>
         <input_file_ref idref="fl-7"/>
      </object_component>
      <object_component id="oc-242">
         <name>.debug_info</name>
         <load_address>0x313d</load_address>
         <run_address>0x313d</run_address>
         <size>0x2ce</size>
         <input_file_ref idref="fl-8"/>
      </object_component>
      <object_component id="oc-30">
         <name>.debug_info</name>
         <load_address>0x340b</load_address>
         <run_address>0x340b</run_address>
         <size>0x1b5</size>
         <input_file_ref idref="fl-8"/>
      </object_component>
      <object_component id="oc-14c">
         <name>.debug_info</name>
         <load_address>0x35c0</load_address>
         <run_address>0x35c0</run_address>
         <size>0x1f9</size>
         <input_file_ref idref="fl-8"/>
      </object_component>
      <object_component id="oc-2ba">
         <name>.debug_info</name>
         <load_address>0x37b9</load_address>
         <run_address>0x37b9</run_address>
         <size>0x12a</size>
         <input_file_ref idref="fl-8"/>
      </object_component>
      <object_component id="oc-25e">
         <name>.debug_info</name>
         <load_address>0x38e3</load_address>
         <run_address>0x38e3</run_address>
         <size>0x39f</size>
         <input_file_ref idref="fl-9"/>
      </object_component>
      <object_component id="oc-36">
         <name>.debug_info</name>
         <load_address>0x3c82</load_address>
         <run_address>0x3c82</run_address>
         <size>0x1c8</size>
         <input_file_ref idref="fl-9"/>
      </object_component>
      <object_component id="oc-f4">
         <name>.debug_info</name>
         <load_address>0x3e4a</load_address>
         <run_address>0x3e4a</run_address>
         <size>0x2c</size>
         <input_file_ref idref="fl-9"/>
      </object_component>
      <object_component id="oc-1a0">
         <name>.debug_info</name>
         <load_address>0x3e76</load_address>
         <run_address>0x3e76</run_address>
         <size>0x3d3</size>
         <input_file_ref idref="fl-9"/>
      </object_component>
      <object_component id="oc-2c8">
         <name>.debug_info</name>
         <load_address>0x4249</load_address>
         <run_address>0x4249</run_address>
         <size>0x2e3</size>
         <input_file_ref idref="fl-9"/>
      </object_component>
      <object_component id="oc-2b6">
         <name>.debug_info</name>
         <load_address>0x452c</load_address>
         <run_address>0x452c</run_address>
         <size>0x2d3</size>
         <input_file_ref idref="fl-a"/>
      </object_component>
      <object_component id="oc-23d">
         <name>.debug_info</name>
         <load_address>0x47ff</load_address>
         <run_address>0x47ff</run_address>
         <size>0x399</size>
         <input_file_ref idref="fl-a"/>
      </object_component>
      <object_component id="oc-233">
         <name>.debug_info</name>
         <load_address>0x4b98</load_address>
         <run_address>0x4b98</run_address>
         <size>0x2e2</size>
         <input_file_ref idref="fl-a"/>
      </object_component>
      <object_component id="oc-25d">
         <name>.debug_info</name>
         <load_address>0x4e7a</load_address>
         <run_address>0x4e7a</run_address>
         <size>0x37c</size>
         <input_file_ref idref="fl-b"/>
      </object_component>
      <object_component id="oc-3f">
         <name>.debug_info</name>
         <load_address>0x51f6</load_address>
         <run_address>0x51f6</run_address>
         <size>0x1eb</size>
         <input_file_ref idref="fl-b"/>
      </object_component>
      <object_component id="oc-18c">
         <name>.debug_info</name>
         <load_address>0x53e1</load_address>
         <run_address>0x53e1</run_address>
         <size>0x4de</size>
         <input_file_ref idref="fl-b"/>
      </object_component>
      <object_component id="oc-2c1">
         <name>.debug_info</name>
         <load_address>0x58bf</load_address>
         <run_address>0x58bf</run_address>
         <size>0x44e</size>
         <input_file_ref idref="fl-b"/>
      </object_component>
      <object_component id="oc-139">
         <name>.debug_info</name>
         <load_address>0x5d0d</load_address>
         <run_address>0x5d0d</run_address>
         <size>0x505</size>
         <input_file_ref idref="fl-c"/>
      </object_component>
      <object_component id="oc-b8">
         <name>.debug_info</name>
         <load_address>0x6212</load_address>
         <run_address>0x6212</run_address>
         <size>0x10e7</size>
         <input_file_ref idref="fl-c"/>
      </object_component>
      <object_component id="oc-191">
         <name>.debug_info</name>
         <load_address>0x72f9</load_address>
         <run_address>0x72f9</run_address>
         <size>0x3ce</size>
         <input_file_ref idref="fl-c"/>
      </object_component>
      <object_component id="oc-22e">
         <name>.debug_info</name>
         <load_address>0x76c7</load_address>
         <run_address>0x76c7</run_address>
         <size>0x7cd</size>
         <input_file_ref idref="fl-c"/>
      </object_component>
      <object_component id="oc-13b">
         <name>.debug_info</name>
         <load_address>0x7e94</load_address>
         <run_address>0x7e94</run_address>
         <size>0x673</size>
         <input_file_ref idref="fl-c"/>
      </object_component>
      <object_component id="oc-d3">
         <name>.debug_info</name>
         <load_address>0x8507</load_address>
         <run_address>0x8507</run_address>
         <size>0x375</size>
         <input_file_ref idref="fl-c"/>
      </object_component>
      <object_component id="oc-196">
         <name>.debug_info</name>
         <load_address>0x887c</load_address>
         <run_address>0x887c</run_address>
         <size>0x437</size>
         <input_file_ref idref="fl-c"/>
      </object_component>
      <object_component id="oc-1c1">
         <name>.debug_info</name>
         <load_address>0x8cb3</load_address>
         <run_address>0x8cb3</run_address>
         <size>0x37b</size>
         <input_file_ref idref="fl-c"/>
      </object_component>
      <object_component id="oc-19b">
         <name>.debug_info</name>
         <load_address>0x902e</load_address>
         <run_address>0x902e</run_address>
         <size>0x1ca</size>
         <input_file_ref idref="fl-c"/>
      </object_component>
      <object_component id="oc-147">
         <name>.debug_info</name>
         <load_address>0x91f8</load_address>
         <run_address>0x91f8</run_address>
         <size>0x435</size>
         <input_file_ref idref="fl-c"/>
      </object_component>
      <object_component id="oc-1b4">
         <name>.debug_info</name>
         <load_address>0x962d</load_address>
         <run_address>0x962d</run_address>
         <size>0x551</size>
         <input_file_ref idref="fl-c"/>
      </object_component>
      <object_component id="oc-1aa">
         <name>.debug_info</name>
         <load_address>0x9b7e</load_address>
         <run_address>0x9b7e</run_address>
         <size>0x1de</size>
         <input_file_ref idref="fl-c"/>
      </object_component>
      <object_component id="oc-238">
         <name>.debug_info</name>
         <load_address>0x9d5c</load_address>
         <run_address>0x9d5c</run_address>
         <size>0x243</size>
         <input_file_ref idref="fl-c"/>
      </object_component>
      <object_component id="oc-24a">
         <name>.debug_info</name>
         <load_address>0x9f9f</load_address>
         <run_address>0x9f9f</run_address>
         <size>0x18e</size>
         <input_file_ref idref="fl-c"/>
      </object_component>
      <object_component id="oc-17b">
         <name>.debug_info</name>
         <load_address>0xa12d</load_address>
         <run_address>0xa12d</run_address>
         <size>0x26c</size>
         <input_file_ref idref="fl-c"/>
      </object_component>
      <object_component id="oc-1b9">
         <name>.debug_info</name>
         <load_address>0xa399</load_address>
         <run_address>0xa399</run_address>
         <size>0x17a</size>
         <input_file_ref idref="fl-c"/>
      </object_component>
      <object_component id="oc-151">
         <name>.debug_info</name>
         <load_address>0xa513</load_address>
         <run_address>0xa513</run_address>
         <size>0x6a6</size>
         <input_file_ref idref="fl-c"/>
      </object_component>
      <object_component id="oc-156">
         <name>.debug_info</name>
         <load_address>0xabb9</load_address>
         <run_address>0xabb9</run_address>
         <size>0x13e</size>
         <input_file_ref idref="fl-c"/>
      </object_component>
      <object_component id="oc-184">
         <name>.debug_info</name>
         <load_address>0xacf7</load_address>
         <run_address>0xacf7</run_address>
         <size>0x280</size>
         <input_file_ref idref="fl-d"/>
      </object_component>
      <object_component id="oc-fe">
         <name>.debug_info</name>
         <load_address>0xaf77</load_address>
         <run_address>0xaf77</run_address>
         <size>0x25b</size>
         <input_file_ref idref="fl-d"/>
      </object_component>
      <object_component id="oc-1a5">
         <name>.debug_info</name>
         <load_address>0xb1d2</load_address>
         <run_address>0xb1d2</run_address>
         <size>0x508</size>
         <input_file_ref idref="fl-d"/>
      </object_component>
      <object_component id="oc-258">
         <name>.debug_info</name>
         <load_address>0xb6da</load_address>
         <run_address>0xb6da</run_address>
         <size>0x43c</size>
         <input_file_ref idref="fl-d"/>
      </object_component>
      <object_component id="oc-2a3">
         <name>.debug_info</name>
         <load_address>0xbb16</load_address>
         <run_address>0xbb16</run_address>
         <size>0x1df</size>
         <input_file_ref idref="fl-e"/>
      </object_component>
      <object_component id="oc-21e">
         <name>.debug_info</name>
         <load_address>0xbcf5</load_address>
         <run_address>0xbcf5</run_address>
         <size>0x30c</size>
         <input_file_ref idref="fl-e"/>
      </object_component>
      <object_component id="oc-2b0">
         <name>.debug_info</name>
         <load_address>0xc001</load_address>
         <run_address>0xc001</run_address>
         <size>0x3e2</size>
         <input_file_ref idref="fl-e"/>
      </object_component>
      <object_component id="oc-213">
         <name>.debug_info</name>
         <load_address>0xc3e3</load_address>
         <run_address>0xc3e3</run_address>
         <size>0xe1</size>
         <input_file_ref idref="fl-e"/>
      </object_component>
      <object_component id="oc-32c">
         <name>.debug_info</name>
         <load_address>0xc4c4</load_address>
         <run_address>0xc4c4</run_address>
         <size>0xcc</size>
         <input_file_ref idref="fl-e"/>
      </object_component>
      <object_component id="oc-219">
         <name>.debug_info</name>
         <load_address>0xc590</load_address>
         <run_address>0xc590</run_address>
         <size>0x2c</size>
         <input_file_ref idref="fl-e"/>
      </object_component>
      <object_component id="oc-28d">
         <name>.debug_info</name>
         <load_address>0xc5bc</load_address>
         <run_address>0xc5bc</run_address>
         <size>0x14c</size>
         <input_file_ref idref="fl-e"/>
      </object_component>
      <object_component id="oc-2b5">
         <name>.debug_info</name>
         <load_address>0xc708</load_address>
         <run_address>0xc708</run_address>
         <size>0x684</size>
         <input_file_ref idref="fl-f"/>
      </object_component>
      <object_component id="oc-223">
         <name>.debug_info</name>
         <load_address>0xcd8c</load_address>
         <run_address>0xcd8c</run_address>
         <size>0x110</size>
         <input_file_ref idref="fl-f"/>
      </object_component>
      <object_component id="oc-333">
         <name>.debug_info</name>
         <load_address>0xce9c</load_address>
         <run_address>0xce9c</run_address>
         <size>0x39</size>
         <input_file_ref idref="fl-f"/>
      </object_component>
      <object_component id="oc-2a6">
         <name>.debug_info</name>
         <load_address>0xced5</load_address>
         <run_address>0xced5</run_address>
         <size>0x46</size>
         <input_file_ref idref="fl-f"/>
      </object_component>
      <object_component id="oc-338">
         <name>.debug_info</name>
         <load_address>0xcf1b</load_address>
         <run_address>0xcf1b</run_address>
         <size>0x76</size>
         <input_file_ref idref="fl-f"/>
      </object_component>
      <object_component id="oc-27f">
         <name>.debug_info</name>
         <load_address>0xcf91</load_address>
         <run_address>0xcf91</run_address>
         <size>0x431</size>
         <input_file_ref idref="fl-10"/>
      </object_component>
      <object_component id="oc-2d5">
         <name>.debug_info</name>
         <load_address>0xd3c2</load_address>
         <run_address>0xd3c2</run_address>
         <size>0xf0</size>
         <input_file_ref idref="fl-10"/>
      </object_component>
      <object_component id="oc-279">
         <name>.debug_info</name>
         <load_address>0xd4b2</load_address>
         <run_address>0xd4b2</run_address>
         <size>0x102</size>
         <input_file_ref idref="fl-10"/>
      </object_component>
      <object_component id="oc-27c">
         <name>.debug_info</name>
         <load_address>0xd5b4</load_address>
         <run_address>0xd5b4</run_address>
         <size>0xf0</size>
         <input_file_ref idref="fl-10"/>
      </object_component>
      <object_component id="oc-276">
         <name>.debug_info</name>
         <load_address>0xd6a4</load_address>
         <run_address>0xd6a4</run_address>
         <size>0x1a4</size>
         <input_file_ref idref="fl-10"/>
      </object_component>
      <object_component id="oc-1e6">
         <name>.debug_info</name>
         <load_address>0xd848</load_address>
         <run_address>0xd848</run_address>
         <size>0x4e7</size>
         <input_file_ref idref="fl-10"/>
      </object_component>
      <object_component id="oc-270">
         <name>.debug_info</name>
         <load_address>0xdd2f</load_address>
         <run_address>0xdd2f</run_address>
         <size>0x499</size>
         <input_file_ref idref="fl-10"/>
      </object_component>
      <object_component id="oc-2de">
         <name>.debug_info</name>
         <load_address>0xe1c8</load_address>
         <run_address>0xe1c8</run_address>
         <size>0x62</size>
         <input_file_ref idref="fl-10"/>
      </object_component>
      <object_component id="oc-281">
         <name>.debug_info</name>
         <load_address>0xe22a</load_address>
         <run_address>0xe22a</run_address>
         <size>0x367</size>
         <input_file_ref idref="fl-11"/>
      </object_component>
      <object_component id="oc-1ec">
         <name>.debug_info</name>
         <load_address>0xe591</load_address>
         <run_address>0xe591</run_address>
         <size>0x5d2</size>
         <input_file_ref idref="fl-11"/>
      </object_component>
      <object_component id="oc-289">
         <name>.debug_info</name>
         <load_address>0xeb63</load_address>
         <run_address>0xeb63</run_address>
         <size>0x485</size>
         <input_file_ref idref="fl-13"/>
      </object_component>
      <object_component id="oc-134">
         <name>.debug_info</name>
         <load_address>0xefe8</load_address>
         <run_address>0xefe8</run_address>
         <size>0x13e</size>
         <input_file_ref idref="fl-13"/>
      </object_component>
      <object_component id="oc-1f2">
         <name>.debug_info</name>
         <load_address>0xf126</load_address>
         <run_address>0xf126</run_address>
         <size>0x6a0</size>
         <input_file_ref idref="fl-13"/>
      </object_component>
      <object_component id="oc-283">
         <name>.debug_info</name>
         <load_address>0xf7c6</load_address>
         <run_address>0xf7c6</run_address>
         <size>0x412</size>
         <input_file_ref idref="fl-13"/>
      </object_component>
      <object_component id="oc-ac">
         <name>.debug_info</name>
         <load_address>0xfbd8</load_address>
         <run_address>0xfbd8</run_address>
         <size>0x642</size>
         <input_file_ref idref="fl-14"/>
      </object_component>
      <object_component id="oc-218">
         <name>.debug_info</name>
         <load_address>0x1021a</load_address>
         <run_address>0x1021a</run_address>
         <size>0x956</size>
         <input_file_ref idref="fl-16"/>
      </object_component>
      <object_component id="oc-131">
         <name>.debug_info</name>
         <load_address>0x10b70</load_address>
         <run_address>0x10b70</run_address>
         <size>0x360</size>
         <input_file_ref idref="fl-16"/>
      </object_component>
      <object_component id="oc-1fe">
         <name>.debug_info</name>
         <load_address>0x10ed0</load_address>
         <run_address>0x10ed0</run_address>
         <size>0x28c</size>
         <input_file_ref idref="fl-16"/>
      </object_component>
      <object_component id="oc-12b">
         <name>.debug_info</name>
         <load_address>0x1115c</load_address>
         <run_address>0x1115c</run_address>
         <size>0x5d77</size>
         <input_file_ref idref="fl-16"/>
      </object_component>
      <object_component id="oc-1f9">
         <name>.debug_info</name>
         <load_address>0x16ed3</load_address>
         <run_address>0x16ed3</run_address>
         <size>0x3da</size>
         <input_file_ref idref="fl-16"/>
      </object_component>
      <object_component id="oc-29e">
         <name>.debug_info</name>
         <load_address>0x172ad</load_address>
         <run_address>0x172ad</run_address>
         <size>0x4e</size>
         <input_file_ref idref="fl-16"/>
      </object_component>
      <object_component id="oc-2ab">
         <name>.debug_info</name>
         <load_address>0x172fb</load_address>
         <run_address>0x172fb</run_address>
         <size>0x170</size>
         <input_file_ref idref="fl-16"/>
      </object_component>
      <object_component id="oc-171">
         <name>.debug_info</name>
         <load_address>0x1746b</load_address>
         <run_address>0x1746b</run_address>
         <size>0x36a</size>
         <input_file_ref idref="fl-18"/>
      </object_component>
      <object_component id="oc-cb">
         <name>.debug_info</name>
         <load_address>0x177d5</load_address>
         <run_address>0x177d5</run_address>
         <size>0xfc</size>
         <input_file_ref idref="fl-18"/>
      </object_component>
      <object_component id="oc-42">
         <name>.debug_info</name>
         <load_address>0x178d1</load_address>
         <run_address>0x178d1</run_address>
         <size>0x3d0</size>
         <input_file_ref idref="fl-18"/>
      </object_component>
      <object_component id="oc-245">
         <name>.debug_info</name>
         <load_address>0x17ca1</load_address>
         <run_address>0x17ca1</run_address>
         <size>0x91</size>
         <input_file_ref idref="fl-18"/>
      </object_component>
      <object_component id="oc-d2">
         <name>.debug_info</name>
         <load_address>0x17d32</load_address>
         <run_address>0x17d32</run_address>
         <size>0x33b</size>
         <input_file_ref idref="fl-19"/>
      </object_component>
      <object_component id="oc-cf">
         <name>.debug_info</name>
         <load_address>0x1806d</load_address>
         <run_address>0x1806d</run_address>
         <size>0xf8</size>
         <input_file_ref idref="fl-19"/>
      </object_component>
      <object_component id="oc-48">
         <name>.debug_info</name>
         <load_address>0x18165</load_address>
         <run_address>0x18165</run_address>
         <size>0x2c7</size>
         <input_file_ref idref="fl-19"/>
      </object_component>
      <object_component id="oc-176">
         <name>.debug_info</name>
         <load_address>0x1842c</load_address>
         <run_address>0x1842c</run_address>
         <size>0xb9</size>
         <input_file_ref idref="fl-19"/>
      </object_component>
      <object_component id="oc-83">
         <name>.debug_info</name>
         <load_address>0x184e5</load_address>
         <run_address>0x184e5</run_address>
         <size>0xaf1</size>
         <input_file_ref idref="fl-1a"/>
      </object_component>
      <object_component id="oc-17">
         <name>.debug_info</name>
         <load_address>0x18fd6</load_address>
         <run_address>0x18fd6</run_address>
         <size>0x134</size>
         <input_file_ref idref="fl-1c"/>
      </object_component>
      <object_component id="oc-25f">
         <name>.debug_info</name>
         <load_address>0x1910a</load_address>
         <run_address>0x1910a</run_address>
         <size>0x29f</size>
         <input_file_ref idref="fl-1f"/>
      </object_component>
      <object_component id="oc-2cf">
         <name>.debug_info</name>
         <load_address>0x193a9</load_address>
         <run_address>0x193a9</run_address>
         <size>0x242</size>
         <input_file_ref idref="fl-1f"/>
      </object_component>
      <object_component id="oc-1af">
         <name>.debug_info</name>
         <load_address>0x195eb</load_address>
         <run_address>0x195eb</run_address>
         <size>0x2af</size>
         <input_file_ref idref="fl-1f"/>
      </object_component>
      <object_component id="oc-50">
         <name>.debug_info</name>
         <load_address>0x1989a</load_address>
         <run_address>0x1989a</run_address>
         <size>0x17e</size>
         <input_file_ref idref="fl-20"/>
      </object_component>
      <object_component id="oc-107">
         <name>.debug_info</name>
         <load_address>0x19a18</load_address>
         <run_address>0x19a18</run_address>
         <size>0x49b</size>
         <input_file_ref idref="fl-22"/>
      </object_component>
      <object_component id="oc-10a">
         <name>.debug_info</name>
         <load_address>0x19eb3</load_address>
         <run_address>0x19eb3</run_address>
         <size>0x66f</size>
         <input_file_ref idref="fl-23"/>
      </object_component>
      <object_component id="oc-8e">
         <name>.debug_info</name>
         <load_address>0x1a522</load_address>
         <run_address>0x1a522</run_address>
         <size>0x3890</size>
         <input_file_ref idref="fl-23"/>
      </object_component>
      <object_component id="oc-1b">
         <name>.debug_info</name>
         <load_address>0x1ddb2</load_address>
         <run_address>0x1ddb2</run_address>
         <size>0x5e9</size>
         <input_file_ref idref="fl-24"/>
      </object_component>
      <object_component id="oc-c0">
         <name>.debug_info</name>
         <load_address>0x1e39b</load_address>
         <run_address>0x1e39b</run_address>
         <size>0x613</size>
         <input_file_ref idref="fl-25"/>
      </object_component>
      <object_component id="oc-27">
         <name>.debug_info</name>
         <load_address>0x1e9ae</load_address>
         <run_address>0x1e9ae</run_address>
         <size>0xf6</size>
         <input_file_ref idref="fl-25"/>
      </object_component>
      <object_component id="oc-55">
         <name>.debug_info</name>
         <load_address>0x1eaa4</load_address>
         <run_address>0x1eaa4</run_address>
         <size>0x578</size>
         <input_file_ref idref="fl-25"/>
      </object_component>
      <object_component id="oc-5a">
         <name>.debug_info</name>
         <load_address>0x1f01c</load_address>
         <run_address>0x1f01c</run_address>
         <size>0x241</size>
         <input_file_ref idref="fl-25"/>
      </object_component>
      <object_component id="oc-160">
         <name>.debug_info</name>
         <load_address>0x1f25d</load_address>
         <run_address>0x1f25d</run_address>
         <size>0x4f</size>
         <input_file_ref idref="fl-25"/>
      </object_component>
      <object_component id="oc-103">
         <name>.debug_info</name>
         <load_address>0x1f2ac</load_address>
         <run_address>0x1f2ac</run_address>
         <size>0x51c</size>
         <input_file_ref idref="fl-26"/>
      </object_component>
      <object_component id="oc-88">
         <name>.debug_info</name>
         <load_address>0x1f7c8</load_address>
         <run_address>0x1f7c8</run_address>
         <size>0x927</size>
         <input_file_ref idref="fl-26"/>
      </object_component>
      <object_component id="oc-11f">
         <name>.debug_info</name>
         <load_address>0x200ef</load_address>
         <run_address>0x200ef</run_address>
         <size>0x483</size>
         <input_file_ref idref="fl-2a"/>
      </object_component>
      <object_component id="oc-9a">
         <name>.debug_info</name>
         <load_address>0x20572</load_address>
         <run_address>0x20572</run_address>
         <size>0x190</size>
         <input_file_ref idref="fl-2a"/>
      </object_component>
      <object_component id="oc-1cd">
         <name>.debug_info</name>
         <load_address>0x20702</load_address>
         <run_address>0x20702</run_address>
         <size>0x39</size>
         <input_file_ref idref="fl-2a"/>
      </object_component>
      <object_component id="oc-267">
         <name>.debug_info</name>
         <load_address>0x2073b</load_address>
         <run_address>0x2073b</run_address>
         <size>0x39</size>
         <input_file_ref idref="fl-2a"/>
      </object_component>
      <object_component id="oc-1d2">
         <name>.debug_info</name>
         <load_address>0x20774</load_address>
         <run_address>0x20774</run_address>
         <size>0xcd</size>
         <input_file_ref idref="fl-2a"/>
      </object_component>
      <object_component id="oc-ea">
         <name>.debug_info</name>
         <load_address>0x20841</load_address>
         <run_address>0x20841</run_address>
         <size>0x293</size>
         <input_file_ref idref="fl-2b"/>
      </object_component>
      <object_component id="oc-4">
         <name>.debug_info</name>
         <load_address>0x20ad4</load_address>
         <run_address>0x20ad4</run_address>
         <size>0x245</size>
         <input_file_ref idref="fl-2b"/>
      </object_component>
      <object_component id="oc-60">
         <name>.debug_info</name>
         <load_address>0x20d19</load_address>
         <run_address>0x20d19</run_address>
         <size>0x60</size>
         <input_file_ref idref="fl-2b"/>
      </object_component>
      <object_component id="oc-e5">
         <name>.debug_info</name>
         <load_address>0x20d79</load_address>
         <run_address>0x20d79</run_address>
         <size>0x46</size>
         <input_file_ref idref="fl-2b"/>
      </object_component>
      <object_component id="oc-75">
         <name>.debug_info</name>
         <load_address>0x20dbf</load_address>
         <run_address>0x20dbf</run_address>
         <size>0x2d5</size>
         <input_file_ref idref="fl-2c"/>
      </object_component>
      <object_component id="oc-b">
         <name>.debug_info</name>
         <load_address>0x21094</load_address>
         <run_address>0x21094</run_address>
         <size>0x1ca</size>
         <input_file_ref idref="fl-2c"/>
      </object_component>
      <object_component id="oc-70">
         <name>.debug_info</name>
         <load_address>0x2125e</load_address>
         <run_address>0x2125e</run_address>
         <size>0x46</size>
         <input_file_ref idref="fl-2c"/>
      </object_component>
      <object_component id="oc-ec">
         <name>.debug_info</name>
         <load_address>0x212a4</load_address>
         <run_address>0x212a4</run_address>
         <size>0x2c</size>
         <input_file_ref idref="fl-2c"/>
      </object_component>
      <object_component id="oc-81">
         <name>.debug_info</name>
         <load_address>0x212d0</load_address>
         <run_address>0x212d0</run_address>
         <size>0x2c9</size>
         <input_file_ref idref="fl-2d"/>
      </object_component>
      <object_component id="oc-11">
         <name>.debug_info</name>
         <load_address>0x21599</load_address>
         <run_address>0x21599</run_address>
         <size>0x1aa</size>
         <input_file_ref idref="fl-2d"/>
      </object_component>
      <object_component id="oc-7c">
         <name>.debug_info</name>
         <load_address>0x21743</load_address>
         <run_address>0x21743</run_address>
         <size>0x46</size>
         <input_file_ref idref="fl-2d"/>
      </object_component>
      <object_component id="oc-1c9">
         <name>.debug_info</name>
         <load_address>0x21789</load_address>
         <run_address>0x21789</run_address>
         <size>0x37a</size>
         <input_file_ref idref="fl-2e"/>
      </object_component>
      <object_component id="oc-113">
         <name>.debug_info</name>
         <load_address>0x21b03</load_address>
         <run_address>0x21b03</run_address>
         <size>0x183</size>
         <input_file_ref idref="fl-2e"/>
      </object_component>
      <object_component id="oc-262">
         <name>.debug_info</name>
         <load_address>0x21c86</load_address>
         <run_address>0x21c86</run_address>
         <size>0x2c</size>
         <input_file_ref idref="fl-2e"/>
      </object_component>
      <object_component id="oc-128">
         <name>.debug_info</name>
         <load_address>0x21cb2</load_address>
         <run_address>0x21cb2</run_address>
         <size>0x3ce</size>
         <input_file_ref idref="fl-2f"/>
      </object_component>
      <object_component id="oc-122">
         <name>.debug_info</name>
         <load_address>0x22080</load_address>
         <run_address>0x22080</run_address>
         <size>0x185</size>
         <input_file_ref idref="fl-2f"/>
      </object_component>
      <object_component id="oc-a8">
         <name>.debug_info</name>
         <load_address>0x22205</load_address>
         <run_address>0x22205</run_address>
         <size>0x214</size>
         <input_file_ref idref="fl-2f"/>
      </object_component>
      <object_component id="oc-6b">
         <name>.debug_info</name>
         <load_address>0x22419</load_address>
         <run_address>0x22419</run_address>
         <size>0x111</size>
         <input_file_ref idref="fl-30"/>
      </object_component>
      <object_component id="oc-78">
         <name>.debug_info</name>
         <load_address>0x2252a</load_address>
         <run_address>0x2252a</run_address>
         <size>0x13f</size>
         <input_file_ref idref="fl-31"/>
      </object_component>
      <object_component id="oc-29d">
         <name>.debug_info</name>
         <load_address>0x22669</load_address>
         <run_address>0x22669</run_address>
         <size>0x355</size>
         <input_file_ref idref="fl-33"/>
      </object_component>
      <object_component id="oc-20f">
         <name>.debug_info</name>
         <load_address>0x229be</load_address>
         <run_address>0x229be</run_address>
         <size>0x2ef</size>
         <input_file_ref idref="fl-33"/>
      </object_component>
      <object_component id="oc-323">
         <name>.debug_info</name>
         <load_address>0x22cad</load_address>
         <run_address>0x22cad</run_address>
         <size>0x2c</size>
         <input_file_ref idref="fl-33"/>
      </object_component>
      <object_component id="oc-119">
         <name>.debug_info</name>
         <load_address>0x22cd9</load_address>
         <run_address>0x22cd9</run_address>
         <size>0x145</size>
         <input_file_ref idref="fl-34"/>
      </object_component>
      <object_component id="oc-295">
         <name>.debug_info</name>
         <load_address>0x22e1e</load_address>
         <run_address>0x22e1e</run_address>
         <size>0x28a</size>
         <input_file_ref idref="fl-35"/>
      </object_component>
      <object_component id="oc-209">
         <name>.debug_info</name>
         <load_address>0x230a8</load_address>
         <run_address>0x230a8</run_address>
         <size>0x231</size>
         <input_file_ref idref="fl-35"/>
      </object_component>
      <object_component id="oc-293">
         <name>.debug_info</name>
         <load_address>0x232d9</load_address>
         <run_address>0x232d9</run_address>
         <size>0x284</size>
         <input_file_ref idref="fl-36"/>
      </object_component>
      <object_component id="oc-201">
         <name>.debug_info</name>
         <load_address>0x2355d</load_address>
         <run_address>0x2355d</run_address>
         <size>0x22a</size>
         <input_file_ref idref="fl-36"/>
      </object_component>
      <object_component id="oc-1e1">
         <name>.debug_info</name>
         <load_address>0x23787</load_address>
         <run_address>0x23787</run_address>
         <size>0x2be</size>
         <input_file_ref idref="fl-38"/>
      </object_component>
      <object_component id="oc-125">
         <name>.debug_info</name>
         <load_address>0x23a45</load_address>
         <run_address>0x23a45</run_address>
         <size>0x113</size>
         <input_file_ref idref="fl-38"/>
      </object_component>
      <object_component id="oc-1db">
         <name>.debug_info</name>
         <load_address>0x23b58</load_address>
         <run_address>0x23b58</run_address>
         <size>0x21f</size>
         <input_file_ref idref="fl-38"/>
      </object_component>
      <object_component id="oc-318">
         <name>.debug_info</name>
         <load_address>0x23d77</load_address>
         <run_address>0x23d77</run_address>
         <size>0x524</size>
         <input_file_ref idref="fl-39"/>
      </object_component>
      <object_component id="oc-298">
         <name>.debug_info</name>
         <load_address>0x2429b</load_address>
         <run_address>0x2429b</run_address>
         <size>0x1156</size>
         <input_file_ref idref="fl-39"/>
      </object_component>
      <object_component id="oc-319">
         <name>.debug_info</name>
         <load_address>0x253f1</load_address>
         <run_address>0x253f1</run_address>
         <size>0x86</size>
         <input_file_ref idref="fl-39"/>
      </object_component>
      <object_component id="oc-361">
         <name>.debug_info</name>
         <load_address>0x25477</load_address>
         <run_address>0x25477</run_address>
         <size>0x46</size>
         <input_file_ref idref="fl-39"/>
      </object_component>
      <object_component id="oc-31e">
         <name>.debug_info</name>
         <load_address>0x254bd</load_address>
         <run_address>0x254bd</run_address>
         <size>0x39</size>
         <input_file_ref idref="fl-39"/>
      </object_component>
      <object_component id="oc-35c">
         <name>.debug_info</name>
         <load_address>0x254f6</load_address>
         <run_address>0x254f6</run_address>
         <size>0x2ae</size>
         <input_file_ref idref="fl-3a"/>
      </object_component>
      <object_component id="oc-30d">
         <name>.debug_info</name>
         <load_address>0x257a4</load_address>
         <run_address>0x257a4</run_address>
         <size>0x171</size>
         <input_file_ref idref="fl-3a"/>
      </object_component>
      <object_component id="oc-373">
         <name>.debug_info</name>
         <load_address>0x25915</load_address>
         <run_address>0x25915</run_address>
         <size>0xee</size>
         <input_file_ref idref="fl-3b"/>
      </object_component>
      <object_component id="oc-359">
         <name>.debug_info</name>
         <load_address>0x25a03</load_address>
         <run_address>0x25a03</run_address>
         <size>0xfa</size>
         <input_file_ref idref="fl-3b"/>
      </object_component>
      <object_component id="oc-343">
         <name>.debug_info</name>
         <load_address>0x25afd</load_address>
         <run_address>0x25afd</run_address>
         <size>0x2e6</size>
         <input_file_ref idref="fl-3d"/>
      </object_component>
      <object_component id="oc-2f4">
         <name>.debug_info</name>
         <load_address>0x25de3</load_address>
         <run_address>0x25de3</run_address>
         <size>0x1c2</size>
         <input_file_ref idref="fl-3d"/>
      </object_component>
      <object_component id="oc-35e">
         <name>.debug_info</name>
         <load_address>0x25fa5</load_address>
         <run_address>0x25fa5</run_address>
         <size>0x28b</size>
         <input_file_ref idref="fl-3e"/>
      </object_component>
      <object_component id="oc-312">
         <name>.debug_info</name>
         <load_address>0x26230</load_address>
         <run_address>0x26230</run_address>
         <size>0x1ab</size>
         <input_file_ref idref="fl-3e"/>
      </object_component>
      <object_component id="oc-345">
         <name>.debug_info</name>
         <load_address>0x263db</load_address>
         <run_address>0x263db</run_address>
         <size>0x2d9</size>
         <input_file_ref idref="fl-3f"/>
      </object_component>
      <object_component id="oc-2fb">
         <name>.debug_info</name>
         <load_address>0x266b4</load_address>
         <run_address>0x266b4</run_address>
         <size>0x183</size>
         <input_file_ref idref="fl-3f"/>
      </object_component>
      <object_component id="oc-346">
         <name>.debug_info</name>
         <load_address>0x26837</load_address>
         <run_address>0x26837</run_address>
         <size>0x2c</size>
         <input_file_ref idref="fl-3f"/>
      </object_component>
      <object_component id="oc-355">
         <name>.debug_info</name>
         <load_address>0x26863</load_address>
         <run_address>0x26863</run_address>
         <size>0x316</size>
         <input_file_ref idref="fl-40"/>
      </object_component>
      <object_component id="oc-302">
         <name>.debug_info</name>
         <load_address>0x26b79</load_address>
         <run_address>0x26b79</run_address>
         <size>0x1a4</size>
         <input_file_ref idref="fl-40"/>
      </object_component>
      <object_component id="oc-357">
         <name>.debug_info</name>
         <load_address>0x26d1d</load_address>
         <run_address>0x26d1d</run_address>
         <size>0x28f</size>
         <input_file_ref idref="fl-41"/>
      </object_component>
      <object_component id="oc-306">
         <name>.debug_info</name>
         <load_address>0x26fac</load_address>
         <run_address>0x26fac</run_address>
         <size>0x244</size>
         <input_file_ref idref="fl-41"/>
      </object_component>
      <object_component id="oc-2ef">
         <name>.debug_info</name>
         <load_address>0x271f0</load_address>
         <run_address>0x271f0</run_address>
         <size>0x182</size>
         <input_file_ref idref="fl-42"/>
      </object_component>
      <object_component id="oc-352">
         <name>.debug_info</name>
         <load_address>0x27372</load_address>
         <run_address>0x27372</run_address>
         <size>0xf3</size>
         <input_file_ref idref="fl-43"/>
      </object_component>
      <object_component id="oc-34c">
         <name>.debug_info</name>
         <load_address>0x27465</load_address>
         <run_address>0x27465</run_address>
         <size>0x156</size>
         <input_file_ref idref="fl-44"/>
      </object_component>
      <object_component id="oc-3d0">
         <name>.debug_info</name>
         <load_address>0x275bb</load_address>
         <run_address>0x275bb</run_address>
         <size>0x1d2</size>
      </object_component>
      <object_component id="oc-a3">
         <name>.debug_line</name>
         <load_address>0x0</load_address>
         <run_address>0x0</run_address>
         <size>0x42</size>
         <input_file_ref idref="fl-2"/>
      </object_component>
      <object_component id="oc-68">
         <name>.debug_line</name>
         <load_address>0x42</load_address>
         <run_address>0x42</run_address>
         <size>0x20</size>
         <input_file_ref idref="fl-2"/>
      </object_component>
      <object_component id="oc-250">
         <name>.debug_line</name>
         <load_address>0x62</load_address>
         <run_address>0x62</run_address>
         <size>0x70</size>
         <input_file_ref idref="fl-5"/>
      </object_component>
      <object_component id="oc-24">
         <name>.debug_line</name>
         <load_address>0xd2</load_address>
         <run_address>0xd2</run_address>
         <size>0x64</size>
         <input_file_ref idref="fl-5"/>
      </object_component>
      <object_component id="oc-18a">
         <name>.debug_line</name>
         <load_address>0x136</load_address>
         <run_address>0x136</run_address>
         <size>0x74</size>
         <input_file_ref idref="fl-5"/>
      </object_component>
      <object_component id="oc-c5">
         <name>.debug_line</name>
         <load_address>0x1aa</load_address>
         <run_address>0x1aa</run_address>
         <size>0x79</size>
         <input_file_ref idref="fl-5"/>
      </object_component>
      <object_component id="oc-16d">
         <name>.debug_line</name>
         <load_address>0x223</load_address>
         <run_address>0x223</run_address>
         <size>0x20</size>
         <input_file_ref idref="fl-5"/>
      </object_component>
      <object_component id="oc-dd">
         <name>.debug_line</name>
         <load_address>0x243</load_address>
         <run_address>0x243</run_address>
         <size>0x74</size>
         <input_file_ref idref="fl-5"/>
      </object_component>
      <object_component id="oc-168">
         <name>.debug_line</name>
         <load_address>0x2b7</load_address>
         <run_address>0x2b7</run_address>
         <size>0x65</size>
         <input_file_ref idref="fl-5"/>
      </object_component>
      <object_component id="oc-e2">
         <name>.debug_line</name>
         <load_address>0x31c</load_address>
         <run_address>0x31c</run_address>
         <size>0x77</size>
         <input_file_ref idref="fl-5"/>
      </object_component>
      <object_component id="oc-254">
         <name>.debug_line</name>
         <load_address>0x393</load_address>
         <run_address>0x393</run_address>
         <size>0x70</size>
         <input_file_ref idref="fl-5"/>
      </object_component>
      <object_component id="oc-15e">
         <name>.debug_line</name>
         <load_address>0x403</load_address>
         <run_address>0x403</run_address>
         <size>0x74</size>
         <input_file_ref idref="fl-5"/>
      </object_component>
      <object_component id="oc-b1">
         <name>.debug_line</name>
         <load_address>0x477</load_address>
         <run_address>0x477</run_address>
         <size>0x90</size>
         <input_file_ref idref="fl-6"/>
      </object_component>
      <object_component id="oc-1c7">
         <name>.debug_line</name>
         <load_address>0x507</load_address>
         <run_address>0x507</run_address>
         <size>0x70</size>
         <input_file_ref idref="fl-7"/>
      </object_component>
      <object_component id="oc-97">
         <name>.debug_line</name>
         <load_address>0x577</load_address>
         <run_address>0x577</run_address>
         <size>0x2a1</size>
         <input_file_ref idref="fl-7"/>
      </object_component>
      <object_component id="oc-2d">
         <name>.debug_line</name>
         <load_address>0x818</load_address>
         <run_address>0x818</run_address>
         <size>0x86</size>
         <input_file_ref idref="fl-7"/>
      </object_component>
      <object_component id="oc-145">
         <name>.debug_line</name>
         <load_address>0x89e</load_address>
         <run_address>0x89e</run_address>
         <size>0x74</size>
         <input_file_ref idref="fl-7"/>
      </object_component>
      <object_component id="oc-10f">
         <name>.debug_line</name>
         <load_address>0x912</load_address>
         <run_address>0x912</run_address>
         <size>0x70</size>
         <input_file_ref idref="fl-7"/>
      </object_component>
      <object_component id="oc-2b9">
         <name>.debug_line</name>
         <load_address>0x982</load_address>
         <run_address>0x982</run_address>
[...]
         <value>0x17e54</value>
         <object_component_ref idref="oc-104"/>
      </symbol>
      <symbol id="sm-6a0">
         <name>_pmuSetCountEvent_</name>
         <value>0x17e94</value>
         <object_component_ref idref="oc-104"/>
      </symbol>
      <symbol id="sm-6a1">
         <name>_pmuGetCycleCount_</name>
         <value>0x17ea0</value>
         <object_component_ref idref="oc-104"/>
      </symbol>
      <symbol id="sm-6a2">
         <name>_pmuEnableCountersGlobal_</name>
         <value>0x17e34</value>
         <object_component_ref idref="oc-104"/>
      </symbol>
      <symbol id="sm-6a3">
         <name>_pmuDisableCountersGlobal_</name>
         <value>0x17e44</value>
         <object_component_ref idref="oc-104"/>
      </symbol>
      <symbol id="sm-6a4">
         <name>_pmuStartCounters_</name>
         <value>0x17e84</value>
         <object_component_ref idref="oc-104"/>
      </symbol>
      <symbol id="sm-864">
         <name>pbistSelfCheck</name>
         <value>0x1015c</value>
         <object_component_ref idref="oc-8d"/>
      </symbol>
      <symbol id="sm-865">
         <name>fmcBus1ParityCheck</name>
         <value>0x12154</value>
         <object_component_ref idref="oc-8d"/>
      </symbol>
      <symbol id="sm-866">
         <name>can1ParityCheck</name>
         <value>0x112a0</value>
         <object_component_ref idref="oc-8d"/>
      </symbol>
      <symbol id="sm-867">
         <name>enableParity</name>
         <value>0x12960</value>
         <object_component_ref idref="oc-8d"/>
      </symbol>
      <symbol id="sm-868">
         <name>dmaParityCheck</name>
         <value>0x10d3c</value>
         <object_component_ref idref="oc-8d"/>
      </symbol>
      <symbol id="sm-869">
         <name>custom_dabort</name>
         <value>0x10c84</value>
         <object_component_ref idref="oc-8d"/>
      </symbol>
      <symbol id="sm-86a">
         <name>memoryInit</name>
         <value>0x10004</value>
         <object_component_ref idref="oc-8d"/>
      </symbol>
      <symbol id="sm-86b">
         <name>stcSelfCheck</name>
         <value>0x10048</value>
         <object_component_ref idref="oc-8d"/>
      </symbol>
      <symbol id="sm-86c">
         <name>efcGetConfigValue</name>
         <value>0x124f0</value>
         <object_component_ref idref="oc-8d"/>
      </symbol>
      <symbol id="sm-86d">
         <name>can2ParityCheck</name>
         <value>0x11378</value>
         <object_component_ref idref="oc-8d"/>
      </symbol>
      <symbol id="sm-86e">
         <name>het1ParityCheck</name>
         <value>0x10de8</value>
         <object_component_ref idref="oc-8d"/>
      </symbol>
      <symbol id="sm-86f">
         <name>adc1ParityCheck</name>
         <value>0x110fc</value>
         <object_component_ref idref="oc-8d"/>
      </symbol>
      <symbol id="sm-870">
         <name>checkefcSelfTest</name>
         <value>0x1064c</value>
         <object_component_ref idref="oc-8d"/>
      </symbol>
      <symbol id="sm-871">
         <name>checkRAMECC</name>
         <value>0x11860</value>
         <object_component_ref idref="oc-8d"/>
      </symbol>
      <symbol id="sm-872">
         <name>stcSelfCheckFail</name>
         <value>0x10c88</value>
         <object_component_ref idref="oc-8d"/>
      </symbol>
      <symbol id="sm-873">
         <name>ccmSelfCheck</name>
         <value>0xfec0</value>
         <object_component_ref idref="oc-8d"/>
      </symbol>
      <symbol id="sm-874">
         <name>efcCheck</name>
         <value>0x104f0</value>
         <object_component_ref idref="oc-8d"/>
      </symbol>
      <symbol id="sm-875">
         <name>het2ParityCheck</name>
         <value>0x10f50</value>
         <object_component_ref idref="oc-8d"/>
      </symbol>
      <symbol id="sm-876">
         <name>adc2ParityCheck</name>
         <value>0x111e8</value>
         <object_component_ref idref="oc-8d"/>
      </symbol>
      <symbol id="sm-877">
         <name>cpuSelfTest</name>
         <value>0x100c4</value>
         <object_component_ref idref="oc-8d"/>
      </symbol>
      <symbol id="sm-878">
         <name>htu1ParityCheck</name>
         <value>0x10e94</value>
         <object_component_ref idref="oc-8d"/>
      </symbol>
      <symbol id="sm-879">
         <name>checkFlashECC</name>
         <value>0x10ba8</value>
         <object_component_ref idref="oc-8d"/>
      </symbol>
      <symbol id="sm-87a">
         <name>cpuSelfTestFail</name>
         <value>0x10c8c</value>
         <object_component_ref idref="oc-8d"/>
      </symbol>
      <symbol id="sm-87b">
         <name>checkPLL1Slip</name>
         <value>0x11d1c</value>
         <object_component_ref idref="oc-8d"/>
      </symbol>
      <symbol id="sm-87c">
         <name>mibspi1ParityCheck</name>
         <value>0x11514</value>
         <object_component_ref idref="oc-8d"/>
      </symbol>
      <symbol id="sm-87d">
         <name>ccmr4GetConfigValue</name>
         <value>0x1258c</value>
         <object_component_ref idref="oc-8d"/>
      </symbol>
      <symbol id="sm-87e">
         <name>htu2ParityCheck</name>
         <value>0x1104c</value>
         <object_component_ref idref="oc-8d"/>
      </symbol>
      <symbol id="sm-87f">
         <name>pbistPortTestStatus</name>
         <value>0x10498</value>
         <object_component_ref idref="oc-8d"/>
      </symbol>
      <symbol id="sm-880">
         <name>checkFlashEEPROMECC</name>
         <value>0x11b84</value>
         <object_component_ref idref="oc-8d"/>
      </symbol>
      <symbol id="sm-881">
         <name>pbistGetConfigValue</name>
         <value>0x12300</value>
         <object_component_ref idref="oc-8d"/>
      </symbol>
      <symbol id="sm-882">
         <name>vimParityCheck</name>
         <value>0x10c90</value>
         <object_component_ref idref="oc-8d"/>
      </symbol>
      <symbol id="sm-883">
         <name>pbistIsTestCompleted</name>
         <value>0x10438</value>
         <object_component_ref idref="oc-8d"/>
      </symbol>
      <symbol id="sm-884">
         <name>disableParity</name>
         <value>0x129e8</value>
         <object_component_ref idref="oc-8d"/>
      </symbol>
      <symbol id="sm-885">
         <name>pbistRun</name>
         <value>0x1033c</value>
         <object_component_ref idref="oc-8d"/>
      </symbol>
      <symbol id="sm-886">
         <name>pbistFail</name>
         <value>0x1227c</value>
         <object_component_ref idref="oc-8d"/>
      </symbol>
      <symbol id="sm-887">
         <name>selftestFailNotification</name>
         <value>0xfeb0</value>
         <object_component_ref idref="oc-8d"/>
      </symbol>
      <symbol id="sm-888">
         <name>errata_PBIST_4</name>
         <value>0x125fc</value>
         <object_component_ref idref="oc-8d"/>
      </symbol>
      <symbol id="sm-889">
         <name>mibspi3ParityCheck</name>
         <value>0x1161c</value>
         <object_component_ref idref="oc-8d"/>
      </symbol>
      <symbol id="sm-88a">
         <name>efcSelfTest</name>
         <value>0x10624</value>
         <object_component_ref idref="oc-8d"/>
      </symbol>
      <symbol id="sm-88b">
         <name>checkB1RAMECC</name>
         <value>0x109b8</value>
         <object_component_ref idref="oc-8d"/>
      </symbol>
      <symbol id="sm-88c">
         <name>pbistStop</name>
         <value>0x10408</value>
         <object_component_ref idref="oc-8d"/>
      </symbol>
      <symbol id="sm-88d">
         <name>can3ParityCheck</name>
         <value>0x11440</value>
         <object_component_ref idref="oc-8d"/>
      </symbol>
      <symbol id="sm-88e">
         <name>checkRAMAddrParity</name>
         <value>0x11ee0</value>
         <object_component_ref idref="oc-8d"/>
      </symbol>
      <symbol id="sm-88f">
         <name>mibspi5ParityCheck</name>
         <value>0x11740</value>
         <object_component_ref idref="oc-8d"/>
      </symbol>
      <symbol id="sm-890">
         <name>checkB0RAMECC</name>
         <value>0x107c8</value>
         <object_component_ref idref="oc-8d"/>
      </symbol>
      <symbol id="sm-891">
         <name>stcGetConfigValue</name>
         <value>0x1244c</value>
         <object_component_ref idref="oc-8d"/>
      </symbol>
      <symbol id="sm-892">
         <name>pbistIsTestPassed</name>
         <value>0x10464</value>
         <object_component_ref idref="oc-8d"/>
      </symbol>
      <symbol id="sm-893">
         <name>checkClockMonitor</name>
         <value>0x11aa8</value>
         <object_component_ref idref="oc-8d"/>
      </symbol>
      <symbol id="sm-894">
         <name>fmcECCcheck</name>
         <value>0x10728</value>
         <object_component_ref idref="oc-8d"/>
      </symbol>
      <symbol id="sm-895">
         <name>fmcBus2Check</name>
         <value>0x106ec</value>
         <object_component_ref idref="oc-8d"/>
      </symbol>
      <symbol id="sm-896">
         <name>checkRAMUERRTest</name>
         <value>0x11fec</value>
         <object_component_ref idref="oc-8d"/>
      </symbol>
      <symbol id="sm-897">
         <name>efcStuckZeroTest</name>
         <value>0x10578</value>
         <object_component_ref idref="oc-8d"/>
      </symbol>
      <symbol id="sm-898">
         <name>checkPLL2Slip</name>
         <value>0x11e1c</value>
         <object_component_ref idref="oc-8d"/>
      </symbol>
      <symbol id="sm-8c0">
         <name>_c_int00</name>
         <value>0x17248</value>
         <object_component_ref idref="oc-15"/>
      </symbol>
      <symbol id="sm-971">
         <name>vimChannelMap</name>
         <value>0x14808</value>
         <object_component_ref idref="oc-54"/>
      </symbol>
      <symbol id="sm-972">
         <name>vimInit</name>
         <value>0x14734</value>
         <object_component_ref idref="oc-54"/>
      </symbol>
      <symbol id="sm-973">
         <name>vimEnableInterrupt</name>
         <value>0x148ac</value>
         <object_component_ref idref="oc-54"/>
      </symbol>
      <symbol id="sm-974">
         <name>vimDisableInterrupt</name>
         <value>0x14a74</value>
         <object_component_ref idref="oc-54"/>
      </symbol>
      <symbol id="sm-975">
         <name>vimGetConfigValue</name>
         <value>0x14b20</value>
         <object_component_ref idref="oc-54"/>
      </symbol>
      <symbol id="sm-976">
         <name>vimParityErrorHandler</name>
         <value>0x16778</value>
         <object_component_ref idref="oc-53"/>
      </symbol>
      <symbol id="sm-9d0">
         <name>systemGetConfigValue</name>
         <value>0x13f6c</value>
         <object_component_ref idref="oc-87"/>
      </symbol>
      <symbol id="sm-9d1">
         <name>trimLPO</name>
         <value>0x13c6c</value>
         <object_component_ref idref="oc-87"/>
      </symbol>
      <symbol id="sm-9d2">
         <name>systemInit</name>
         <value>0x13e70</value>
         <object_component_ref idref="oc-87"/>
      </symbol>
      <symbol id="sm-9d3">
         <name>tcmflashGetConfigValue</name>
         <value>0x14380</value>
         <object_component_ref idref="oc-87"/>
      </symbol>
      <symbol id="sm-9d4">
         <name>sramGetConfigValue</name>
         <value>0x1452c</value>
         <object_component_ref idref="oc-87"/>
      </symbol>
      <symbol id="sm-9d5">
         <name>periphInit</name>
         <value>0x13cf4</value>
         <object_component_ref idref="oc-87"/>
      </symbol>
      <symbol id="sm-9d6">
         <name>setupFlash</name>
         <value>0x13cb4</value>
         <object_component_ref idref="oc-87"/>
      </symbol>
      <symbol id="sm-9d7">
         <name>setupPLL</name>
         <value>0x13c0c</value>
         <object_component_ref idref="oc-87"/>
      </symbol>
      <symbol id="sm-9d8">
         <name>mapClocks</name>
         <value>0x13d48</value>
         <object_component_ref idref="oc-87"/>
      </symbol>
      <symbol id="sm-9d9">
         <name>systemPowerDown</name>
         <value>0x13f3c</value>
         <object_component_ref idref="oc-87"/>
      </symbol>
      <symbol id="sm-a03">
         <name>__TI_auto_init</name>
         <value>0x18269</value>
         <object_component_ref idref="oc-99"/>
      </symbol>
      <symbol id="sm-a21">
         <name>__TI_decompress_lzss</name>
         <value>0x182d9</value>
         <object_component_ref idref="oc-3"/>
      </symbol>
      <symbol id="sm-a38">
         <name>__TI_decompress_none</name>
         <value>0x185c5</value>
         <object_component_ref idref="oc-9"/>
      </symbol>
      <symbol id="sm-a4a">
         <name>__TI_zero_init</name>
         <value>0x185d3</value>
         <object_component_ref idref="oc-f"/>
      </symbol>
      <symbol id="sm-a64">
         <name>copy_in</name>
         <value>0x184f1</value>
         <object_component_ref idref="oc-112"/>
      </symbol>
      <symbol id="sm-a85">
         <name>C$$EXIT</name>
         <value>0x184a1</value>
         <object_component_ref idref="oc-a5"/>
      </symbol>
      <symbol id="sm-a86">
         <name>abort</name>
         <value>0x184a5</value>
         <object_component_ref idref="oc-a5"/>
      </symbol>
      <symbol id="sm-a87">
         <name>exit</name>
         <value>0x184ad</value>
         <object_component_ref idref="oc-a5"/>
      </symbol>
      <symbol id="sm-a88">
         <name>__TI_dtors_ptr</name>
         <value>0x18928</value>
         <object_component_ref idref="oc-121"/>
      </symbol>
      <symbol id="sm-a89">
         <name>__TI_cleanup_ptr</name>
         <value>0x18924</value>
         <object_component_ref idref="oc-121"/>
      </symbol>
      <symbol id="sm-a8a">
         <name>__TI_enable_exit_profile_output</name>
         <value>0x1892c</value>
         <object_component_ref idref="oc-121"/>
      </symbol>
      <symbol id="sm-aa5">
         <name>memcpy</name>
         <value>0x18045</value>
         <object_component_ref idref="oc-6a"/>
      </symbol>
      <symbol id="sm-aa6">
         <name>__aeabi_memcpy</name>
         <value>0x18045</value>
         <object_component_ref idref="oc-6a"/>
      </symbol>
      <symbol id="sm-aa7">
         <name>__aeabi_memcpy8</name>
         <value>0x18045</value>
         <object_component_ref idref="oc-6a"/>
      </symbol>
      <symbol id="sm-aa8">
         <name>__aeabi_memcpy4</name>
         <value>0x18045</value>
         <object_component_ref idref="oc-6a"/>
      </symbol>
      <symbol id="sm-ab7">
         <name>__aeabi_memset</name>
         <value>0x1817b</value>
         <object_component_ref idref="oc-76"/>
      </symbol>
      <symbol id="sm-ab8">
         <name>memset</name>
         <value>0x18181</value>
         <object_component_ref idref="oc-76"/>
      </symbol>
      <symbol id="sm-ab9">
         <name>__aeabi_memset8</name>
         <value>0x1817b</value>
         <object_component_ref idref="oc-76"/>
      </symbol>
      <symbol id="sm-aba">
         <name>__aeabi_memset4</name>
         <value>0x1817b</value>
         <object_component_ref idref="oc-76"/>
      </symbol>
      <symbol id="sm-abb">
         <name>__aeabi_memclr8</name>
         <value>0x18179</value>
         <object_component_ref idref="oc-76"/>
      </symbol>
      <symbol id="sm-abc">
         <name>__aeabi_memclr4</name>
         <value>0x18179</value>
         <object_component_ref idref="oc-76"/>
      </symbol>
      <symbol id="sm-abd">
         <name>__aeabi_memclr</name>
         <value>0x18179</value>
         <object_component_ref idref="oc-76"/>
      </symbol>
      <symbol id="sm-ad7">
         <name>sprintf</name>
         <value>0x18345</value>
         <object_component_ref idref="oc-20c"/>
      </symbol>
      <symbol id="sm-ae1">
         <name>_system_post_cinit</name>
         <value>0x13c0b</value>
         <object_component_ref idref="oc-118"/>
      </symbol>
      <symbol id="sm-aef">
         <name>strcpy</name>
         <value>0x185b1</value>
         <object_component_ref idref="oc-206"/>
      </symbol>
      <symbol id="sm-afd">
         <name>strlen</name>
         <value>0x18587</value>
         <object_component_ref idref="oc-200"/>
      </symbol>
      <symbol id="sm-b17">
         <name>_nop</name>
         <value>0x185ab</value>
         <object_component_ref idref="oc-1d9"/>
      </symbol>
      <symbol id="sm-b18">
         <name>_lock</name>
         <value>0x18930</value>
         <object_component_ref idref="oc-124"/>
      </symbol>
      <symbol id="sm-b19">
         <name>_unlock</name>
         <value>0x18934</value>
         <object_component_ref idref="oc-124"/>
      </symbol>
      <symbol id="sm-b1a">
         <name>_register_lock</name>
         <value>0x185a3</value>
         <object_component_ref idref="oc-1d9"/>
      </symbol>
      <symbol id="sm-b1b">
         <name>_register_unlock</name>
         <value>0x1859d</value>
         <object_component_ref idref="oc-1d9"/>
      </symbol>
      <symbol id="sm-c0f">
         <name>__TI_printfi</name>
         <value>0x13351</value>
         <object_component_ref idref="oc-296"/>
      </symbol>
      <symbol id="sm-c24">
         <name>atoi</name>
         <value>0x18451</value>
         <object_component_ref idref="oc-30b"/>
      </symbol>
      <symbol id="sm-c2f">
         <name>_ctypes_</name>
         <value>0x1880c</value>
         <object_component_ref idref="oc-358"/>
      </symbol>
      <symbol id="sm-c3f">
         <name>ltoa</name>
         <value>0x183fd</value>
         <object_component_ref idref="oc-2f3"/>
      </symbol>
      <symbol id="sm-c4f">
         <name>memccpy</name>
         <value>0x1853d</value>
         <object_component_ref idref="oc-311"/>
      </symbol>
      <symbol id="sm-c68">
         <name>frexpl</name>
         <value>0x181f5</value>
         <object_component_ref idref="oc-2f9"/>
      </symbol>
      <symbol id="sm-c69">
         <name>frexp</name>
         <value>0x181f5</value>
         <object_component_ref idref="oc-2f9"/>
      </symbol>
      <symbol id="sm-c87">
         <name>scalbn</name>
         <value>0x17c0d</value>
         <object_component_ref idref="oc-2ff"/>
      </symbol>
      <symbol id="sm-c88">
         <name>scalbnl</name>
         <value>0x17c0d</value>
         <object_component_ref idref="oc-2ff"/>
      </symbol>
      <symbol id="sm-c89">
         <name>ldexpl</name>
         <value>0x17c0d</value>
         <object_component_ref idref="oc-2ff"/>
      </symbol>
      <symbol id="sm-c8a">
         <name>ldexp</name>
         <value>0x17c0d</value>
         <object_component_ref idref="oc-2ff"/>
      </symbol>
      <symbol id="sm-c9a">
         <name>strchr</name>
         <value>0x18571</value>
         <object_component_ref idref="oc-305"/>
      </symbol>
      <symbol id="sm-cb6">
         <name>__aeabi_uldivmod</name>
         <value>0x16a44</value>
         <object_component_ref idref="oc-2ee"/>
      </symbol>
      <symbol id="sm-cbe">
         <name>errno</name>
         <value>0x18938</value>
         <object_component_ref idref="oc-351"/>
      </symbol>
      <symbol id="sm-cc8">
         <name>copysign</name>
         <value>0x18559</value>
         <object_component_ref idref="oc-34b"/>
      </symbol>
      <symbol id="sm-cc9">
         <name>copysignl</name>
         <value>0x18559</value>
         <object_component_ref idref="oc-34b"/>
      </symbol>
      <symbol id="sm-cca">
         <name>__TI_static_base__</name>
         <value>0x1c7c8</value>
      </symbol>
      <symbol id="sm-cd0">
         <name>vApplicationStackOverflowHook</name>
         <value>0x0</value>
      </symbol>
      <symbol id="sm-cd1">
         <name>SHT$$INIT_ARRAY$$Base</name>
         <value>0x0</value>
      </symbol>
      <symbol id="sm-cd2">
         <name>SHT$$INIT_ARRAY$$Limit</name>
         <value>0x0</value>
      </symbol>
   </symbol_table>
   <title>Link errors: red sections failed placement</title>
</link_info>
